Archive member included to satisfy reference by file (symbol)

c:/st/stm32cubeide_1.6.1/stm32cubeide/plugins/com.st.stm32cube.ide.mcu.externaltools.gnu-tools-for-stm32.10.3-2021.10.win32_1.0.0.202111181127/tools/bin/../lib/gcc/arm-none-eabi/10.3.1/../../../../arm-none-eabi/lib/thumb/v7e-m+fp/hard\libc_nano.a(lib_a-errno.o)
                              ./Core/Src/syscalls.o (__errno)
c:/st/stm32cubeide_1.6.1/stm32cubeide/plugins/com.st.stm32cube.ide.mcu.externaltools.gnu-tools-for-stm32.10.3-2021.10.win32_1.0.0.202111181127/tools/bin/../lib/gcc/arm-none-eabi/10.3.1/../../../../arm-none-eabi/lib/thumb/v7e-m+fp/hard\libc_nano.a(lib_a-exit.o)
                              c:/st/stm32cubeide_1.6.1/stm32cubeide/plugins/com.st.stm32cube.ide.mcu.externaltools.gnu-tools-for-stm32.10.3-2021.10.win32_1.0.0.202111181127/tools/bin/../lib/gcc/arm-none-eabi/10.3.1/../../../../arm-none-eabi/lib/thumb/v7e-m+fp/hard/crt0.o (exit)
c:/st/stm32cubeide_1.6.1/stm32cubeide/plugins/com.st.stm32cube.ide.mcu.externaltools.gnu-tools-for-stm32.10.3-2021.10.win32_1.0.0.202111181127/tools/bin/../lib/gcc/arm-none-eabi/10.3.1/../../../../arm-none-eabi/lib/thumb/v7e-m+fp/hard\libc_nano.a(lib_a-impure.o)
                              c:/st/stm32cubeide_1.6.1/stm32cubeide/plugins/com.st.stm32cube.ide.mcu.externaltools.gnu-tools-for-stm32.10.3-2021.10.win32_1.0.0.202111181127/tools/bin/../lib/gcc/arm-none-eabi/10.3.1/../../../../arm-none-eabi/lib/thumb/v7e-m+fp/hard\libc_nano.a(lib_a-exit.o) (_global_impure_ptr)
c:/st/stm32cubeide_1.6.1/stm32cubeide/plugins/com.st.stm32cube.ide.mcu.externaltools.gnu-tools-for-stm32.10.3-2021.10.win32_1.0.0.202111181127/tools/bin/../lib/gcc/arm-none-eabi/10.3.1/../../../../arm-none-eabi/lib/thumb/v7e-m+fp/hard\libc_nano.a(lib_a-init.o)
                              c:/st/stm32cubeide_1.6.1/stm32cubeide/plugins/com.st.stm32cube.ide.mcu.externaltools.gnu-tools-for-stm32.10.3-2021.10.win32_1.0.0.202111181127/tools/bin/../lib/gcc/arm-none-eabi/10.3.1/../../../../arm-none-eabi/lib/thumb/v7e-m+fp/hard/crt0.o (__libc_init_array)
c:/st/stm32cubeide_1.6.1/stm32cubeide/plugins/com.st.stm32cube.ide.mcu.externaltools.gnu-tools-for-stm32.10.3-2021.10.win32_1.0.0.202111181127/tools/bin/../lib/gcc/arm-none-eabi/10.3.1/../../../../arm-none-eabi/lib/thumb/v7e-m+fp/hard\libc_nano.a(lib_a-memcpy-stub.o)
                              ./Core/Src/main.o (memcpy)
c:/st/stm32cubeide_1.6.1/stm32cubeide/plugins/com.st.stm32cube.ide.mcu.externaltools.gnu-tools-for-stm32.10.3-2021.10.win32_1.0.0.202111181127/tools/bin/../lib/gcc/arm-none-eabi/10.3.1/../../../../arm-none-eabi/lib/thumb/v7e-m+fp/hard\libc_nano.a(lib_a-memset.o)
                              c:/st/stm32cubeide_1.6.1/stm32cubeide/plugins/com.st.stm32cube.ide.mcu.externaltools.gnu-tools-for-stm32.10.3-2021.10.win32_1.0.0.202111181127/tools/bin/../lib/gcc/arm-none-eabi/10.3.1/../../../../arm-none-eabi/lib/thumb/v7e-m+fp/hard/crt0.o (memset)
c:/st/stm32cubeide_1.6.1/stm32cubeide/plugins/com.st.stm32cube.ide.mcu.externaltools.gnu-tools-for-stm32.10.3-2021.10.win32_1.0.0.202111181127/tools/bin/../lib/gcc/arm-none-eabi/10.3.1/../../../../arm-none-eabi/lib/thumb/v7e-m+fp/hard\libc_nano.a(lib_a-snprintf.o)
                              ./Core/Src/w25qxx.o (snprintf)
c:/st/stm32cubeide_1.6.1/stm32cubeide/plugins/com.st.stm32cube.ide.mcu.externaltools.gnu-tools-for-stm32.10.3-2021.10.win32_1.0.0.202111181127/tools/bin/../lib/gcc/arm-none-eabi/10.3.1/../../../../arm-none-eabi/lib/thumb/v7e-m+fp/hard\libc_nano.a(lib_a-sprintf.o)
                              ./Core/Src/main.o (sprintf)
c:/st/stm32cubeide_1.6.1/stm32cubeide/plugins/com.st.stm32cube.ide.mcu.externaltools.gnu-tools-for-stm32.10.3-2021.10.win32_1.0.0.202111181127/tools/bin/../lib/gcc/arm-none-eabi/10.3.1/../../../../arm-none-eabi/lib/thumb/v7e-m+fp/hard\libc_nano.a(lib_a-sscanf.o)
                              ./Core/Src/main.o (sscanf)
c:/st/stm32cubeide_1.6.1/stm32cubeide/plugins/com.st.stm32cube.ide.mcu.externaltools.gnu-tools-for-stm32.10.3-2021.10.win32_1.0.0.202111181127/tools/bin/../lib/gcc/arm-none-eabi/10.3.1/../../../../arm-none-eabi/lib/thumb/v7e-m+fp/hard\libc_nano.a(lib_a-stdio.o)
                              c:/st/stm32cubeide_1.6.1/stm32cubeide/plugins/com.st.stm32cube.ide.mcu.externaltools.gnu-tools-for-stm32.10.3-2021.10.win32_1.0.0.202111181127/tools/bin/../lib/gcc/arm-none-eabi/10.3.1/../../../../arm-none-eabi/lib/thumb/v7e-m+fp/hard\libc_nano.a(lib_a-sscanf.o) (__seofread)
c:/st/stm32cubeide_1.6.1/stm32cubeide/plugins/com.st.stm32cube.ide.mcu.externaltools.gnu-tools-for-stm32.10.3-2021.10.win32_1.0.0.202111181127/tools/bin/../lib/gcc/arm-none-eabi/10.3.1/../../../../arm-none-eabi/lib/thumb/v7e-m+fp/hard\libc_nano.a(lib_a-strlen.o)
                              ./Core/Src/main.o (strlen)
[...]
Memory Configuration

Name             Origin             Length             Attributes
RAM              0x0000000020000000 0x0000000000020000 xrw
FLASH            0x0000000008000000 0x0000000000014000 xr
*default*        0x0000000000000000 0xffffffffffffffff

Linker script and memory map

LOAD c:/st/stm32cubeide_1.6.1/stm32cubeide/plugins/com.st.stm32cube.ide.mcu.externaltools.gnu-tools-for-stm32.10.3-2021.10.win32_1.0.0.202111181127/tools/bin/../lib/gcc/arm-none-eabi/10.3.1/thumb/v7e-m+fp/hard/crti.o
LOAD c:/st/stm32cubeide_1.6.1/stm32cubeide/plugins/com.st.stm32cube.ide.mcu.externaltools.gnu-tools-for-stm32.10.3-2021.10.win32_1.0.0.202111181127/tools/bin/../lib/gcc/arm-none-eabi/10.3.1/thumb/v7e-m+fp/hard/crtbegin.o
LOAD c:/st/stm32cubeide_1.6.1/stm32cubeide/plugins/com.st.stm32cube.ide.mcu.externaltools.gnu-tools-for-stm32.10.3-2021.10.win32_1.0.0.202111181127/tools/bin/../lib/gcc/arm-none-eabi/10.3.1/../../../../arm-none-eabi/lib/thumb/v7e-m+fp/hard/crt0.o
LOAD ./Core/Src/DS18B20.o
LOAD ./Core/Src/freertos.o
LOAD ./Core/Src/main.o
LOAD ./Core/Src/micro_delay.o
LOAD ./Core/Src/stm32f4xx_hal_msp.o
LOAD ./Core/Src/stm32f4xx_hal_timebase_tim.o
LOAD ./Core/Src/stm32f4xx_it.o
LOAD ./Core/Src/syscalls.o
LOAD ./Core/Src/sysmem.o
LOAD ./Core/Src/system_stm32f4xx.o
LOAD ./Core/Src/w25qxx.o
LOAD ./Core/Startup/startup_stm32f446rctx.o
LOAD ./Drivers/STM32F4xx_HAL_Driver/Src/stm32f4xx_hal.o
LOAD ./Drivers/STM32F4xx_HAL_Driver/Src/stm32f4xx_hal_cortex.o
LOAD ./Drivers/STM32F4xx_HAL_Driver/Src/stm32f4xx_hal_dma.o
LOAD ./Drivers/STM32F4xx_HAL_Driver/Src/stm32f4xx_hal_dma_ex.o
LOAD ./Drivers/STM32F4xx_HAL_Driver/Src/stm32f4xx_hal_exti.o
LOAD ./Drivers/STM32F4xx_HAL_Driver/Src/stm32f4xx_hal_flash.o
LOAD ./Drivers/STM32F4xx_HAL_Driver/Src/stm32f4xx_hal_flash_ex.o
LOAD ./Drivers/STM32F4xx_HAL_Driver/Src/stm32f4xx_hal_flash_ramfunc.o
LOAD ./Drivers/STM32F4xx_HAL_Driver/Src/stm32f4xx_hal_gpio.o
LOAD ./Drivers/STM32F4xx_HAL_Driver/Src/stm32f4xx_hal_i2c.o
LOAD ./Drivers/STM32F4xx_HAL_Driver/Src/stm32f4xx_hal_i2c_ex.o
LOAD ./Drivers/STM32F4xx_HAL_Driver/Src/stm32f4xx_hal_pwr.o
LOAD ./Drivers/STM32F4xx_HAL_Driver/Src/stm32f4xx_hal_pwr_ex.o
LOAD ./Drivers/STM32F4xx_HAL_Driver/Src/stm32f4xx_hal_rcc.o
LOAD ./Drivers/STM32F4xx_HAL_Driver/Src/stm32f4xx_hal_rcc_ex.o
LOAD ./Drivers/STM32F4xx_HAL_Driver/Src/stm32f4xx_hal_spi.o
LOAD ./Drivers/STM32F4xx_HAL_Driver/Src/stm32f4xx_hal_tim.o
LOAD ./Drivers/STM32F4xx_HAL_Driver/Src/stm32f4xx_hal_tim_ex.o
LOAD ./Drivers/STM32F4xx_HAL_Driver/Src/stm32f4xx_hal_uart.o
LOAD ./Middlewares/Third_Party/FreeRTOS/Source/CMSIS_RTOS_V2/cmsis_os2.o
LOAD ./Middlewares/Third_Party/FreeRTOS/Source/croutine.o
LOAD ./Middlewares/Third_Party/FreeRTOS/Source/event_groups.o
LOAD ./Middlewares/Third_Party/FreeRTOS/Source/list.o
LOAD ./Middlewares/Third_Party/FreeRTOS/Source/queue.o
LOAD ./Middlewares/Third_Party/FreeRTOS/Source/stream_buffer.o
LOAD ./Middlewares/Third_Party/FreeRTOS/Source/tasks.o
LOAD ./Middlewares/Third_Party/FreeRTOS/Source/timers.o
LOAD ./Middlewares/Third_Party/FreeRTOS/Source/portable/GCC/ARM_CM4F/port.o
LOAD ./Middlewares/Third_Party/FreeRTOS/Source/portable/MemMang/heap_4.o
START GROUP
LOAD c:/st/stm32cubeide_1.6.1/stm32cubeide/plugins/com.st.stm32cube.ide.mcu.externaltools.gnu-tools-for-stm32.10.3-2021.10.win32_1.0.0.202111181127/tools/bin/../lib/gcc/arm-none-eabi/10.3.1/../../../../arm-none-eabi/lib/thumb/v7e-m+fp/hard\libc_nano.a
LOAD c:/st/stm32cubeide_1.6.1/stm32cubeide/plugins/com.st.stm32cube.ide.mcu.externaltools.gnu-tools-for-stm32.10.3-2021.10.win32_1.0.0.202111181127/tools/bin/../lib/gcc/arm-none-eabi/10.3.1/../../../../arm-none-eabi/lib/thumb/v7e-m+fp/hard\libm.a
END GROUP
START GROUP
LOAD c:/st/stm32cubeide_1.6.1/stm32cubeide/plugins/com.st.stm32cube.ide.mcu.externaltools.gnu-tools-for-stm32.10.3-2021.10.win32_1.0.0.202111181127/tools/bin/../lib/gcc/arm-none-eabi/10.3.1/thumb/v7e-m+fp/hard\libgcc.a
LOAD c:/st/stm32cubeide_1.6.1/stm32cubeide/plugins/com.st.stm32cube.ide.mcu.externaltools.gnu-tools-for-stm32.10.3-2021.10.win32_1.0.0.202111181127/tools/bin/../lib/gcc/arm-none-eabi/10.3.1/../../../../arm-none-eabi/lib/thumb/v7e-m+fp/hard\libc_nano.a
END GROUP
START GROUP
LOAD c:/st/stm32cubeide_1.6.1/stm32cubeide/plugins/com.st.stm32cube.ide.mcu.externaltools.gnu-tools-for-stm32.10.3-2021.10.win32_1.0.0.202111181127/tools/bin/../lib/gcc/arm-none-eabi/10.3.1/thumb/v7e-m+fp/hard\libgcc.a
LOAD c:/st/stm32cubeide_1.6.1/stm32cubeide/plugins/com.st.stm32cube.ide.mcu.externaltools.gnu-tools-for-stm32.10.3-2021.10.win32_1.0.0.202111181127/tools/bin/../lib/gcc/arm-none-eabi/10.3.1/../../../../arm-none-eabi/lib/thumb/v7e-m+fp/hard\libc_nano.a
LOAD c:/st/stm32cubeide_1.6.1/stm32cubeide/plugins/com.st.stm32cube.ide.mcu.externaltools.gnu-tools-for-stm32.10.3-2021.10.win32_1.0.0.202111181127/tools/bin/../lib/gcc/arm-none-eabi/10.3.1/../../../../arm-none-eabi/lib/thumb/v7e-m+fp/hard\libnosys.a
END GROUP
START GROUP
LOAD c:/st/stm32cubeide_1.6.1/stm32cubeide/plugins/com.st.stm32cube.ide.mcu.externaltools.gnu-tools-for-stm32.10.3-2021.10.win32_1.0.0.202111181127/tools/bin/../lib/gcc/arm-none-eabi/10.3.1/thumb/v7e-m+fp/hard\libgcc.a
LOAD c:/st/stm32cubeide_1.6.1/stm32cubeide/plugins/com.st.stm32cube.ide.mcu.externaltools.gnu-tools-for-stm32.10.3-2021.10.win32_1.0.0.202111181127/tools/bin/../lib/gcc/arm-none-eabi/10.3.1/../../../../arm-none-eabi/lib/thumb/v7e-m+fp/hard\libc_nano.a
LOAD c:/st/stm32cubeide_1.6.1/stm32cubeide/plugins/com.st.stm32cube.ide.mcu.externaltools.gnu-tools-for-stm32.10.3-2021.10.win32_1.0.0.202111181127/tools/bin/../lib/gcc/arm-none-eabi/10.3.1/../../../../arm-none-eabi/lib/thumb/v7e-m+fp/hard\libnosys.a
END GROUP
LOAD c:/st/stm32cubeide_1.6.1/stm32cubeide/plugins/com.st.stm32cube.ide.mcu.externaltools.gnu-tools-for-stm32.10.3-2021.10.win32_1.0.0.202111181127/tools/bin/../lib/gcc/arm-none-eabi/10.3.1/thumb/v7e-m+fp/hard/crtend.o
LOAD c:/st/stm32cubeide_1.6.1/stm32cubeide/plugins/com.st.stm32cube.ide.mcu.externaltools.gnu-tools-for-stm32.10.3-2021.10.win32_1.0.0.202111181127/tools/bin/../lib/gcc/arm-none-eabi/10.3.1/thumb/v7e-m+fp/hard/crtn.o
                0x0000000020020000                _estack = (ORIGIN (RAM) + LENGTH (RAM))
                0x0000000000000200                _Min_Heap_Size = 0x200
                0x0000000000000400                _Min_Stack_Size = 0x400

.isr_vector     0x0000000008000000      0x1c4
                0x0000000008000000                . = ALIGN (0x4)
 *(.isr_vector)
 .isr_vector    0x0000000008000000      0x1c4 ./Core/Startup/startup_stm32f446rctx.o
                0x0000000008000000                g_pfnVectors
                0x00000000080001c4                . = ALIGN (0x4)

.text           0x00000000080001d0     0xcb94
                0x00000000080001d0                . = ALIGN (0x4)
 *(.text)
 .text          0x00000000080001d0       0x40 c:/st/stm32cubeide_1.6.1/stm32cubeide/plugins/com.st.stm32cube.ide.mcu.externaltools.gnu-tools-for-stm32.10.3-2021.10.win32_1.0.0.202111181127/tools/bin/../lib/gcc/arm-none-eabi/10.3.1/thumb/v7e-m+fp/hard/crtbegin.o
 .text          0x0000000008000210       0x10 c:/st/stm32cubeide_1.6.1/stm32cubeide/plugins/com.st.stm32cube.ide.mcu.externaltools.gnu-tools-for-stm32.10.3-2021.10.win32_1.0.0.202111181127/tools/bin/../lib/gcc/arm-none-eabi/10.3.1/../../../../arm-none-eabi/lib/thumb/v7e-m+fp/hard\libc_nano.a(lib_a-strlen.o)
                0x0000000008000210                strlen
 .text          0x0000000008000220       0xa0 c:/st/stm32cubeide_1.6.1/stm32cubeide/plugins/com.st.stm32cube.ide.mcu.externaltools.gnu-tools-for-stm32.10.3-2021.10.win32_1.0.0.202111181127/tools/bin/../lib/gcc/arm-none-eabi/10.3.1/../../../../arm-none-eabi/lib/thumb/v7e-m+fp/hard\libc_nano.a(lib_a-memchr.o)
                0x0000000008000220                memchr
 .text          0x00000000080002c0       0x30 c:/st/stm32cubeide_1.6.1/stm32cubeide/plugins/com.st.stm32cube.ide.mcu.externaltools.gnu-tools-for-stm32.10.3-2021.10.win32_1.0.0.202111181127/tools/bin/../lib/gcc/arm-none-eabi/10.3.1/thumb/v7e-m+fp/hard\libgcc.a(_aeabi_uldivmod.o)
                0x00000000080002c0                __aeabi_uldivmod
 .text          0x00000000080002f0      0x2d0 c:/st/stm32cubeide_1.6.1/stm32cubeide/plugins/com.st.stm32cube.ide.mcu.externaltools.gnu-tools-for-stm32.10.3-2021.10.win32_1.0.0.202111181127/tools/bin/../lib/gcc/arm-none-eabi/10.3.1/thumb/v7e-m+fp/hard\libgcc.a(_udivmoddi4.o)
                0x00000000080002f0                __udivmoddi4
 .text          0x00000000080005c0        0x4 c:/st/stm32cubeide_1.6.1/stm32cubeide/plugins/com.st.stm32cube.ide.mcu.externaltools.gnu-tools-for-stm32.10.3-2021.10.win32_1.0.0.202111181127/tools/bin/../lib/gcc/arm-none-eabi/10.3.1/thumb/v7e-m+fp/hard\libgcc.a(_dvmd_tls.o)
                0x00000000080005c0                __aeabi_idiv0
                0x00000000080005c0                __aeabi_ldiv0
 *(.text*)
 .text.main     0x00000000080005c4      0x180 ./Core/Src/main.o
                0x00000000080005c4                main
 .text.SystemClock_Config
                0x0000000008000744       0xdc ./Core/Src/main.o
                0x0000000008000744                SystemClock_Config
 .text.MX_I2C1_Init
                0x0000000008000820       0x5c ./Core/Src/main.o
 .text.MX_SPI2_Init
                0x000000000800087c       0x6c ./Core/Src/main.o
 .text.MX_USART1_UART_Init
                0x00000000080008e8       0x54 ./Core/Src/main.o
 .text.MX_USART2_UART_Init
                0x000000000800093c       0x54 ./Core/Src/main.o
 .text.MX_DMA_Init
                0x0000000008000990       0x8c ./Core/Src/main.o
 .text.MX_GPIO_Init
                0x0000000008000a1c      0x124 ./Core/Src/main.o
 .text.SPI2_Init_Master
                0x0000000008000b40       0x64 ./Core/Src/main.o
                0x0000000008000b40                SPI2_Init_Master
 .text.Make_MQTT_send_string
                0x0000000008000ba4       0x94 ./Core/Src/main.o
                0x0000000008000ba4                Make_MQTT_send_string
 .text.String_in_SIM800BuffRx
                0x0000000008000c38       0x88 ./Core/Src/main.o
                0x0000000008000c38                String_in_SIM800BuffRx
 .text.String_in_String
                0x0000000008000cc0       0x8e ./Core/Src/main.o
                0x0000000008000cc0                String_in_String
 *fill*         0x0000000008000d4e        0x2 
 .text.USER_UART_IRQHandler
                0x0000000008000d50       0xcc ./Core/Src/main.o
                0x0000000008000d50                USER_UART_IRQHandler
 .text.SIM800_Ans
                0x0000000008000e1c       0xac ./Core/Src/main.o
                0x0000000008000e1c                SIM800_Ans
 .text.StartDefaultTask
                0x0000000008000ec8       0x94 ./Core/Src/main.o
                0x0000000008000ec8                StartDefaultTask
 .text.StartGetTempTask
                0x0000000008000f5c       0x4c ./Core/Src/main.o
                0x0000000008000f5c                StartGetTempTask
 .text.StartDebugTask
                0x0000000008000fa8       0x38 ./Core/Src/main.o
                0x0000000008000fa8                StartDebugTask
 .text.StartSIM800SendTask
                0x0000000008000fe0      0x17c ./Core/Src/main.o
                0x0000000008000fe0                StartSIM800SendTask
 .text.PINGStartTask
                0x000000000800115c      0x2a0 ./Core/Src/main.o
                0x000000000800115c                PINGStartTask
 .text.StartSIM800Task
                0x00000000080013fc      0x564 ./Core/Src/main.o
                0x00000000080013fc                StartSIM800Task
 .text.StartMQTTConnectTask
                0x0000000008001960      0x598 ./Core/Src/main.o
                0x0000000008001960                StartMQTTConnectTask
 .text.StartMessHandlerTask
                0x0000000008001ef8      0x17c ./Core/Src/main.o
                0x0000000008001ef8                StartMessHandlerTask
 .text.StartGetFirmware
                0x0000000008002074      0x948 ./Core/Src/main.o
                0x0000000008002074                StartGetFirmware
 .text.CallbackPingTimer
                0x00000000080029bc       0x20 ./Core/Src/main.o
                0x00000000080029bc                CallbackPingTimer
 .text.HAL_TIM_PeriodElapsedCallback
                0x00000000080029dc       0x24 ./Core/Src/main.o
                0x00000000080029dc                HAL_TIM_PeriodElapsedCallback
 .text.Error_Handler
                0x0000000008002a00        0xa ./Core/Src/main.o
                0x0000000008002a00                Error_Handler
 *fill*         0x0000000008002a0a        0x2 
 .text.HAL_MspInit
                0x0000000008002a0c       0x58 ./Core/Src/stm32f4xx_hal_msp.o
                0x0000000008002a0c                HAL_MspInit
 .text.HAL_I2C_MspInit
                0x0000000008002a64       0x90 ./Core/Src/stm32f4xx_hal_msp.o
                0x0000000008002a64                HAL_I2C_MspInit
 .text.HAL_SPI_MspInit
                0x0000000008002af4       0x90 ./Core/Src/stm32f4xx_hal_msp.o
                0x0000000008002af4                HAL_SPI_MspInit
 .text.HAL_UART_MspInit
                0x0000000008002b84      0x2ac ./Core/Src/stm32f4xx_hal_msp.o
                0x0000000008002b84                HAL_UART_MspInit
 .text.HAL_InitTick
                0x0000000008002e30       0xb4 ./Core/Src/stm32f4xx_hal_timebase_tim.o
                0x0000000008002e30                HAL_InitTick
 .text.NMI_Handler
                0x0000000008002ee4        0x6 ./Core/Src/stm32f4xx_it.o
                0x0000000008002ee4                NMI_Handler
 .text.HardFault_Handler
                0x0000000008002eea        0x6 ./Core/Src/stm32f4xx_it.o
                0x0000000008002eea                HardFault_Handler
 .text.MemManage_Handler
                0x0000000008002ef0        0x6 ./Core/Src/stm32f4xx_it.o
                0x0000000008002ef0                MemManage_Handler
 .text.BusFault_Handler
                0x0000000008002ef6        0x6 ./Core/Src/stm32f4xx_it.o
                0x0000000008002ef6                BusFault_Handler
 .text.UsageFault_Handler
                0x0000000008002efc        0x6 ./Core/Src/stm32f4xx_it.o
                0x0000000008002efc                UsageFault_Handler
 .text.DebugMon_Handler
                0x0000000008002f02        0xe ./Core/Src/stm32f4xx_it.o
                0x0000000008002f02                DebugMon_Handler
 .text.DMA1_Stream5_IRQHandler
                0x0000000008002f10       0x14 ./Core/Src/stm32f4xx_it.o
                0x0000000008002f10                DMA1_Stream5_IRQHandler
 .text.DMA1_Stream6_IRQHandler
                0x0000000008002f24       0x14 ./Core/Src/stm32f4xx_it.o
                0x0000000008002f24                DMA1_Stream6_IRQHandler
 .text.TIM1_UP_TIM10_IRQHandler
                0x0000000008002f38       0x14 ./Core/Src/stm32f4xx_it.o
                0x0000000008002f38                TIM1_UP_TIM10_IRQHandler
 .text.USART1_IRQHandler
                0x0000000008002f4c       0x18 ./Core/Src/stm32f4xx_it.o
                0x0000000008002f4c                USART1_IRQHandler
 .text.USART2_IRQHandler
                0x0000000008002f64       0x14 ./Core/Src/stm32f4xx_it.o
                0x0000000008002f64                USART2_IRQHandler
 .text.DMA2_Stream2_IRQHandler
                0x0000000008002f78       0x14 ./Core/Src/stm32f4xx_it.o
                0x0000000008002f78                DMA2_Stream2_IRQHandler
 .text.DMA2_Stream7_IRQHandler
                0x0000000008002f8c       0x14 ./Core/Src/stm32f4xx_it.o
                0x0000000008002f8c                DMA2_Stream7_IRQHandler
 .text._sbrk    0x0000000008002fa0       0x6c ./Core/Src/sysmem.o
                0x0000000008002fa0                _sbrk
 .text.SystemInit
                0x000000000800300c       0x24 ./Core/Src/system_stm32f4xx.o
                0x000000000800300c                SystemInit
 .text.W25qxx_Spi
                0x0000000008003030       0x2c ./Core/Src/w25qxx.o
                0x0000000008003030                W25qxx_Spi
 .text.W25qxx_ReadID
                0x000000000800305c       0x70 ./Core/Src/w25qxx.o
                0x000000000800305c                W25qxx_ReadID
 .text.W25qxx_WriteEnable
                0x00000000080030cc       0x30 ./Core/Src/w25qxx.o
                0x00000000080030cc                W25qxx_WriteEnable
 .text.W25qxx_WaitForWriteEnd
                0x00000000080030fc       0x58 ./Core/Src/w25qxx.o
                0x00000000080030fc                W25qxx_WaitForWriteEnd
 .text.W25qxx_Init
                0x0000000008003154      0x4c8 ./Core/Src/w25qxx.o
                0x0000000008003154                W25qxx_Init
 .text.W25qxx_EraseSector
                0x000000000800361c       0xac ./Core/Src/w25qxx.o
                0x000000000800361c                W25qxx_EraseSector
 .text.W25qxx_WritePage
                0x00000000080036c8      0x104 ./Core/Src/w25qxx.o
                0x00000000080036c8                W25qxx_WritePage
 .text.Reset_Handler
                0x00000000080037cc       0x50 ./Core/Startup/startup_stm32f446rctx.o
                0x00000000080037cc                Reset_Handler
 .text.Default_Handler
                0x000000000800381c        0x2 ./Core/Startup/startup_stm32f446rctx.o
                0x000000000800381c                RTC_Alarm_IRQHandler
                0x000000000800381c                EXTI2_IRQHandler
                0x000000000800381c                TIM8_CC_IRQHandler
                0x000000000800381c                FMPI2C1_EV_IRQHandler
                0x000000000800381c                SPI4_IRQHandler
                0x000000000800381c                TIM1_CC_IRQHandler
                0x000000000800381c                DMA2_Stream5_IRQHandler
                0x000000000800381c                PVD_IRQHandler
                0x000000000800381c                SDIO_IRQHandler
                0x000000000800381c                TAMP_STAMP_IRQHandler
                0x000000000800381c                CAN2_RX1_IRQHandler
                0x000000000800381c                EXTI3_IRQHandler
                0x000000000800381c                TIM8_TRG_COM_TIM14_IRQHandler
                0x000000000800381c                TIM8_UP_TIM13_IRQHandler
                0x000000000800381c                I2C3_ER_IRQHandler
                0x000000000800381c                EXTI0_IRQHandler
                0x000000000800381c                I2C2_EV_IRQHandler
                0x000000000800381c                DMA1_Stream2_IRQHandler
                0x000000000800381c                CAN1_RX0_IRQHandler
                0x000000000800381c                FPU_IRQHandler
                0x000000000800381c                OTG_HS_WKUP_IRQHandler
                0x000000000800381c                CAN2_SCE_IRQHandler
                0x000000000800381c                SPI1_IRQHandler
                0x000000000800381c                TIM6_DAC_IRQHandler
                0x000000000800381c                TIM1_BRK_TIM9_IRQHandler
                0x000000000800381c                DCMI_IRQHandler
                0x000000000800381c                CAN2_RX0_IRQHandler
                0x000000000800381c                DMA2_Stream3_IRQHandler
                0x000000000800381c                SAI2_IRQHandler
                0x000000000800381c                USART6_IRQHandler
                0x000000000800381c                USART3_IRQHandler
                0x000000000800381c                CAN1_RX1_IRQHandler
                0x000000000800381c                UART5_IRQHandler
                0x000000000800381c                DMA2_Stream0_IRQHandler
                0x000000000800381c                TIM4_IRQHandler
                0x000000000800381c                QUADSPI_IRQHandler
                0x000000000800381c                I2C1_EV_IRQHandler
                0x000000000800381c                DMA1_Stream1_IRQHandler
                0x000000000800381c                UART4_IRQHandler
                0x000000000800381c                TIM3_IRQHandler
                0x000000000800381c                RCC_IRQHandler
                0x000000000800381c                TIM8_BRK_TIM12_IRQHandler
                0x000000000800381c                Default_Handler
                0x000000000800381c                CEC_IRQHandler
                0x000000000800381c                EXTI15_10_IRQHandler
                0x000000000800381c                ADC_IRQHandler
                0x000000000800381c                DMA1_Stream7_IRQHandler
                0x000000000800381c                TIM7_IRQHandler
                0x000000000800381c                CAN2_TX_IRQHandler
                0x000000000800381c                TIM5_IRQHandler
                0x000000000800381c                I2C3_EV_IRQHandler
                0x000000000800381c                EXTI9_5_IRQHandler
                0x000000000800381c                RTC_WKUP_IRQHandler
                0x000000000800381c                SPDIF_RX_IRQHandler
                0x000000000800381c                SPI2_IRQHandler
                0x000000000800381c                OTG_HS_EP1_IN_IRQHandler
                0x000000000800381c                DMA1_Stream0_IRQHandler
                0x000000000800381c                CAN1_TX_IRQHandler
                0x000000000800381c                FMPI2C1_ER_IRQHandler
                0x000000000800381c                EXTI4_IRQHandler
                0x000000000800381c                OTG_HS_EP1_OUT_IRQHandler
                0x000000000800381c                WWDG_IRQHandler
                0x000000000800381c                TIM2_IRQHandler
                0x000000000800381c                OTG_FS_WKUP_IRQHandler
                0x000000000800381c                TIM1_TRG_COM_TIM11_IRQHandler
                0x000000000800381c                OTG_HS_IRQHandler
                0x000000000800381c                EXTI1_IRQHandler
                0x000000000800381c                I2C2_ER_IRQHandler
                0x000000000800381c                DMA2_Stream1_IRQHandler
                0x000000000800381c                CAN1_SCE_IRQHandler
                0x000000000800381c                FLASH_IRQHandler
                0x000000000800381c                DMA2_Stream4_IRQHandler
                0x000000000800381c                OTG_FS_IRQHandler
                0x000000000800381c                SPI3_IRQHandler
                0x000000000800381c                DMA1_Stream4_IRQHandler
                0x000000000800381c                I2C1_ER_IRQHandler
                0x000000000800381c                FMC_IRQHandler
                0x000000000800381c                DMA2_Stream6_IRQHandler
                0x000000000800381c                SAI1_IRQHandler
                0x000000000800381c                DMA1_Stream3_IRQHandler
 *fill*         0x000000000800381e        0x2 
 .text.HAL_Init
                0x0000000008003820       0x44 ./Drivers/STM32F4xx_HAL_Driver/Src/stm32f4xx_hal.o
                0x0000000008003820                HAL_Init
 .text.HAL_IncTick
                0x0000000008003864       0x28 ./Drivers/STM32F4xx_HAL_Driver/Src/stm32f4xx_hal.o
                0x0000000008003864                HAL_IncTick
 .text.HAL_GetTick
                0x000000000800388c       0x18 ./Drivers/STM32F4xx_HAL_Driver/Src/stm32f4xx_hal.o
                0x000000000800388c                HAL_GetTick
 .text.HAL_Delay
                0x00000000080038a4       0x48 ./Drivers/STM32F4xx_HAL_Driver/Src/stm32f4xx_hal.o
                0x00000000080038a4                HAL_Delay
 .text.__NVIC_SetPriorityGrouping
                0x00000000080038ec       0x48 ./Drivers/STM32F4xx_HAL_Driver/Src/stm32f4xx_hal_cortex.o
 .text.__NVIC_GetPriorityGrouping
                0x0000000008003934       0x1c ./Drivers/STM32F4xx_HAL_Driver/Src/stm32f4xx_hal_cortex.o
 .text.__NVIC_EnableIRQ
                0x0000000008003950       0x3c ./Drivers/STM32F4xx_HAL_Driver/Src/stm32f4xx_hal_cortex.o
 .text.__NVIC_SetPriority
                0x000000000800398c       0x54 ./Drivers/STM32F4xx_HAL_Driver/Src/stm32f4xx_hal_cortex.o
 .text.NVIC_EncodePriority
                0x00000000080039e0       0x66 ./Drivers/STM32F4xx_HAL_Driver/Src/stm32f4xx_hal_cortex.o
 *fill*         0x0000000008003a46        0x2 
 .text.__NVIC_SystemReset
                0x0000000008003a48       0x2c ./Drivers/STM32F4xx_HAL_Driver/Src/stm32f4xx_hal_cortex.o
 .text.HAL_NVIC_SetPriorityGrouping
                0x0000000008003a74       0x16 ./Drivers/STM32F4xx_HAL_Driver/Src/stm32f4xx_hal_cortex.o
                0x0000000008003a74                HAL_NVIC_SetPriorityGrouping
 .text.HAL_NVIC_SetPriority
                0x0000000008003a8a       0x38 ./Drivers/STM32F4xx_HAL_Driver/Src/stm32f4xx_hal_cortex.o
                0x0000000008003a8a                HAL_NVIC_SetPriority
 .text.HAL_NVIC_EnableIRQ
                0x0000000008003ac2       0x1c ./Drivers/STM32F4xx_HAL_Driver/Src/stm32f4xx_hal_cortex.o
                0x0000000008003ac2                HAL_NVIC_EnableIRQ
 .text.HAL_NVIC_SystemReset
                0x0000000008003ade        0x8 ./Drivers/STM32F4xx_HAL_Driver/Src/stm32f4xx_hal_cortex.o
                0x0000000008003ade                HAL_NVIC_SystemReset
 *fill*         0x0000000008003ae6        0x2 
 .text.HAL_DMA_Init
                0x0000000008003ae8      0x15c ./Drivers/STM32F4xx_HAL_Driver/Src/stm32f4xx_hal_dma.o
                0x0000000008003ae8                HAL_DMA_Init
 .text.HAL_DMA_Start_IT
                0x0000000008003c44       0xb0 ./Drivers/STM32F4xx_HAL_Driver/Src/stm32f4xx_hal_dma.o
                0x0000000008003c44                HAL_DMA_Start_IT
 .text.HAL_DMA_Abort
                0x0000000008003cf4       0xe0 ./Drivers/STM32F4xx_HAL_Driver/Src/stm32f4xx_hal_dma.o
                0x0000000008003cf4                HAL_DMA_Abort
 .text.HAL_DMA_Abort_IT
                0x0000000008003dd4       0x44 ./Drivers/STM32F4xx_HAL_Driver/Src/stm32f4xx_hal_dma.o
                0x0000000008003dd4                HAL_DMA_Abort_IT
 .text.HAL_DMA_IRQHandler
                0x0000000008003e18      0x314 ./Drivers/STM32F4xx_HAL_Driver/Src/stm32f4xx_hal_dma.o
                0x0000000008003e18                HAL_DMA_IRQHandler
 .text.DMA_SetConfig
                0x000000000800412c       0x5c ./Drivers/STM32F4xx_HAL_Driver/Src/stm32f4xx_hal_dma.o
 .text.DMA_CalcBaseAndBitshift
                0x0000000008004188       0x6c ./Drivers/STM32F4xx_HAL_Driver/Src/stm32f4xx_hal_dma.o
 .text.DMA_CheckFifoParam
                0x00000000080041f4       0xf8 ./Drivers/STM32F4xx_HAL_Driver/Src/stm32f4xx_hal_dma.o
 .text.HAL_GPIO_Init
                0x00000000080042ec      0x328 ./Drivers/STM32F4xx_HAL_Driver/Src/stm32f4xx_hal_gpio.o
                0x00000000080042ec                HAL_GPIO_Init
 .text.HAL_GPIO_ReadPin
                0x0000000008004614       0x30 ./Drivers/STM32F4xx_HAL_Driver/Src/stm32f4xx_hal_gpio.o
                0x0000000008004614                HAL_GPIO_ReadPin
 .text.HAL_GPIO_WritePin
                0x0000000008004644       0x32 ./Drivers/STM32F4xx_HAL_Driver/Src/stm32f4xx_hal_gpio.o
                0x0000000008004644                HAL_GPIO_WritePin
 .text.HAL_GPIO_TogglePin
                0x0000000008004676       0x34 ./Drivers/STM32F4xx_HAL_Driver/Src/stm32f4xx_hal_gpio.o
                0x0000000008004676                HAL_GPIO_TogglePin
 *fill*         0x00000000080046aa        0x2 
 .text.HAL_I2C_Init
                0x00000000080046ac      0x288 ./Drivers/STM32F4xx_HAL_Driver/Src/stm32f4xx_hal_i2c.o
                0x00000000080046ac                HAL_I2C_Init
 .text.HAL_RCC_ClockConfig
                0x0000000008004934      0x1cc ./Drivers/STM32F4xx_HAL_Driver/Src/stm32f4xx_hal_rcc.o
                0x0000000008004934                HAL_RCC_ClockConfig
 .text.HAL_RCC_GetHCLKFreq
                0x0000000008004b00       0x18 ./Drivers/STM32F4xx_HAL_Driver/Src/stm32f4xx_hal_rcc.o
                0x0000000008004b00                HAL_RCC_GetHCLKFreq
 .text.HAL_RCC_GetPCLK1Freq
                0x0000000008004b18       0x28 ./Drivers/STM32F4xx_HAL_Driver/Src/stm32f4xx_hal_rcc.o
                0x0000000008004b18                HAL_RCC_GetPCLK1Freq
 .text.HAL_RCC_GetPCLK2Freq
                0x0000000008004b40       0x28 ./Drivers/STM32F4xx_HAL_Driver/Src/stm32f4xx_hal_rcc.o
                0x0000000008004b40                HAL_RCC_GetPCLK2Freq
 .text.HAL_RCC_GetClockConfig
                0x0000000008004b68       0x64 ./Drivers/STM32F4xx_HAL_Driver/Src/stm32f4xx_hal_rcc.o
                0x0000000008004b68                HAL_RCC_GetClockConfig
 .text.HAL_RCC_GetSysClockFreq
                0x0000000008004bcc      0x354 ./Drivers/STM32F4xx_HAL_Driver/Src/stm32f4xx_hal_rcc_ex.o
                0x0000000008004bcc                HAL_RCC_GetSysClockFreq
 .text.HAL_RCC_OscConfig
                0x0000000008004f20      0x53c ./Drivers/STM32F4xx_HAL_Driver/Src/stm32f4xx_hal_rcc_ex.o
                0x0000000008004f20                HAL_RCC_OscConfig
 .text.HAL_SPI_Init
                0x000000000800545c      0x112 ./Drivers/STM32F4xx_HAL_Driver/Src/stm32f4xx_hal_spi.o
                0x000000000800545c                HAL_SPI_Init
 .text.HAL_SPI_Transmit
                0x000000000800556e      0x278 ./Drivers/STM32F4xx_HAL_Driver/Src/stm32f4xx_hal_spi.o
                0x000000000800556e                HAL_SPI_Transmit
 .text.HAL_SPI_TransmitReceive
                0x00000000080057e6      0x344 ./Drivers/STM32F4xx_HAL_Driver/Src/stm32f4xx_hal_spi.o
                0x00000000080057e6                HAL_SPI_TransmitReceive
 *fill*         0x0000000008005b2a        0x2 
 .text.SPI_WaitFlagStateUntilTimeout
                0x0000000008005b2c      0x110 ./Drivers/STM32F4xx_HAL_Driver/Src/stm32f4xx_hal_spi.o
 .text.SPI_EndRxTxTransaction
                0x0000000008005c3c       0x84 ./Drivers/STM32F4xx_HAL_Driver/Src/stm32f4xx_hal_spi.o
 .text.HAL_TIM_Base_Init
                0x0000000008005cc0       0x9e ./Drivers/STM32F4xx_HAL_Driver/Src/stm32f4xx_hal_tim.o
                0x0000000008005cc0                HAL_TIM_Base_Init
 .text.HAL_TIM_Base_MspInit
                0x0000000008005d5e       0x14 ./Drivers/STM32F4xx_HAL_Driver/Src/stm32f4xx_hal_tim.o
                0x0000000008005d5e                HAL_TIM_Base_MspInit
 *fill*         0x0000000008005d72        0x2 
 .text.HAL_TIM_Base_Start_IT
                0x0000000008005d74       0xe0 ./Drivers/STM32F4xx_HAL_Driver/Src/stm32f4xx_hal_tim.o
                0x0000000008005d74                HAL_TIM_Base_Start_IT
 .text.HAL_TIM_IRQHandler
                0x0000000008005e54      0x210 ./Drivers/STM32F4xx_HAL_Driver/Src/stm32f4xx_hal_tim.o
                0x0000000008005e54                HAL_TIM_IRQHandler
 .text.HAL_TIM_OC_DelayElapsedCallback
                0x0000000008006064       0x14 ./Drivers/STM32F4xx_HAL_Driver/Src/stm32f4xx_hal_tim.o
                0x0000000008006064                HAL_TIM_OC_DelayElapsedCallback
 .text.HAL_TIM_IC_CaptureCallback
                0x0000000008006078       0x14 ./Drivers/STM32F4xx_HAL_Driver/Src/stm32f4xx_hal_tim.o
                0x0000000008006078                HAL_TIM_IC_CaptureCallback
 .text.HAL_TIM_PWM_PulseFinishedCallback
                0x000000000800608c       0x14 ./Drivers/STM32F4xx_HAL_Driver/Src/stm32f4xx_hal_tim.o
                0x000000000800608c                HAL_TIM_PWM_PulseFinishedCallback
 .text.HAL_TIM_TriggerCallback
                0x00000000080060a0       0x14 ./Drivers/STM32F4xx_HAL_Driver/Src/stm32f4xx_hal_tim.o
                0x00000000080060a0                HAL_TIM_TriggerCallback
 .text.TIM_Base_SetConfig
                0x00000000080060b4      0x140 ./Drivers/STM32F4xx_HAL_Driver/Src/stm32f4xx_hal_tim.o
                0x00000000080060b4                TIM_Base_SetConfig
 .text.HAL_TIMEx_CommutCallback
                0x00000000080061f4       0x14 ./Drivers/STM32F4xx_HAL_Driver/Src/stm32f4xx_hal_tim_ex.o
                0x00000000080061f4                HAL_TIMEx_CommutCallback
 .text.HAL_TIMEx_BreakCallback
                0x0000000008006208       0x14 ./Drivers/STM32F4xx_HAL_Driver/Src/stm32f4xx_hal_tim_ex.o
                0x0000000008006208                HAL_TIMEx_BreakCallback
 .text.HAL_UART_Init
                0x000000000800621c       0x9a ./Drivers/STM32F4xx_HAL_Driver/Src/stm32f4xx_hal_uart.o
                0x000000000800621c                HAL_UART_Init
 .text.HAL_UART_Transmit
                0x00000000080062b6      0x124 ./Drivers/STM32F4xx_HAL_Driver/Src/stm32f4xx_hal_uart.o
                0x00000000080062b6                HAL_UART_Transmit
 .text.HAL_UART_Transmit_IT
                0x00000000080063da       0x8a ./Drivers/STM32F4xx_HAL_Driver/Src/stm32f4xx_hal_uart.o
                0x00000000080063da                HAL_UART_Transmit_IT
 .text.HAL_UART_Transmit_DMA
                0x0000000008006464       0xfc ./Drivers/STM32F4xx_HAL_Driver/Src/stm32f4xx_hal_uart.o
                0x0000000008006464                HAL_UART_Transmit_DMA
 .text.HAL_UART_Receive_DMA
                0x0000000008006560       0x60 ./Drivers/STM32F4xx_HAL_Driver/Src/stm32f4xx_hal_uart.o
                0x0000000008006560                HAL_UART_Receive_DMA
 .text.HAL_UART_DMAStop
                0x00000000080065c0       0xfe ./Drivers/STM32F4xx_HAL_Driver/Src/stm32f4xx_hal_uart.o
                0x00000000080065c0                HAL_UART_DMAStop
 *fill*         0x00000000080066be        0x2 
 .text.HAL_UART_IRQHandler
                0x00000000080066c0      0x51c ./Drivers/STM32F4xx_HAL_Driver/Src/stm32f4xx_hal_uart.o
                0x00000000080066c0                HAL_UART_IRQHandler
 .text.HAL_UART_TxCpltCallback
                0x0000000008006bdc       0x14 ./Drivers/STM32F4xx_HAL_Driver/Src/stm32f4xx_hal_uart.o
                0x0000000008006bdc                HAL_UART_TxCpltCallback
 .text.HAL_UART_TxHalfCpltCallback
                0x0000000008006bf0       0x14 ./Drivers/STM32F4xx_HAL_Driver/Src/stm32f4xx_hal_uart.o
                0x0000000008006bf0                HAL_UART_TxHalfCpltCallback
 .text.HAL_UART_RxCpltCallback
                0x0000000008006c04       0x14 ./Drivers/STM32F4xx_HAL_Driver/Src/stm32f4xx_hal_uart.o
                0x0000000008006c04                HAL_UART_RxCpltCallback
 .text.HAL_UART_RxHalfCpltCallback
                0x0000000008006c18       0x14 ./Drivers/STM32F4xx_HAL_Driver/Src/stm32f4xx_hal_uart.o
                0x0000000008006c18                HAL_UART_RxHalfCpltCallback
 .text.HAL_UART_ErrorCallback
                0x0000000008006c2c       0x14 ./Drivers/STM32F4xx_HAL_Driver/Src/stm32f4xx_hal_uart.o
                0x0000000008006c2c                HAL_UART_ErrorCallback
 .text.HAL_UARTEx_RxEventCallback
                0x0000000008006c40       0x18 ./Drivers/STM32F4xx_HAL_Driver/Src/stm32f4xx_hal_uart.o
                0x0000000008006c40                HAL_UARTEx_RxEventCallback
 .text.UART_DMATransmitCplt
                0x0000000008006c58       0x9a ./Drivers/STM32F4xx_HAL_Driver/Src/stm32f4xx_hal_uart.o
 .text.UART_DMATxHalfCplt
                0x0000000008006cf2       0x1c ./Drivers/STM32F4xx_HAL_Driver/Src/stm32f4xx_hal_uart.o
 .text.UART_DMAReceiveCplt
                0x0000000008006d0e      0x126 ./Drivers/STM32F4xx_HAL_Driver/Src/stm32f4xx_hal_uart.o
 .text.UART_DMARxHalfCplt
                0x0000000008006e34       0x36 ./Drivers/STM32F4xx_HAL_Driver/Src/stm32f4xx_hal_uart.o
 .text.UART_DMAError
                0x0000000008006e6a       0x94 ./Drivers/STM32F4xx_HAL_Driver/Src/stm32f4xx_hal_uart.o
 .text.UART_WaitOnFlagUntilTimeout
                0x0000000008006efe       0xdc ./Drivers/STM32F4xx_HAL_Driver/Src/stm32f4xx_hal_uart.o
 *fill*         0x0000000008006fda        0x2 
 .text.UART_Start_Receive_DMA
                0x0000000008006fdc      0x134 ./Drivers/STM32F4xx_HAL_Driver/Src/stm32f4xx_hal_uart.o
                0x0000000008006fdc                UART_Start_Receive_DMA
 .text.UART_EndTxTransfer
                0x0000000008007110       0x50 ./Drivers/STM32F4xx_HAL_Driver/Src/stm32f4xx_hal_uart.o
 .text.UART_EndRxTransfer
                0x0000000008007160       0xc6 ./Drivers/STM32F4xx_HAL_Driver/Src/stm32f4xx_hal_uart.o
 .text.UART_DMAAbortOnError
                0x0000000008007226       0x28 ./Drivers/STM32F4xx_HAL_Driver/Src/stm32f4xx_hal_uart.o
 .text.UART_Transmit_IT
                0x000000000800724e       0xa0 ./Drivers/STM32F4xx_HAL_Driver/Src/stm32f4xx_hal_uart.o
 .text.UART_EndTransmit_IT
                0x00000000080072ee       0x30 ./Drivers/STM32F4xx_HAL_Driver/Src/stm32f4xx_hal_uart.o
 .text.UART_Receive_IT
                0x000000000800731e      0x176 ./Drivers/STM32F4xx_HAL_Driver/Src/stm32f4xx_hal_uart.o
 .text.UART_SetConfig
                0x0000000008007494      0x4e8 ./Drivers/STM32F4xx_HAL_Driver/Src/stm32f4xx_hal_uart.o
 .text.__NVIC_SetPriority
                0x000000000800797c       0x54 ./Middlewares/Third_Party/FreeRTOS/Source/CMSIS_RTOS_V2/cmsis_os2.o
 .text.SysTick_Handler
                0x00000000080079d0       0x20 ./Middlewares/Third_Party/FreeRTOS/Source/CMSIS_RTOS_V2/cmsis_os2.o
                0x00000000080079d0                SysTick_Handler
 .text.SVC_Setup
                0x00000000080079f0       0x12 ./Middlewares/Third_Party/FreeRTOS/Source/CMSIS_RTOS_V2/cmsis_os2.o
 *fill*         0x0000000008007a02        0x2 
 .text.osKernelInitialize
                0x0000000008007a04       0x48 ./Middlewares/Third_Party/FreeRTOS/Source/CMSIS_RTOS_V2/cmsis_os2.o
                0x0000000008007a04                osKernelInitialize
 .text.osKernelStart
                0x0000000008007a4c       0x4c ./Middlewares/Third_Party/FreeRTOS/Source/CMSIS_RTOS_V2/cmsis_os2.o
                0x0000000008007a4c                osKernelStart
 .text.osThreadNew
                0x0000000008007a98      0x124 ./Middlewares/Third_Party/FreeRTOS/Source/CMSIS_RTOS_V2/cmsis_os2.o
                0x0000000008007a98                osThreadNew
 .text.osThreadTerminate
                0x0000000008007bbc       0x5a ./Middlewares/Third_Party/FreeRTOS/Source/CMSIS_RTOS_V2/cmsis_os2.o
                0x0000000008007bbc                osThreadTerminate
 .text.osDelay  0x0000000008007c16       0x36 ./Middlewares/Third_Party/FreeRTOS/Source/CMSIS_RTOS_V2/cmsis_os2.o
                0x0000000008007c16                osDelay
 .text.TimerCallback
                0x0000000008007c4c       0x2a ./Middlewares/Third_Party/FreeRTOS/Source/CMSIS_RTOS_V2/cmsis_os2.o
 *fill*         0x0000000008007c76        0x2 
 .text.osTimerNew
                0x0000000008007c78       0xf8 ./Middlewares/Third_Party/FreeRTOS/Source/CMSIS_RTOS_V2/cmsis_os2.o
                0x0000000008007c78                osTimerNew
 .text.osTimerStart
                0x0000000008007d70       0x5c ./Middlewares/Third_Party/FreeRTOS/Source/CMSIS_RTOS_V2/cmsis_os2.o
                0x0000000008007d70                osTimerStart
 .text.osMutexNew
                0x0000000008007dcc      0x10c ./Middlewares/Third_Party/FreeRTOS/Source/CMSIS_RTOS_V2/cmsis_os2.o
                0x0000000008007dcc                osMutexNew
 .text.osMutexAcquire
                0x0000000008007ed8       0x96 ./Middlewares/Third_Party/FreeRTOS/Source/CMSIS_RTOS_V2/cmsis_os2.o
                0x0000000008007ed8                osMutexAcquire
 .text.osMutexRelease
                0x0000000008007f6e       0x7a ./Middlewares/Third_Party/FreeRTOS/Source/CMSIS_RTOS_V2/cmsis_os2.o
                0x0000000008007f6e                osMutexRelease
 .text.osSemaphoreNew
                0x0000000008007fe8      0x112 ./Middlewares/Third_Party/FreeRTOS/Source/CMSIS_RTOS_V2/cmsis_os2.o
                0x0000000008007fe8                osSemaphoreNew
 *fill*         0x00000000080080fa        0x2 
 .text.osSemaphoreAcquire
                0x00000000080080fc       0xa4 ./Middlewares/Third_Party/FreeRTOS/Source/CMSIS_RTOS_V2/cmsis_os2.o
                0x00000000080080fc                osSemaphoreAcquire
 .text.osSemaphoreRelease
                0x00000000080081a0       0x88 ./Middlewares/Third_Party/FreeRTOS/Source/CMSIS_RTOS_V2/cmsis_os2.o
                0x00000000080081a0                osSemaphoreRelease
 .text.osMessageQueueNew
                0x0000000008008228       0xe6 ./Middlewares/Third_Party/FreeRTOS/Source/CMSIS_RTOS_V2/cmsis_os2.o
                0x0000000008008228                osMessageQueueNew
 *fill*         0x000000000800830e        0x2 
 .text.osMessageQueuePut
                0x0000000008008310       0xc0 ./Middlewares/Third_Party/FreeRTOS/Source/CMSIS_RTOS_V2/cmsis_os2.o
                0x0000000008008310                osMessageQueuePut
 .text.osMessageQueueGet
                0x00000000080083d0       0xbc ./Middlewares/Third_Party/FreeRTOS/Source/CMSIS_RTOS_V2/cmsis_os2.o
                0x00000000080083d0                osMessageQueueGet
 .text.vApplicationGetIdleTaskMemory
                0x000000000800848c       0x34 ./Middlewares/Third_Party/FreeRTOS/Source/CMSIS_RTOS_V2/cmsis_os2.o
                0x000000000800848c                vApplicationGetIdleTaskMemory
 .text.vApplicationGetTimerTaskMemory
                0x00000000080084c0       0x34 ./Middlewares/Third_Party/FreeRTOS/Source/CMSIS_RTOS_V2/cmsis_os2.o
                0x00000000080084c0                vApplicationGetTimerTaskMemory
 .text.vListInitialise
                0x00000000080084f4       0x40 ./Middlewares/Third_Party/FreeRTOS/Source/list.o
                0x00000000080084f4                vListInitialise
 .text.vListInitialiseItem
                0x0000000008008534       0x1a ./Middlewares/Third_Party/FreeRTOS/Source/list.o
                0x0000000008008534                vListInitialiseItem
 .text.vListInsertEnd
                0x000000000800854e       0x48 ./Middlewares/Third_Party/FreeRTOS/Source/list.o
                0x000000000800854e                vListInsertEnd
 .text.vListInsert
                0x0000000008008596       0x72 ./Middlewares/Third_Party/FreeRTOS/Source/list.o
                0x0000000008008596                vListInsert
 .text.uxListRemove
                0x0000000008008608       0x54 ./Middlewares/Third_Party/FreeRTOS/Source/list.o
                0x0000000008008608                uxListRemove
 .text.xQueueGenericReset
                0x000000000800865c       0xd0 ./Middlewares/Third_Party/FreeRTOS/Source/queue.o
                0x000000000800865c                xQueueGenericReset
 .text.xQueueGenericCreateStatic
                0x000000000800872c       0xf0 ./Middlewares/Third_Party/FreeRTOS/Source/queue.o
                0x000000000800872c                xQueueGenericCreateStatic
 .text.xQueueGenericCreate
                0x000000000800881c       0x74 ./Middlewares/Third_Party/FreeRTOS/Source/queue.o
                0x000000000800881c                xQueueGenericCreate
 .text.prvInitialiseNewQueue
                0x0000000008008890       0x46 ./Middlewares/Third_Party/FreeRTOS/Source/queue.o
 .text.prvInitialiseMutex
                0x00000000080088d6       0x34 ./Middlewares/Third_Party/FreeRTOS/Source/queue.o
 .text.xQueueCreateMutex
                0x000000000800890a       0x30 ./Middlewares/Third_Party/FreeRTOS/Source/queue.o
                0x000000000800890a                xQueueCreateMutex
 .text.xQueueCreateMutexStatic
                0x000000000800893a       0x36 ./Middlewares/Third_Party/FreeRTOS/Source/queue.o
                0x000000000800893a                xQueueCreateMutexStatic
 .text.xQueueGiveMutexRecursive
                0x0000000008008970       0x68 ./Middlewares/Third_Party/FreeRTOS/Source/queue.o
                0x0000000008008970                xQueueGiveMutexRecursive
 .text.xQueueTakeMutexRecursive
                0x00000000080089d8       0x6c ./Middlewares/Third_Party/FreeRTOS/Source/queue.o
                0x00000000080089d8                xQueueTakeMutexRecursive
 .text.xQueueCreateCountingSemaphoreStatic
                0x0000000008008a44       0x6e ./Middlewares/Third_Party/FreeRTOS/Source/queue.o
                0x0000000008008a44                xQueueCreateCountingSemaphoreStatic
 .text.xQueueCreateCountingSemaphore
                0x0000000008008ab2       0x66 ./Middlewares/Third_Party/FreeRTOS/Source/queue.o
                0x0000000008008ab2                xQueueCreateCountingSemaphore
 .text.xQueueGenericSend
                0x0000000008008b18      0x1fc ./Middlewares/Third_Party/FreeRTOS/Source/queue.o
                0x0000000008008b18                xQueueGenericSend
 .text.xQueueGenericSendFromISR
                0x0000000008008d14      0x136 ./Middlewares/Third_Party/FreeRTOS/Source/queue.o
                0x0000000008008d14                xQueueGenericSendFromISR
 .text.xQueueGiveFromISR
                0x0000000008008e4a      0x11a ./Middlewares/Third_Party/FreeRTOS/Source/queue.o
                0x0000000008008e4a                xQueueGiveFromISR
 .text.xQueueReceive
                0x0000000008008f64      0x1c0 ./Middlewares/Third_Party/FreeRTOS/Source/queue.o
                0x0000000008008f64                xQueueReceive
 .text.xQueueSemaphoreTake
                0x0000000008009124      0x218 ./Middlewares/Third_Party/FreeRTOS/Source/queue.o
                0x0000000008009124                xQueueSemaphoreTake
 .text.xQueueReceiveFromISR
                0x000000000800933c      0x100 ./Middlewares/Third_Party/FreeRTOS/Source/queue.o
                0x000000000800933c                xQueueReceiveFromISR
 .text.vQueueDelete
                0x000000000800943c       0x46 ./Middlewares/Third_Party/FreeRTOS/Source/queue.o
                0x000000000800943c                vQueueDelete
 .text.prvGetDisinheritPriorityAfterTimeout
                0x0000000008009482       0x30 ./Middlewares/Third_Party/FreeRTOS/Source/queue.o
 .text.prvCopyDataToQueue
                0x00000000080094b2       0xd4 ./Middlewares/Third_Party/FreeRTOS/Source/queue.o
 .text.prvCopyDataFromQueue
                0x0000000008009586       0x4c ./Middlewares/Third_Party/FreeRTOS/Source/queue.o
 .text.prvUnlockQueue
                0x00000000080095d2       0xa4 ./Middlewares/Third_Party/FreeRTOS/Source/queue.o
 .text.prvIsQueueEmpty
                0x0000000008009676       0x2c ./Middlewares/Third_Party/FreeRTOS/Source/queue.o
 .text.prvIsQueueFull
                0x00000000080096a2       0x30 ./Middlewares/Third_Party/FreeRTOS/Source/queue.o
 *fill*         0x00000000080096d2        0x2 
 .text.vQueueAddToRegistry
                0x00000000080096d4       0x54 ./Middlewares/Third_Party/FreeRTOS/Source/queue.o
                0x00000000080096d4                vQueueAddToRegistry
 .text.vQueueUnregisterQueue
                0x0000000008009728       0x54 ./Middlewares/Third_Party/FreeRTOS/Source/queue.o
                0x0000000008009728                vQueueUnregisterQueue
 .text.vQueueWaitForMessageRestricted
                0x000000000800977c       0x68 ./Middlewares/Third_Party/FreeRTOS/Source/queue.o
                0x000000000800977c                vQueueWaitForMessageRestricted
 .text.xTaskCreateStatic
                0x00000000080097e4       0xba ./Middlewares/Third_Party/FreeRTOS/Source/tasks.o
                0x00000000080097e4                xTaskCreateStatic
 .text.xTaskCreate
                0x000000000800989e       0x8a ./Middlewares/Third_Party/FreeRTOS/Source/tasks.o
                0x000000000800989e                xTaskCreate
 .text.prvInitialiseNewTask
                0x0000000008009928      0x11e ./Middlewares/Third_Party/FreeRTOS/Source/tasks.o
 *fill*         0x0000000008009a46        0x2 
 .text.prvAddNewTaskToReadyList
                0x0000000008009a48       0xe0 ./Middlewares/Third_Party/FreeRTOS/Source/tasks.o
 .text.vTaskDelete
                0x0000000008009b28       0xe4 ./Middlewares/Third_Party/FreeRTOS/Source/tasks.o
                0x0000000008009b28                vTaskDelete
 .text.vTaskDelay
                0x0000000008009c0c       0x68 ./Middlewares/Third_Party/FreeRTOS/Source/tasks.o
                0x0000000008009c0c                vTaskDelay
 .text.eTaskGetState
                0x0000000008009c74       0xcc ./Middlewares/Third_Party/FreeRTOS/Source/tasks.o
                0x0000000008009c74                eTaskGetState
 .text.vTaskStartScheduler
                0x0000000008009d40       0xcc ./Middlewares/Third_Party/FreeRTOS/Source/tasks.o
                0x0000000008009d40                vTaskStartScheduler
 .text.vTaskSuspendAll
                0x0000000008009e0c       0x1c ./Middlewares/Third_Party/FreeRTOS/Source/tasks.o
                0x0000000008009e0c                vTaskSuspendAll
 .text.xTaskResumeAll
                0x0000000008009e28      0x13c ./Middlewares/Third_Party/FreeRTOS/Source/tasks.o
                0x0000000008009e28                xTaskResumeAll
 .text.xTaskGetTickCount
                0x0000000008009f64       0x20 ./Middlewares/Third_Party/FreeRTOS/Source/tasks.o
                0x0000000008009f64                xTaskGetTickCount
 .text.xTaskIncrementTick
                0x0000000008009f84      0x174 ./Middlewares/Third_Party/FreeRTOS/Source/tasks.o
                0x0000000008009f84                xTaskIncrementTick
 .text.vTaskSwitchContext
                0x000000000800a0f8       0xbc ./Middlewares/Third_Party/FreeRTOS/Source/tasks.o
                0x000000000800a0f8                vTaskSwitchContext
 .text.vTaskPlaceOnEventList
                0x000000000800a1b4       0x48 ./Middlewares/Third_Party/FreeRTOS/Source/tasks.o
                0x000000000800a1b4                vTaskPlaceOnEventList
 .text.vTaskPlaceOnEventListRestricted
                0x000000000800a1fc       0x58 ./Middlewares/Third_Party/FreeRTOS/Source/tasks.o
                0x000000000800a1fc                vTaskPlaceOnEventListRestricted
 .text.xTaskRemoveFromEventList
                0x000000000800a254       0xc8 ./Middlewares/Third_Party/FreeRTOS/Source/tasks.o
                0x000000000800a254                xTaskRemoveFromEventList
 .text.vTaskInternalSetTimeOutState
                0x000000000800a31c       0x2c ./Middlewares/Third_Party/FreeRTOS/Source/tasks.o
                0x000000000800a31c                vTaskInternalSetTimeOutState
 .text.xTaskCheckForTimeOut
                0x000000000800a348       0xc4 ./Middlewares/Third_Party/FreeRTOS/Source/tasks.o
                0x000000000800a348                xTaskCheckForTimeOut
 .text.vTaskMissedYield
                0x000000000800a40c       0x18 ./Middlewares/Third_Party/FreeRTOS/Source/tasks.o
                0x000000000800a40c                vTaskMissedYield
 .text.prvIdleTask
                0x000000000800a424       0x30 ./Middlewares/Third_Party/FreeRTOS/Source/tasks.o
 .text.prvInitialiseTaskLists
                0x000000000800a454       0x80 ./Middlewares/Third_Party/FreeRTOS/Source/tasks.o
 .text.prvCheckTasksWaitingTermination
                0x000000000800a4d4       0x5c ./Middlewares/Third_Party/FreeRTOS/Source/tasks.o
 .text.prvDeleteTCB
                0x000000000800a530       0x5e ./Middlewares/Third_Party/FreeRTOS/Source/tasks.o
 *fill*         0x000000000800a58e        0x2 
 .text.prvResetNextTaskUnblockTime
                0x000000000800a590       0x40 ./Middlewares/Third_Party/FreeRTOS/Source/tasks.o
 .text.xTaskGetCurrentTaskHandle
                0x000000000800a5d0       0x20 ./Middlewares/Third_Party/FreeRTOS/Source/tasks.o
                0x000000000800a5d0                xTaskGetCurrentTaskHandle
 .text.xTaskGetSchedulerState
                0x000000000800a5f0       0x3c ./Middlewares/Third_Party/FreeRTOS/Source/tasks.o
                0x000000000800a5f0                xTaskGetSchedulerState
 .text.xTaskPriorityInherit
                0x000000000800a62c       0xd0 ./Middlewares/Third_Party/FreeRTOS/Source/tasks.o
                0x000000000800a62c                xTaskPriorityInherit
 .text.xTaskPriorityDisinherit
                0x000000000800a6fc       0xdc ./Middlewares/Third_Party/FreeRTOS/Source/tasks.o
                0x000000000800a6fc                xTaskPriorityDisinherit
 .text.vTaskPriorityDisinheritAfterTimeout
                0x000000000800a7d8      0x104 ./Middlewares/Third_Party/FreeRTOS/Source/tasks.o
                0x000000000800a7d8                vTaskPriorityDisinheritAfterTimeout
 .text.pvTaskIncrementMutexHeldCount
                0x000000000800a8dc       0x28 ./Middlewares/Third_Party/FreeRTOS/Source/tasks.o
                0x000000000800a8dc                pvTaskIncrementMutexHeldCount
 .text.prvAddCurrentTaskToDelayedList
                0x000000000800a904       0xa8 ./Middlewares/Third_Party/FreeRTOS/Source/tasks.o
 .text.xTimerCreateTimerTask
                0x000000000800a9ac       0x90 ./Middlewares/Third_Party/FreeRTOS/Source/timers.o
                0x000000000800a9ac                xTimerCreateTimerTask
 .text.xTimerCreate
                0x000000000800aa3c       0x42 ./Middlewares/Third_Party/FreeRTOS/Source/timers.o
                0x000000000800aa3c                xTimerCreate
 .text.xTimerCreateStatic
                0x000000000800aa7e       0x7c ./Middlewares/Third_Party/FreeRTOS/Source/timers.o
                0x000000000800aa7e                xTimerCreateStatic
 .text.prvInitialiseNewTimer
                0x000000000800aafa       0x76 ./Middlewares/Third_Party/FreeRTOS/Source/timers.o
 .text.xTimerGenericCommand
                0x000000000800ab70       0x9c ./Middlewares/Third_Party/FreeRTOS/Source/timers.o
                0x000000000800ab70                xTimerGenericCommand
 .text.prvProcessExpiredTimer
                0x000000000800ac0c       0x98 ./Middlewares/Third_Party/FreeRTOS/Source/timers.o
 .text.prvTimerTask
                0x000000000800aca4       0x24 ./Middlewares/Third_Party/FreeRTOS/Source/timers.o
 .text.prvProcessTimerOrBlockTask
                0x000000000800acc8       0x9c ./Middlewares/Third_Party/FreeRTOS/Source/timers.o
 .text.prvGetNextExpireTime
                0x000000000800ad64       0x48 ./Middlewares/Third_Party/FreeRTOS/Source/timers.o
 .text.prvSampleTimeNow
                0x000000000800adac       0x40 ./Middlewares/Third_Party/FreeRTOS/Source/timers.o
 .text.prvInsertTimerInActiveList
                0x000000000800adec       0x84 ./Middlewares/Third_Party/FreeRTOS/Source/timers.o
 .text.prvProcessReceivedCommands
                0x000000000800ae70      0x1c4 ./Middlewares/Third_Party/FreeRTOS/Source/timers.o
 .text.prvSwitchTimerLists
                0x000000000800b034       0xc8 ./Middlewares/Third_Party/FreeRTOS/Source/timers.o
 .text.prvCheckForValidListAndQueue
                0x000000000800b0fc       0x80 ./Middlewares/Third_Party/FreeRTOS/Source/timers.o
 .text.pvTimerGetTimerID
                0x000000000800b17c       0x40 ./Middlewares/Third_Party/FreeRTOS/Source/timers.o
                0x000000000800b17c                pvTimerGetTimerID
 .text.pxPortInitialiseStack
                0x000000000800b1bc       0x68 ./Middlewares/Third_Party/FreeRTOS/Source/portable/GCC/ARM_CM4F/port.o
                0x000000000800b1bc                pxPortInitialiseStack
 .text.prvTaskExitError
                0x000000000800b224       0x58 ./Middlewares/Third_Party/FreeRTOS/Source/portable/GCC/ARM_CM4F/port.o
 *fill*         0x000000000800b27c        0x4 
 .text.SVC_Handler
                0x000000000800b280       0x28 ./Middlewares/Third_Party/FreeRTOS/Source/portable/GCC/ARM_CM4F/port.o
                0x000000000800b280                SVC_Handler
 .text.prvPortStartFirstTask
                0x000000000800b2a8       0x28 ./Middlewares/Third_Party/FreeRTOS/Source/portable/GCC/ARM_CM4F/port.o
 .text.xPortStartScheduler
                0x000000000800b2d0      0x144 ./Middlewares/Third_Party/FreeRTOS/Source/portable/GCC/ARM_CM4F/port.o
                0x000000000800b2d0                xPortStartScheduler
 .text.vPortEnterCritical
                0x000000000800b414       0x60 ./Middlewares/Third_Party/FreeRTOS/Source/portable/GCC/ARM_CM4F/port.o
                0x000000000800b414                vPortEnterCritical
 .text.vPortExitCritical
                0x000000000800b474       0x54 ./Middlewares/Third_Party/FreeRTOS/Source/portable/GCC/ARM_CM4F/port.o
                0x000000000800b474                vPortExitCritical
 *fill*         0x000000000800b4c8        0x8 
 .text.PendSV_Handler
                0x000000000800b4d0       0x68 ./Middlewares/Third_Party/FreeRTOS/Source/portable/GCC/ARM_CM4F/port.o
                0x000000000800b4d0                PendSV_Handler
 .text.xPortSysTickHandler
                0x000000000800b538       0x44 ./Middlewares/Third_Party/FreeRTOS/Source/portable/GCC/ARM_CM4F/port.o
                0x000000000800b538                xPortSysTickHandler
 .text.vPortSetupTimerInterrupt
                0x000000000800b57c       0x48 ./Middlewares/Third_Party/FreeRTOS/Source/portable/GCC/ARM_CM4F/port.o
                0x000000000800b57c                vPortSetupTimerInterrupt
 .text.vPortEnableVFP
                0x000000000800b5c4       0x14 ./Middlewares/Third_Party/FreeRTOS/Source/portable/GCC/ARM_CM4F/port.o
 .text.vPortValidateInterruptPriority
                0x000000000800b5d8       0x80 ./Middlewares/Third_Party/FreeRTOS/Source/portable/GCC/ARM_CM4F/port.o
                0x000000000800b5d8                vPortValidateInterruptPriority
 .text.pvPortMalloc
                0x000000000800b658      0x198 ./Middlewares/Third_Party/FreeRTOS/Source/portable/MemMang/heap_4.o
                0x000000000800b658                pvPortMalloc
 .text.vPortFree
                0x000000000800b7f0       0xc4 ./Middlewares/Third_Party/FreeRTOS/Source/portable/MemMang/heap_4.o
                0x000000000800b7f0                vPortFree
 .text.prvHeapInit
                0x000000000800b8b4       0xc4 ./Middlewares/Third_Party/FreeRTOS/Source/portable/MemMang/heap_4.o
 .text.prvInsertBlockIntoFreeList
                0x000000000800b978       0xb4 ./Middlewares/Third_Party/FreeRTOS/Source/portable/MemMang/heap_4.o
 .text.__errno  0x000000000800ba2c        0xc c:/st/stm32cubeide_1.6.1/stm32cubeide/plugins/com.st.stm32cube.ide.mcu.externaltools.gnu-tools-for-stm32.10.3-2021.10.win32_1.0.0.202111181127/tools/bin/../lib/gcc/arm-none-eabi/10.3.1/../../../../arm-none-eabi/lib/thumb/v7e-m+fp/hard\libc_nano.a(lib_a-errno.o)
                0x000000000800ba2c                __errno
 .text.__libc_init_array
                0x000000000800ba38       0x48 c:/st/stm32cubeide_1.6.1/stm32cubeide/plugins/com.st.stm32cube.ide.mcu.externaltools.gnu-tools-for-stm32.10.3-2021.10.win32_1.0.0.202111181127/tools/bin/../lib/gcc/arm-none-eabi/10.3.1/../../../../arm-none-eabi/lib/thumb/v7e-m+fp/hard\libc_nano.a(lib_a-init.o)
                0x000000000800ba38                __libc_init_array
 .text.memcpy   0x000000000800ba80       0x1c c:/st/stm32cubeide_1.6.1/stm32cubeide/plugins/com.st.stm32cube.ide.mcu.externaltools.gnu-tools-for-stm32.10.3-2021.10.win32_1.0.0.202111181127/tools/bin/../lib/gcc/arm-none-eabi/10.3.1/../../../../arm-none-eabi/lib/thumb/v7e-m+fp/hard\libc_nano.a(lib_a-memcpy-stub.o)
                0x000000000800ba80                memcpy
 .text.memset   0x000000000800ba9c       0x10 c:/st/stm32cubeide_1.6.1/stm32cubeide/plugins/com.st.stm32cube.ide.mcu.externaltools.gnu-tools-for-stm32.10.3-2021.10.win32_1.0.0.202111181127/tools/bin/../lib/gcc/arm-none-eabi/10.3.1/../../../../arm-none-eabi/lib/thumb/v7e-m+fp/hard\libc_nano.a(lib_a-memset.o)
                0x000000000800ba9c                memset
 .text.snprintf
                0x000000000800baac       0x68 c:/st/stm32cubeide_1.6.1/stm32cubeide/plugins/com.st.stm32cube.ide.mcu.externaltools.gnu-tools-for-stm32.10.3-2021.10.win32_1.0.0.202111181127/tools/bin/../lib/gcc/arm-none-eabi/10.3.1/../../../../arm-none-eabi/lib/thumb/v7e-m+fp/hard\libc_nano.a(lib_a-snprintf.o)
                0x000000000800baac                sniprintf
                0x000000000800baac                snprintf
 .text.sprintf  0x000000000800bb14       0x40 c:/st/stm32cubeide_1.6.1/stm32cubeide/plugins/com.st.stm32cube.ide.mcu.externaltools.gnu-tools-for-stm32.10.3-2021.10.win32_1.0.0.202111181127/tools/bin/../lib/gcc/arm-none-eabi/10.3.1/../../../../arm-none-eabi/lib/thumb/v7e-m+fp/hard\libc_nano.a(lib_a-sprintf.o)
                0x000000000800bb14                siprintf
                0x000000000800bb14                sprintf
 .text.sscanf   0x000000000800bb54       0x58 c:/st/stm32cubeide_1.6.1/stm32cubeide/plugins/com.st.stm32cube.ide.mcu.externaltools.gnu-tools-for-stm32.10.3-2021.10.win32_1.0.0.202111181127/tools/bin/../lib/gcc/arm-none-eabi/10.3.1/../../../../arm-none-eabi/lib/thumb/v7e-m+fp/hard\libc_nano.a(lib_a-sscanf.o)
                0x000000000800bb54                siscanf
                0x000000000800bb54                sscanf
 .text.__seofread
                0x000000000800bbac        0x4 c:/st/stm32cubeide_1.6.1/stm32cubeide/plugins/com.st.stm32cube.ide.mcu.externaltools.gnu-tools-for-stm32.10.3-2021.10.win32_1.0.0.202111181127/tools/bin/../lib/gcc/arm-none-eabi/10.3.1/../../../../arm-none-eabi/lib/thumb/v7e-m+fp/hard\libc_nano.a(lib_a-stdio.o)
                0x000000000800bbac                __seofread
 .text.__ssputs_r
                0x000000000800bbb0       0xb6 c:/st/stm32cubeide_1.6.1/stm32cubeide/plugins/com.st.stm32cube.ide.mcu.externaltools.gnu-tools-for-stm32.10.3-2021.10.win32_1.0.0.202111181127/tools/bin/../lib/gcc/arm-none-eabi/10.3.1/../../../../arm-none-eabi/lib/thumb/v7e-m+fp/hard\libc_nano.a(lib_a-nano-svfprintf.o)
                0x000000000800bbb0                __ssputs_r
 *fill*         0x000000000800bc66        0x2 
 .text._svfprintf_r
                0x000000000800bc68      0x200 c:/st/stm32cubeide_1.6.1/stm32cubeide/plugins/com.st.stm32cube.ide.mcu.externaltools.gnu-tools-for-stm32.10.3-2021.10.win32_1.0.0.202111181127/tools/bin/../lib/gcc/arm-none-eabi/10.3.1/../../../../arm-none-eabi/lib/thumb/v7e-m+fp/hard\libc_nano.a(lib_a-nano-svfprintf.o)
                0x000000000800bc68                _svfiprintf_r
                0x000000000800bc68                _svfprintf_r
 .text._sungetc_r
                0x000000000800be68       0x7a c:/st/stm32cubeide_1.6.1/stm32cubeide/plugins/com.st.stm32cube.ide.mcu.externaltools.gnu-tools-for-stm32.10.3-2021.10.win32_1.0.0.202111181127/tools/bin/../lib/gcc/arm-none-eabi/10.3.1/../../../../arm-none-eabi/lib/thumb/v7e-m+fp/hard\libc_nano.a(lib_a-nano-svfscanf.o)
                0x000000000800be68                _sungetc_r
 .text.__ssrefill_r
                0x000000000800bee2       0x3a c:/st/stm32cubeide_1.6.1/stm32cubeide/plugins/com.st.stm32cube.ide.mcu.externaltools.gnu-tools-for-stm32.10.3-2021.10.win32_1.0.0.202111181127/tools/bin/../lib/gcc/arm-none-eabi/10.3.1/../../../../arm-none-eabi/lib/thumb/v7e-m+fp/hard\libc_nano.a(lib_a-nano-svfscanf.o)
                0x000000000800bee2                __ssrefill_r
 .text.__ssvfscanf_r
                0x000000000800bf1c      0x2f0 c:/st/stm32cubeide_1.6.1/stm32cubeide/plugins/com.st.stm32cube.ide.mcu.externaltools.gnu-tools-for-stm32.10.3-2021.10.win32_1.0.0.202111181127/tools/bin/../lib/gcc/arm-none-eabi/10.3.1/../../../../arm-none-eabi/lib/thumb/v7e-m+fp/hard\libc_nano.a(lib_a-nano-svfscanf.o)
                0x000000000800bf1c                __ssvfiscanf_r
                0x000000000800bf1c                __ssvfscanf_r
 .text._printf_common
                0x000000000800c20c       0xda c:/st/stm32cubeide_1.6.1/stm32cubeide/plugins/com.st.stm32cube.ide.mcu.externaltools.gnu-tools-for-stm32.10.3-2021.10.win32_1.0.0.202111181127/tools/bin/../lib/gcc/arm-none-eabi/10.3.1/../../../../arm-none-eabi/lib/thumb/v7e-m+fp/hard\libc_nano.a(lib_a-nano-vfprintf_i.o)
                0x000000000800c20c                _printf_common
 *fill*         0x000000000800c2e6        0x2 
 .text._printf_i
                0x000000000800c2e8      0x24c c:/st/stm32cubeide_1.6.1/stm32cubeide/plugins/com.st.stm32cube.ide.mcu.externaltools.gnu-tools-for-stm32.10.3-2021.10.win32_1.0.0.202111181127/tools/bin/../lib/gcc/arm-none-eabi/10.3.1/../../../../arm-none-eabi/lib/thumb/v7e-m+fp/hard\libc_nano.a(lib_a-nano-vfprintf_i.o)
                0x000000000800c2e8                _printf_i
 .text._scanf_chars
                0x000000000800c534       0xb4 c:/st/stm32cubeide_1.6.1/stm32cubeide/plugins/com.st.stm32cube.ide.mcu.externaltools.gnu-tools-for-stm32.10.3-2021.10.win32_1.0.0.202111181127/tools/bin/../lib/gcc/arm-none-eabi/10.3.1/../../../../arm-none-eabi/lib/thumb/v7e-m+fp/hard\libc_nano.a(lib_a-nano-vfscanf_i.o)
                0x000000000800c534                _scanf_chars
 .text._scanf_i
                0x000000000800c5e8      0x1f0 c:/st/stm32cubeide_1.6.1/stm32cubeide/plugins/com.st.stm32cube.ide.mcu.externaltools.gnu-tools-for-stm32.10.3-2021.10.win32_1.0.0.202111181127/tools/bin/../lib/gcc/arm-none-eabi/10.3.1/../../../../arm-none-eabi/lib/thumb/v7e-m+fp/hard\libc_nano.a(lib_a-nano-vfscanf_i.o)
                0x000000000800c5e8                _scanf_i
 .text.__sccl   0x000000000800c7d8       0x70 c:/st/stm32cubeide_1.6.1/stm32cubeide/plugins/com.st.stm32cube.ide.mcu.externaltools.gnu-tools-for-stm32.10.3-2021.10.win32_1.0.0.202111181127/tools/bin/../lib/gcc/arm-none-eabi/10.3.1/../../../../arm-none-eabi/lib/thumb/v7e-m+fp/hard\libc_nano.a(lib_a-sccl.o)
                0x000000000800c7d8                __sccl
 .text._strtol_l.constprop.0
                0x000000000800c848      0x104 c:/st/stm32cubeide_1.6.1/stm32cubeide/plugins/com.st.stm32cube.ide.mcu.externaltools.gnu-tools-for-stm32.10.3-2021.10.win32_1.0.0.202111181127/tools/bin/../lib/gcc/arm-none-eabi/10.3.1/../../../../arm-none-eabi/lib/thumb/v7e-m+fp/hard\libc_nano.a(lib_a-strtol.o)
 .text._strtol_r
                0x000000000800c94c        0x4 c:/st/stm32cubeide_1.6.1/stm32cubeide/plugins/com.st.stm32cube.ide.mcu.externaltools.gnu-tools-for-stm32.10.3-2021.10.win32_1.0.0.202111181127/tools/bin/../lib/gcc/arm-none-eabi/10.3.1/../../../../arm-none-eabi/lib/thumb/v7e-m+fp/hard\libc_nano.a(lib_a-strtol.o)
                0x000000000800c94c                _strtol_r
 .text._strtoul_l.constprop.0
                0x000000000800c950       0xe4 c:/st/stm32cubeide_1.6.1/stm32cubeide/plugins/com.st.stm32cube.ide.mcu.externaltools.gnu-tools-for-stm32.10.3-2021.10.win32_1.0.0.202111181127/tools/bin/../lib/gcc/arm-none-eabi/10.3.1/../../../../arm-none-eabi/lib/thumb/v7e-m+fp/hard\libc_nano.a(lib_a-strtoul.o)
 .text._strtoul_r
                0x000000000800ca34        0x4 c:/st/stm32cubeide_1.6.1/stm32cubeide/plugins/com.st.stm32cube.ide.mcu.externaltools.gnu-tools-for-stm32.10.3-2021.10.win32_1.0.0.202111181127/tools/bin/../lib/gcc/arm-none-eabi/10.3.1/../../../../arm-none-eabi/lib/thumb/v7e-m+fp/hard\libc_nano.a(lib_a-strtoul.o)
                0x000000000800ca34                _strtoul_r
 .text.__submore
                0x000000000800ca38       0x74 c:/st/stm32cubeide_1.6.1/stm32cubeide/plugins/com.st.stm32cube.ide.mcu.externaltools.gnu-tools-for-stm32.10.3-2021.10.win32_1.0.0.202111181127/tools/bin/../lib/gcc/arm-none-eabi/10.3.1/../../../../arm-none-eabi/lib/thumb/v7e-m+fp/hard\libc_nano.a(lib_a-ungetc.o)
                0x000000000800ca38                __submore
 .text.__retarget_lock_acquire_recursive
                0x000000000800caac        0x2 c:/st/stm32cubeide_1.6.1/stm32cubeide/plugins/com.st.stm32cube.ide.mcu.externaltools.gnu-tools-for-stm32.10.3-2021.10.win32_1.0.0.202111181127/tools/bin/../lib/gcc/arm-none-eabi/10.3.1/../../../../arm-none-eabi/lib/thumb/v7e-m+fp/hard\libc_nano.a(lib_a-lock.o)
                0x000000000800caac                __retarget_lock_acquire_recursive
 .text.__retarget_lock_release_recursive
                0x000000000800caae        0x2 c:/st/stm32cubeide_1.6.1/stm32cubeide/plugins/com.st.stm32cube.ide.mcu.externaltools.gnu-tools-for-stm32.10.3-2021.10.win32_1.0.0.202111181127/tools/bin/../lib/gcc/arm-none-eabi/10.3.1/../../../../arm-none-eabi/lib/thumb/v7e-m+fp/hard\libc_nano.a(lib_a-lock.o)
                0x000000000800caae                __retarget_lock_release_recursive
 .text.memmove  0x000000000800cab0       0x34 c:/st/stm32cubeide_1.6.1/stm32cubeide/plugins/com.st.stm32cube.ide.mcu.externaltools.gnu-tools-for-stm32.10.3-2021.10.win32_1.0.0.202111181127/tools/bin/../lib/gcc/arm-none-eabi/10.3.1/../../../../arm-none-eabi/lib/thumb/v7e-m+fp/hard\libc_nano.a(lib_a-memmove.o)
                0x000000000800cab0                memmove
 .text._free_r  0x000000000800cae4       0x98 c:/st/stm32cubeide_1.6.1/stm32cubeide/plugins/com.st.stm32cube.ide.mcu.externaltools.gnu-tools-for-stm32.10.3-2021.10.win32_1.0.0.202111181127/tools/bin/../lib/gcc/arm-none-eabi/10.3.1/../../../../arm-none-eabi/lib/thumb/v7e-m+fp/hard\libc_nano.a(lib_a-nano-freer.o)
                0x000000000800cae4                _free_r
 .text.sbrk_aligned
                0x000000000800cb7c       0x40 c:/st/stm32cubeide_1.6.1/stm32cubeide/plugins/com.st.stm32cube.ide.mcu.externaltools.gnu-tools-for-stm32.10.3-2021.10.win32_1.0.0.202111181127/tools/bin/../lib/gcc/arm-none-eabi/10.3.1/../../../../arm-none-eabi/lib/thumb/v7e-m+fp/hard\libc_nano.a(lib_a-nano-mallocr.o)
 .text._malloc_r
                0x000000000800cbbc       0xe8 c:/st/stm32cubeide_1.6.1/stm32cubeide/plugins/com.st.stm32cube.ide.mcu.externaltools.gnu-tools-for-stm32.10.3-2021.10.win32_1.0.0.202111181127/tools/bin/../lib/gcc/arm-none-eabi/10.3.1/../../../../arm-none-eabi/lib/thumb/v7e-m+fp/hard\libc_nano.a(lib_a-nano-mallocr.o)
                0x000000000800cbbc                _malloc_r
 .text._realloc_r
                0x000000000800cca4       0x5e c:/st/stm32cubeide_1.6.1/stm32cubeide/plugins/com.st.stm32cube.ide.mcu.externaltools.gnu-tools-for-stm32.10.3-2021.10.win32_1.0.0.202111181127/tools/bin/../lib/gcc/arm-none-eabi/10.3.1/../../../../arm-none-eabi/lib/thumb/v7e-m+fp/hard\libc_nano.a(lib_a-nano-reallocr.o)
                0x000000000800cca4                _realloc_r
 *fill*         0x000000000800cd02        0x2 
 .text._sbrk_r  0x000000000800cd04       0x20 c:/st/stm32cubeide_1.6.1/stm32cubeide/plugins/com.st.stm32cube.ide.mcu.externaltools.gnu-tools-for-stm32.10.3-2021.10.win32_1.0.0.202111181127/tools/bin/../lib/gcc/arm-none-eabi/10.3.1/../../../../arm-none-eabi/lib/thumb/v7e-m+fp/hard\libc_nano.a(lib_a-sbrkr.o)
                0x000000000800cd04                _sbrk_r
 .text.__malloc_lock
                0x000000000800cd24        0xc c:/st/stm32cubeide_1.6.1/stm32cubeide/plugins/com.st.stm32cube.ide.mcu.externaltools.gnu-tools-for-stm32.10.3-2021.10.win32_1.0.0.202111181127/tools/bin/../lib/gcc/arm-none-eabi/10.3.1/../../../../arm-none-eabi/lib/thumb/v7e-m+fp/hard\libc_nano.a(lib_a-mlock.o)
                0x000000000800cd24                __malloc_lock
 .text.__malloc_unlock
                0x000000000800cd30        0xc c:/st/stm32cubeide_1.6.1/stm32cubeide/plugins/com.st.stm32cube.ide.mcu.externaltools.gnu-tools-for-stm32.10.3-2021.10.win32_1.0.0.202111181127/tools/bin/../lib/gcc/arm-none-eabi/10.3.1/../../../../arm-none-eabi/lib/thumb/v7e-m+fp/hard\libc_nano.a(lib_a-mlock.o)
                0x000000000800cd30                __malloc_unlock
 .text._malloc_usable_size_r
                0x000000000800cd3c       0x10 c:/st/stm32cubeide_1.6.1/stm32cubeide/plugins/com.st.stm32cube.ide.mcu.externaltools.gnu-tools-for-stm32.10.3-2021.10.win32_1.0.0.202111181127/tools/bin/../lib/gcc/arm-none-eabi/10.3.1/../../../../arm-none-eabi/lib/thumb/v7e-m+fp/hard\libc_nano.a(lib_a-nano-msizer.o)
                0x000000000800cd3c                _malloc_usable_size_r
 *(.glue_7)
 .glue_7        0x000000000800cd4c        0x0 linker stubs
 *(.glue_7t)
 .glue_7t       0x000000000800cd4c        0x0 linker stubs
 *(.eh_frame)
 .eh_frame      0x000000000800cd4c        0x0 c:/st/stm32cubeide_1.6.1/stm32cubeide/plugins/com.st.stm32cube.ide.mcu.externaltools.gnu-tools-for-stm32.10.3-2021.10.win32_1.0.0.202111181127/tools/bin/../lib/gcc/arm-none-eabi/10.3.1/thumb/v7e-m+fp/hard/crtbegin.o
 *(.init)
 .init          0x000000000800cd4c        0x4 c:/st/stm32cubeide_1.6.1/stm32cubeide/plugins/com.st.stm32cube.ide.mcu.externaltools.gnu-tools-for-stm32.10.3-2021.10.win32_1.0.0.202111181127/tools/bin/../lib/gcc/arm-none-eabi/10.3.1/thumb/v7e-m+fp/hard/crti.o
                0x000000000800cd4c                _init
 .init          0x000000000800cd50        0x8 c:/st/stm32cubeide_1.6.1/stm32cubeide/plugins/com.st.stm32cube.ide.mcu.externaltools.gnu-tools-for-stm32.10.3-2021.10.win32_1.0.0.202111181127/tools/bin/../lib/gcc/arm-none-eabi/10.3.1/thumb/v7e-m+fp/hard/crtn.o
 *(.fini)
 .fini          0x000000000800cd58        0x4 c:/st/stm32cubeide_1.6.1/stm32cubeide/plugins/com.st.stm32cube.ide.mcu.externaltools.gnu-tools-for-stm32.10.3-2021.10.win32_1.0.0.202111181127/tools/bin/../lib/gcc/arm-none-eabi/10.3.1/thumb/v7e-m+fp/hard/crti.o
                0x000000000800cd58                _fini
 .fini          0x000000000800cd5c        0x8 c:/st/stm32cubeide_1.6.1/stm32cubeide/plugins/com.st.stm32cube.ide.mcu.externaltools.gnu-tools-for-stm32.10.3-2021.10.win32_1.0.0.202111181127/tools/bin/../lib/gcc/arm-none-eabi/10.3.1/thumb/v7e-m+fp/hard/crtn.o
                0x000000000800cd64                . = ALIGN (0x4)
                0x000000000800cd64                _etext = .

.vfp11_veneer   0x000000000800cd64        0x0
 .vfp11_veneer  0x000000000800cd64        0x0 linker stubs

.v4_bx          0x000000000800cd64        0x0
 .v4_bx         0x000000000800cd64        0x0 linker stubs

.iplt           0x000000000800cd64        0x0
 .iplt          0x000000000800cd64        0x0 c:/st/stm32cubeide_1.6.1/stm32cubeide/plugins/com.st.stm32cube.ide.mcu.externaltools.gnu-tools-for-stm32.10.3-2021.10.win32_1.0.0.202111181127/tools/bin/../lib/gcc/arm-none-eabi/10.3.1/thumb/v7e-m+fp/hard/crtbegin.o

.rodata         0x000000000800cd64      0xbcc
                0x000000000800cd64                . = ALIGN (0x4)
 *(.rodata)
 .rodata        0x000000000800cd64      0x62b ./Core/Src/main.o
 *fill*         0x000000000800d38f        0x1 
 .rodata        0x000000000800d390      0x1df ./Core/Src/w25qxx.o
 *fill*         0x000000000800d56f        0x1 
 .rodata        0x000000000800d570        0x5 ./Middlewares/Third_Party/FreeRTOS/Source/tasks.o
 *fill*         0x000000000800d575        0x3 
 .rodata        0x000000000800d578        0xd ./Middlewares/Third_Party/FreeRTOS/Source/timers.o
 *fill*         0x000000000800d585        0x3 
 .rodata        0x000000000800d588        0xc c:/st/stm32cubeide_1.6.1/stm32cubeide/plugins/com.st.stm32cube.ide.mcu.externaltools.gnu-tools-for-stm32.10.3-2021.10.win32_1.0.0.202111181127/tools/bin/../lib/gcc/arm-none-eabi/10.3.1/../../../../arm-none-eabi/lib/thumb/v7e-m+fp/hard\libc_nano.a(lib_a-nano-vfscanf_i.o)
 *(.rodata*)
 .rodata.defaultTask_attributes
                0x000000000800d594       0x24 ./Core/Src/main.o
                0x000000000800d594                defaultTask_attributes
 .rodata.GetTempTask_attributes
                0x000000000800d5b8       0x24 ./Core/Src/main.o
                0x000000000800d5b8                GetTempTask_attributes
 .rodata.DebugTask_attributes
                0x000000000800d5dc       0x24 ./Core/Src/main.o
                0x000000000800d5dc                DebugTask_attributes
 .rodata.SIM800SendTask_attributes
                0x000000000800d600       0x24 ./Core/Src/main.o
                0x000000000800d600                SIM800SendTask_attributes
 .rodata.PINGTask_attributes
                0x000000000800d624       0x24 ./Core/Src/main.o
                0x000000000800d624                PINGTask_attributes
 .rodata.SIM800StartTask_attributes
                0x000000000800d648       0x24 ./Core/Src/main.o
                0x000000000800d648                SIM800StartTask_attributes
 .rodata.MQTTConnectTask_attributes
                0x000000000800d66c       0x24 ./Core/Src/main.o
                0x000000000800d66c                MQTTConnectTask_attributes
 .rodata.MessHandlerTask_attributes
                0x000000000800d690       0x24 ./Core/Src/main.o
                0x000000000800d690                MessHandlerTask_attributes
 .rodata.myTaskGetFirm_attributes
                0x000000000800d6b4       0x24 ./Core/Src/main.o
                0x000000000800d6b4                myTaskGetFirm_attributes
 .rodata.debugQueue_attributes
                0x000000000800d6d8       0x18 ./Core/Src/main.o
                0x000000000800d6d8                debugQueue_attributes
 .rodata.SIM800SendQueue_attributes
                0x000000000800d6f0       0x18 ./Core/Src/main.o
                0x000000000800d6f0                SIM800SendQueue_attributes
 .rodata.RxSIM800Queue_attributes
                0x000000000800d708       0x18 ./Core/Src/main.o
                0x000000000800d708                RxSIM800Queue_attributes
 .rodata.PingTimer_attributes
                0x000000000800d720       0x10 ./Core/Src/main.o
                0x000000000800d720                PingTimer_attributes
 .rodata.UART1Mutex_attributes
                0x000000000800d730       0x10 ./Core/Src/main.o
                0x000000000800d730                UART1Mutex_attributes
 .rodata.PINGSem_attributes
                0x000000000800d740       0x10 ./Core/Src/main.o
                0x000000000800d740                PINGSem_attributes
 .rodata.SemGetTemp_attributes
                0x000000000800d750       0x10 ./Core/Src/main.o
                0x000000000800d750                SemGetTemp_attributes
 .rodata.AHBPrescTable
                0x000000000800d760       0x10 ./Core/Src/system_stm32f4xx.o
                0x000000000800d760                AHBPrescTable
 .rodata.APBPrescTable
                0x000000000800d770        0x8 ./Core/Src/system_stm32f4xx.o
                0x000000000800d770                APBPrescTable
 .rodata.flagBitshiftOffset.0
                0x000000000800d778        0x8 ./Drivers/STM32F4xx_HAL_Driver/Src/stm32f4xx_hal_dma.o
 .rodata._svfprintf_r.str1.1
                0x000000000800d780       0x11 c:/st/stm32cubeide_1.6.1/stm32cubeide/plugins/com.st.stm32cube.ide.mcu.externaltools.gnu-tools-for-stm32.10.3-2021.10.win32_1.0.0.202111181127/tools/bin/../lib/gcc/arm-none-eabi/10.3.1/../../../../arm-none-eabi/lib/thumb/v7e-m+fp/hard\libc_nano.a(lib_a-nano-svfprintf.o)
 .rodata.__ssvfscanf_r.str1.1
                0x000000000800d791        0x4 c:/st/stm32cubeide_1.6.1/stm32cubeide/plugins/com.st.stm32cube.ide.mcu.externaltools.gnu-tools-for-stm32.10.3-2021.10.win32_1.0.0.202111181127/tools/bin/../lib/gcc/arm-none-eabi/10.3.1/../../../../arm-none-eabi/lib/thumb/v7e-m+fp/hard\libc_nano.a(lib_a-nano-svfscanf.o)
 .rodata._printf_i.str1.1
                0x000000000800d791       0x22 c:/st/stm32cubeide_1.6.1/stm32cubeide/plugins/com.st.stm32cube.ide.mcu.externaltools.gnu-tools-for-stm32.10.3-2021.10.win32_1.0.0.202111181127/tools/bin/../lib/gcc/arm-none-eabi/10.3.1/../../../../arm-none-eabi/lib/thumb/v7e-m+fp/hard\libc_nano.a(lib_a-nano-vfprintf_i.o)
 .rodata.str1.1
                0x000000000800d7b3        0x9 c:/st/stm32cubeide_1.6.1/stm32cubeide/plugins/com.st.stm32cube.ide.mcu.externaltools.gnu-tools-for-stm32.10.3-2021.10.win32_1.0.0.202111181127/tools/bin/../lib/gcc/arm-none-eabi/10.3.1/../../../../arm-none-eabi/lib/thumb/v7e-m+fp/hard\libc_nano.a(lib_a-nano-vfscanf_i.o)
 .rodata._scanf_i.str1.1
                0x000000000800d7bc       0x12 c:/st/stm32cubeide_1.6.1/stm32cubeide/plugins/com.st.stm32cube.ide.mcu.externaltools.gnu-tools-for-stm32.10.3-2021.10.win32_1.0.0.202111181127/tools/bin/../lib/gcc/arm-none-eabi/10.3.1/../../../../arm-none-eabi/lib/thumb/v7e-m+fp/hard\libc_nano.a(lib_a-nano-vfscanf_i.o)
 .rodata._ctype_
                0x000000000800d7ce      0x101 c:/st/stm32cubeide_1.6.1/stm32cubeide/plugins/com.st.stm32cube.ide.mcu.externaltools.gnu-tools-for-stm32.10.3-2021.10.win32_1.0.0.202111181127/tools/bin/../lib/gcc/arm-none-eabi/10.3.1/../../../../arm-none-eabi/lib/thumb/v7e-m+fp/hard\libc_nano.a(lib_a-ctype_.o)
                0x000000000800d7ce                _ctype_
 *fill*         0x000000000800d8cf        0x1 
 .rodata.__sf_fake_stderr
                0x000000000800d8d0       0x20 c:/st/stm32cubeide_1.6.1/stm32cubeide/plugins/com.st.stm32cube.ide.mcu.externaltools.gnu-tools-for-stm32.10.3-2021.10.win32_1.0.0.202111181127/tools/bin/../lib/gcc/arm-none-eabi/10.3.1/../../../../arm-none-eabi/lib/thumb/v7e-m+fp/hard\libc_nano.a(lib_a-findfp.o)
                0x000000000800d8d0                __sf_fake_stderr
 .rodata.__sf_fake_stdin
                0x000000000800d8f0       0x20 c:/st/stm32cubeide_1.6.1/stm32cubeide/plugins/com.st.stm32cube.ide.mcu.externaltools.gnu-tools-for-stm32.10.3-2021.10.win32_1.0.0.202111181127/tools/bin/../lib/gcc/arm-none-eabi/10.3.1/../../../../arm-none-eabi/lib/thumb/v7e-m+fp/hard\libc_nano.a(lib_a-findfp.o)
                0x000000000800d8f0                __sf_fake_stdin
 .rodata.__sf_fake_stdout
                0x000000000800d910       0x20 c:/st/stm32cubeide_1.6.1/stm32cubeide/plugins/com.st.stm32cube.ide.mcu.externaltools.gnu-tools-for-stm32.10.3-2021.10.win32_1.0.0.202111181127/tools/bin/../lib/gcc/arm-none-eabi/10.3.1/../../../../arm-none-eabi/lib/thumb/v7e-m+fp/hard\libc_nano.a(lib_a-findfp.o)
                0x000000000800d910                __sf_fake_stdout
                0x000000000800d930                . = ALIGN (0x4)

.ARM.extab      0x000000000800d930        0x0
                0x000000000800d930                . = ALIGN (0x4)
 *(.ARM.extab* .gnu.linkonce.armextab.*)
                0x000000000800d930                . = ALIGN (0x4)

.ARM            0x000000000800d930        0x8
                0x000000000800d930                . = ALIGN (0x4)
                0x000000000800d930                __exidx_start = .
 *(.ARM.exidx*)
 .ARM.exidx     0x000000000800d930        0x8 c:/st/stm32cubeide_1.6.1/stm32cubeide/plugins/com.st.stm32cube.ide.mcu.externaltools.gnu-tools-for-stm32.10.3-2021.10.win32_1.0.0.202111181127/tools/bin/../lib/gcc/arm-none-eabi/10.3.1/thumb/v7e-m+fp/hard\libgcc.a(_udivmoddi4.o)
                0x000000000800d938                __exidx_end = .
                0x000000000800d938                . = ALIGN (0x4)

.rel.dyn        0x000000000800d938        0x0
 .rel.iplt      0x000000000800d938        0x0 c:/st/stm32cubeide_1.6.1/stm32cubeide/plugins/com.st.stm32cube.ide.mcu.externaltools.gnu-tools-for-stm32.10.3-2021.10.win32_1.0.0.202111181127/tools/bin/../lib/gcc/arm-none-eabi/10.3.1/thumb/v7e-m+fp/hard/crtbegin.o

.preinit_array  0x000000000800d938        0x0
                0x000000000800d938                . = ALIGN (0x4)
                0x000000000800d938                PROVIDE (__preinit_array_start = .)
 *(.preinit_array*)
                0x000000000800d938                PROVIDE (__preinit_array_end = .)
                0x000000000800d938                . = ALIGN (0x4)

.init_array     0x000000000800d938        0x4
                0x000000000800d938                . = ALIGN (0x4)
                0x000000000800d938                PROVIDE (__init_array_start = .)
 *(SORT_BY_NAME(.init_array.*))
 *(.init_array*)
 .init_array    0x000000000800d938        0x4 c:/st/stm32cubeide_1.6.1/stm32cubeide/plugins/com.st.stm32cube.ide.mcu.externaltools.gnu-tools-for-stm32.10.3-2021.10.win32_1.0.0.202111181127/tools/bin/../lib/gcc/arm-none-eabi/10.3.1/thumb/v7e-m+fp/hard/crtbegin.o
                0x000000000800d93c                PROVIDE (__init_array_end = .)
                0x000000000800d93c                . = ALIGN (0x4)

.fini_array     0x000000000800d93c        0x4
                0x000000000800d93c                . = ALIGN (0x4)
                [!provide]                        PROVIDE (__fini_array_start = .)
 *(SORT_BY_NAME(.fini_array.*))
 *(.fini_array*)
 .fini_array    0x000000000800d93c        0x4 c:/st/stm32cubeide_1.6.1/stm32cubeide/plugins/com.st.stm32cube.ide.mcu.externaltools.gnu-tools-for-stm32.10.3-2021.10.win32_1.0.0.202111181127/tools/bin/../lib/gcc/arm-none-eabi/10.3.1/thumb/v7e-m+fp/hard/crtbegin.o
                [!provide]                        PROVIDE (__fini_array_end = .)
                0x000000000800d940                . = ALIGN (0x4)
                0x000000000800d940                _sidata = LOADADDR (.data)

.data           0x0000000020000000       0x9c load address 0x000000000800d940
                0x0000000020000000                . = ALIGN (0x4)
                0x0000000020000000                _sdata = .
 *(.data)
 *(.data*)
 .data.PING     0x0000000020000000        0x4 ./Core/Src/main.o
                0x0000000020000000                PING
 .data.PING_ASK
                0x0000000020000004        0x4 ./Core/Src/main.o
                0x0000000020000004                PING_ASK
 .data.MQTT_CONNECT_ASK
                0x0000000020000008        0x7 ./Core/Src/main.o
                0x0000000020000008                MQTT_CONNECT_ASK
 *fill*         0x000000002000000f        0x1 
 .data.TOPIC    0x0000000020000010       0x14 ./Core/Src/main.o
                0x0000000020000010                TOPIC
 .data.TOPIC_ASK
                0x0000000020000024        0x4 ./Core/Src/main.o
                0x0000000020000024                TOPIC_ASK
 .data.SystemCoreClock
                0x0000000020000028        0x4 ./Core/Src/system_stm32f4xx.o
                0x0000000020000028                SystemCoreClock
 .data.uwTickPrio
                0x000000002000002c        0x4 ./Drivers/STM32F4xx_HAL_Driver/Src/stm32f4xx_hal.o
                0x000000002000002c                uwTickPrio
 .data.uwTickFreq
                0x0000000020000030        0x1 ./Drivers/STM32F4xx_HAL_Driver/Src/stm32f4xx_hal.o
                0x0000000020000030                uwTickFreq
 *fill*         0x0000000020000031        0x3 
 .data.uxCriticalNesting
                0x0000000020000034        0x4 ./Middlewares/Third_Party/FreeRTOS/Source/portable/GCC/ARM_CM4F/port.o
 .data._impure_ptr
                0x0000000020000038        0x4 c:/st/stm32cubeide_1.6.1/stm32cubeide/plugins/com.st.stm32cube.ide.mcu.externaltools.gnu-tools-for-stm32.10.3-2021.10.win32_1.0.0.202111181127/tools/bin/../lib/gcc/arm-none-eabi/10.3.1/../../../../arm-none-eabi/lib/thumb/v7e-m+fp/hard\libc_nano.a(lib_a-impure.o)
                0x0000000020000038                _impure_ptr
 .data.impure_data
                0x000000002000003c       0x60 c:/st/stm32cubeide_1.6.1/stm32cubeide/plugins/com.st.stm32cube.ide.mcu.externaltools.gnu-tools-for-stm32.10.3-2021.10.win32_1.0.0.202111181127/tools/bin/../lib/gcc/arm-none-eabi/10.3.1/../../../../arm-none-eabi/lib/thumb/v7e-m+fp/hard\libc_nano.a(lib_a-impure.o)
 *(.RamFunc)
 *(.RamFunc*)
                0x000000002000009c                . = ALIGN (0x4)
                0x000000002000009c                _edata = .

.igot.plt       0x000000002000009c        0x0 load address 0x000000000800d9dc
 .igot.plt      0x000000002000009c        0x0 c:/st/stm32cubeide_1.6.1/stm32cubeide/plugins/com.st.stm32cube.ide.mcu.externaltools.gnu-tools-for-stm32.10.3-2021.10.win32_1.0.0.202111181127/tools/bin/../lib/gcc/arm-none-eabi/10.3.1/thumb/v7e-m+fp/hard/crtbegin.o
                0x000000002000009c                . = ALIGN (0x4)

.bss            0x000000002000009c     0x4fb4 load address 0x000000000800d9dc
                0x000000002000009c                _sbss = .
                0x000000002000009c                __bss_start__ = _sbss
 *(.bss)
 .bss           0x000000002000009c       0x1c c:/st/stm32cubeide_1.6.1/stm32cubeide/plugins/com.st.stm32cube.ide.mcu.externaltools.gnu-tools-for-stm32.10.3-2021.10.win32_1.0.0.202111181127/tools/bin/../lib/gcc/arm-none-eabi/10.3.1/thumb/v7e-m+fp/hard/crtbegin.o
 *(.bss*)
 .bss.hi2c1     0x00000000200000b8       0x54 ./Core/Src/main.o
                0x00000000200000b8                hi2c1
 .bss.hspi2     0x000000002000010c       0x58 ./Core/Src/main.o
                0x000000002000010c                hspi2
 .bss.huart1    0x0000000020000164       0x44 ./Core/Src/main.o
                0x0000000020000164                huart1
 .bss.huart2    0x00000000200001a8       0x44 ./Core/Src/main.o
                0x00000000200001a8                huart2
 .bss.hdma_usart1_rx
                0x00000000200001ec       0x60 ./Core/Src/main.o
                0x00000000200001ec                hdma_usart1_rx
 .bss.hdma_usart1_tx
                0x000000002000024c       0x60 ./Core/Src/main.o
                0x000000002000024c                hdma_usart1_tx
 .bss.hdma_usart2_rx
                0x00000000200002ac       0x60 ./Core/Src/main.o
                0x00000000200002ac                hdma_usart2_rx
 .bss.hdma_usart2_tx
                0x000000002000030c       0x60 ./Core/Src/main.o
                0x000000002000030c                hdma_usart2_tx
 .bss.defaultTaskHandle
                0x000000002000036c        0x4 ./Core/Src/main.o
                0x000000002000036c                defaultTaskHandle
 .bss.GetTempTaskHandle
                0x0000000020000370        0x4 ./Core/Src/main.o
                0x0000000020000370                GetTempTaskHandle
 .bss.DebugTaskHandle
                0x0000000020000374        0x4 ./Core/Src/main.o
                0x0000000020000374                DebugTaskHandle
 .bss.SIM800SendTaskHandle
                0x0000000020000378        0x4 ./Core/Src/main.o
                0x0000000020000378                SIM800SendTaskHandle
 .bss.PINGTaskHandle
                0x000000002000037c        0x4 ./Core/Src/main.o
                0x000000002000037c                PINGTaskHandle
 .bss.SIM800StartTaskHandle
                0x0000000020000380        0x4 ./Core/Src/main.o
                0x0000000020000380                SIM800StartTaskHandle
 .bss.MQTTConnectTaskHandle
                0x0000000020000384        0x4 ./Core/Src/main.o
                0x0000000020000384                MQTTConnectTaskHandle
 .bss.MessHandlerTaskHandle
                0x0000000020000388        0x4 ./Core/Src/main.o
                0x0000000020000388                MessHandlerTaskHandle
 .bss.myTaskGetFirmHandle
                0x000000002000038c        0x4 ./Core/Src/main.o
                0x000000002000038c                myTaskGetFirmHandle
 .bss.debugQueueHandle
                0x0000000020000390        0x4 ./Core/Src/main.o
                0x0000000020000390                debugQueueHandle
 .bss.SIM800SendQueueHandle
                0x0000000020000394        0x4 ./Core/Src/main.o
                0x0000000020000394                SIM800SendQueueHandle
 .bss.RxSIM800QueueHandle
                0x0000000020000398        0x4 ./Core/Src/main.o
                0x0000000020000398                RxSIM800QueueHandle
 .bss.PingTimerHandle
                0x000000002000039c        0x4 ./Core/Src/main.o
                0x000000002000039c                PingTimerHandle
 .bss.UART1MutexHandle
                0x00000000200003a0        0x4 ./Core/Src/main.o
                0x00000000200003a0                UART1MutexHandle
 .bss.PINGSemHandle
                0x00000000200003a4        0x4 ./Core/Src/main.o
                0x00000000200003a4                PINGSemHandle
 .bss.SemGetTempHandle
                0x00000000200003a8        0x4 ./Core/Src/main.o
                0x00000000200003a8                SemGetTempHandle
 .bss.Error_init
                0x00000000200003ac        0x1 ./Core/Src/main.o
                0x00000000200003ac                Error_init
 .bss.Error_ping
                0x00000000200003ad        0x1 ./Core/Src/main.o
                0x00000000200003ad                Error_ping
 .bss.Start_SIM800
                0x00000000200003ae        0x1 ./Core/Src/main.o
                0x00000000200003ae                Start_SIM800
 .bss.RX        0x00000000200003af        0x1 ./Core/Src/main.o
                0x00000000200003af                RX
 .bss.Broker_connect
                0x00000000200003b0        0x1 ./Core/Src/main.o
                0x00000000200003b0                Broker_connect
 .bss.Tech_ans_wait
                0x00000000200003b1        0x1 ./Core/Src/main.o
                0x00000000200003b1                Tech_ans_wait
 .bss.Get_temp  0x00000000200003b2        0x1 ./Core/Src/main.o
                0x00000000200003b2                Get_temp
 *fill*         0x00000000200003b3        0x1 
 .bss.str_SIM800
                0x00000000200003b4       0x4c ./Core/Src/main.o
                0x00000000200003b4                str_SIM800
 .bss.SIM800BuffRx
                0x0000000020000400       0x4c ./Core/Src/main.o
                0x0000000020000400                SIM800BuffRx
 .bss.firmware_buf
                0x000000002000044c      0x190 ./Core/Src/main.o
                0x000000002000044c                firmware_buf
 .bss.Data_Queue
                0x00000000200005dc       0x46 ./Core/Src/main.o
                0x00000000200005dc                Data_Queue
 *fill*         0x0000000020000622        0x2 
 .bss.tmp4      0x0000000020000624        0x4 ./Core/Src/main.o
                0x0000000020000624                tmp4
 .bss.tmp5      0x0000000020000628        0x4 ./Core/Src/main.o
                0x0000000020000628                tmp5
 .bss.tmp6      0x000000002000062c        0x4 ./Core/Src/main.o
                0x000000002000062c                tmp6
 .bss.Size_of_firmwware
                0x0000000020000630        0x5 ./Core/Src/main.o
                0x0000000020000630                Size_of_firmwware
 *fill*         0x0000000020000635        0x3 
 .bss.htim1     0x0000000020000638       0x48 ./Core/Src/stm32f4xx_hal_timebase_tim.o
                0x0000000020000638                htim1
 .bss.__sbrk_heap_end
                0x0000000020000680        0x4 ./Core/Src/sysmem.o
 .bss.buf       0x0000000020000684       0x40 ./Core/Src/w25qxx.o
                0x0000000020000684                buf
 .bss.w25qxx    0x00000000200006c4       0x28 ./Core/Src/w25qxx.o
                0x00000000200006c4                w25qxx
 .bss.uwTick    0x00000000200006ec        0x4 ./Drivers/STM32F4xx_HAL_Driver/Src/stm32f4xx_hal.o
                0x00000000200006ec                uwTick
 .bss.KernelState
                0x00000000200006f0        0x4 ./Middlewares/Third_Party/FreeRTOS/Source/CMSIS_RTOS_V2/cmsis_os2.o
 .bss.Idle_TCB.3
                0x00000000200006f4       0x5c ./Middlewares/Third_Party/FreeRTOS/Source/CMSIS_RTOS_V2/cmsis_os2.o
 .bss.Idle_Stack.2
                0x0000000020000750      0x200 ./Middlewares/Third_Party/FreeRTOS/Source/CMSIS_RTOS_V2/cmsis_os2.o
 .bss.Timer_TCB.1
                0x0000000020000950       0x5c ./Middlewares/Third_Party/FreeRTOS/Source/CMSIS_RTOS_V2/cmsis_os2.o
 .bss.Timer_Stack.0
                0x00000000200009ac      0x400 ./Middlewares/Third_Party/FreeRTOS/Source/CMSIS_RTOS_V2/cmsis_os2.o
 .bss.xQueueRegistry
                0x0000000020000dac       0x40 ./Middlewares/Third_Party/FreeRTOS/Source/queue.o
                0x0000000020000dac                xQueueRegistry
 .bss.pxCurrentTCB
                0x0000000020000dec        0x4 ./Middlewares/Third_Party/FreeRTOS/Source/tasks.o