Archive member included to satisfy reference by file (symbol)

c:/st/stm32cubeide_1.6.1/stm32cubeide/plugins/com.st.stm32cube.ide.mcu.externaltools.gnu-tools-for-stm32.10.3-2021.10.win32_1.0.0.202111181127/tools/bin/../lib/gcc/arm-none-eabi/10.3.1/../../../../arm-none-eabi/lib/thumb/v7e-m+fp/hard\libc_nano.a(lib_a-errno.o)
                              ./Core/Src/syscalls.o (__errno)
c:/st/stm32cubeide_1.6.1/stm32cubeide/plugins/com.st.stm32cube.ide.mcu.externaltools.gnu-tools-for-stm32.10.3-2021.10.win32_1.0.0.202111181127/tools/bin/../lib/gcc/arm-none-eabi/10.3.1/../../../../arm-none-eabi/lib/thumb/v7e-m+fp/hard\libc_nano.a(lib_a-exit.o)
                              c:/st/stm32cubeide_1.6.1/stm32cubeide/plugins/com.st.stm32cube.ide.mcu.externaltools.gnu-tools-for-stm32.10.3-2021.10.win32_1.0.0.202111181127/tools/bin/../lib/gcc/arm-none-eabi/10.3.1/../../../../arm-none-eabi/lib/thumb/v7e-m+fp/hard/crt0.o (exit)
c:/st/stm32cubeide_1.6.1/stm32cubeide/plugins/com.st.stm32cube.ide.mcu.externaltools.gnu-tools-for-stm32.10.3-2021.10.win32_1.0.0.202111181127/tools/bin/../lib/gcc/arm-none-eabi/10.3.1/../../../../arm-none-eabi/lib/thumb/v7e-m+fp/hard\libc_nano.a(lib_a-impure.o)
                              c:/st/stm32cubeide_1.6.1/stm32cubeide/plugins/com.st.stm32cube.ide.mcu.externaltools.gnu-tools-for-stm32.10.3-2021.10.win32_1.0.0.202111181127/tools/bin/../lib/gcc/arm-none-eabi/10.3.1/../../../../arm-none-eabi/lib/thumb/v7e-m+fp/hard\libc_nano.a(lib_a-exit.o) (_global_impure_ptr)
c:/st/stm32cubeide_1.6.1/stm32cubeide/plugins/com.st.stm32cube.ide.mcu.externaltools.gnu-tools-for-stm32.10.3-2021.10.win32_1.0.0.202111181127/tools/bin/../lib/gcc/arm-none-eabi/10.3.1/../../../../arm-none-eabi/lib/thumb/v7e-m+fp/hard\libc_nano.a(lib_a-init.o)
                              c:/st/stm32cubeide_1.6.1/stm32cubeide/plugins/com.st.stm32cube.ide.mcu.externaltools.gnu-tools-for-stm32.10.3-2021.10.win32_1.0.0.202111181127/tools/bin/../lib/gcc/arm-none-eabi/10.3.1/../../../../arm-none-eabi/lib/thumb/v7e-m+fp/hard/crt0.o (__libc_init_array)
c:/st/stm32cubeide_1.6.1/stm32cubeide/plugins/com.st.stm32cube.ide.mcu.externaltools.gnu-tools-for-stm32.10.3-2021.10.win32_1.0.0.202111181127/tools/bin/../lib/gcc/arm-none-eabi/10.3.1/../../../../arm-none-eabi/lib/thumb/v7e-m+fp/hard\libc_nano.a(lib_a-memcpy-stub.o)
                              ./Core/Src/main.o (memcpy)
c:/st/stm32cubeide_1.6.1/stm32cubeide/plugins/com.st.stm32cube.ide.mcu.externaltools.gnu-tools-for-stm32.10.3-2021.10.win32_1.0.0.202111181127/tools/bin/../lib/gcc/arm-none-eabi/10.3.1/../../../../arm-none-eabi/lib/thumb/v7e-m+fp/hard\libc_nano.a(lib_a-memset.o)
                              c:/st/stm32cubeide_1.6.1/stm32cubeide/plugins/com.st.stm32cube.ide.mcu.externaltools.gnu-tools-for-stm32.10.3-2021.10.win32_1.0.0.202111181127/tools/bin/../lib/gcc/arm-none-eabi/10.3.1/../../../../arm-none-eabi/lib/thumb/v7e-m+fp/hard/crt0.o (memset)
c:/st/stm32cubeide_1.6.1/stm32cubeide/plugins/com.st.stm32cube.ide.mcu.externaltools.gnu-tools-for-stm32.10.3-2021.10.win32_1.0.0.202111181127/tools/bin/../lib/gcc/arm-none-eabi/10.3.1/../../../../arm-none-eabi/lib/thumb/v7e-m+fp/hard\libc_nano.a(lib_a-snprintf.o)
                              ./Core/Src/w25qxx.o (snprintf)
c:/st/stm32cubeide_1.6.1/stm32cubeide/plugins/com.st.stm32cube.ide.mcu.externaltools.gnu-tools-for-stm32.10.3-2021.10.win32_1.0.0.202111181127/tools/bin/../lib/gcc/arm-none-eabi/10.3.1/../../../../arm-none-eabi/lib/thumb/v7e-m+fp/hard\libc_nano.a(lib_a-sprintf.o)
                              ./Core/Src/main.o (sprintf)
c:/st/stm32cubeide_1.6.1/stm32cubeide/plugins/com.st.stm32cube.ide.mcu.externaltools.gnu-tools-for-stm32.10.3-2021.10.win32_1.0.0.202111181127/tools/bin/../lib/gcc/arm-none-eabi/10.3.1/../../../../arm-none-eabi/lib/thumb/v7e-m+fp/hard\libc_nano.a(lib_a-sscanf.o)
                              ./Core/Src/main.o (sscanf)
c:/st/stm32cubeide_1.6.1/stm32cubeide/plugins/com.st.stm32cube.ide.mcu.externaltools.gnu-tools-for-stm32.10.3-2021.10.win32_1.0.0.202111181127/tools/bin/../lib/gcc/arm-none-eabi/10.3.1/../../../../arm-none-eabi/lib/thumb/v7e-m+fp/hard\libc_nano.a(lib_a-stdio.o)
                              c:/st/stm32cubeide_1.6.1/stm32cubeide/plugins/com.st.stm32cube.ide.mcu.externaltools.gnu-tools-for-stm32.10.3-2021.10.win32_1.0.0.202111181127/tools/bin/../lib/gcc/arm-none-eabi/10.3.1/../../../../arm-none-eabi/lib/thumb/v7e-m+fp/hard\libc_nano.a(lib_a-sscanf.o) (__seofread)
c:/st/stm32cubeide_1.6.1/stm32cubeide/plugins/com.st.stm32cube.ide.mcu.externaltools.gnu-tools-for-stm32.10.3-2021.10.win32_1.0.0.202111181127/tools/bin/../lib/gcc/arm-none-eabi/10.3.1/../../../../arm-none-eabi/lib/thumb/v7e-m+fp/hard\libc_nano.a(lib_a-strlen.o)
                              ./Core/Src/main.o (strlen)
[...]
Memory Configuration

Name             Origin             Length             Attributes
RAM              0x0000000020000000 0x0000000000020000 xrw
FLASH            0x0000000008000000 0x0000000000014000 xr
*default*        0x0000000000000000 0xffffffffffffffff

Linker script and memory map

LOAD c:/st/stm32cubeide_1.6.1/stm32cubeide/plugins/com.st.stm32cube.ide.mcu.externaltools.gnu-tools-for-stm32.10.3-2021.10.win32_1.0.0.202111181127/tools/bin/../lib/gcc/arm-none-eabi/10.3.1/thumb/v7e-m+fp/hard/crti.o
LOAD c:/st/stm32cubeide_1.6.1/stm32cubeide/plugins/com.st.stm32cube.ide.mcu.externaltools.gnu-tools-for-stm32.10.3-2021.10.win32_1.0.0.202111181127/tools/bin/../lib/gcc/arm-none-eabi/10.3.1/thumb/v7e-m+fp/hard/crtbegin.o
LOAD c:/st/stm32cubeide_1.6.1/stm32cubeide/plugins/com.st.stm32cube.ide.mcu.externaltools.gnu-tools-for-stm32.10.3-2021.10.win32_1.0.0.202111181127/tools/bin/../lib/gcc/arm-none-eabi/10.3.1/../../../../arm-none-eabi/lib/thumb/v7e-m+fp/hard/crt0.o
LOAD ./Core/Src/DS18B20.o
LOAD ./Core/Src/ModBusCRC.o
LOAD ./Core/Src/freertos.o
LOAD ./Core/Src/main.o
LOAD ./Core/Src/micro_delay.o
LOAD ./Core/Src/stm32f4xx_hal_msp.o
LOAD ./Core/Src/stm32f4xx_hal_timebase_tim.o
LOAD ./Core/Src/stm32f4xx_it.o
LOAD ./Core/Src/syscalls.o
LOAD ./Core/Src/sysmem.o
LOAD ./Core/Src/system_stm32f4xx.o
LOAD ./Core/Src/w25qxx.o
LOAD ./Core/Startup/startup_stm32f446rctx.o
LOAD ./Drivers/STM32F4xx_HAL_Driver/Src/stm32f4xx_hal.o
LOAD ./Drivers/STM32F4xx_HAL_Driver/Src/stm32f4xx_hal_cortex.o
LOAD ./Drivers/STM32F4xx_HAL_Driver/Src/stm32f4xx_hal_dma.o
LOAD ./Drivers/STM32F4xx_HAL_Driver/Src/stm32f4xx_hal_dma_ex.o
LOAD ./Drivers/STM32F4xx_HAL_Driver/Src/stm32f4xx_hal_exti.o
LOAD ./Drivers/STM32F4xx_HAL_Driver/Src/stm32f4xx_hal_flash.o
LOAD ./Drivers/STM32F4xx_HAL_Driver/Src/stm32f4xx_hal_flash_ex.o
LOAD ./Drivers/STM32F4xx_HAL_Driver/Src/stm32f4xx_hal_flash_ramfunc.o
LOAD ./Drivers/STM32F4xx_HAL_Driver/Src/stm32f4xx_hal_gpio.o
LOAD ./Drivers/STM32F4xx_HAL_Driver/Src/stm32f4xx_hal_i2c.o
LOAD ./Drivers/STM32F4xx_HAL_Driver/Src/stm32f4xx_hal_i2c_ex.o
LOAD ./Drivers/STM32F4xx_HAL_Driver/Src/stm32f4xx_hal_pwr.o
LOAD ./Drivers/STM32F4xx_HAL_Driver/Src/stm32f4xx_hal_pwr_ex.o
LOAD ./Drivers/STM32F4xx_HAL_Driver/Src/stm32f4xx_hal_rcc.o
LOAD ./Drivers/STM32F4xx_HAL_Driver/Src/stm32f4xx_hal_rcc_ex.o
LOAD ./Drivers/STM32F4xx_HAL_Driver/Src/stm32f4xx_hal_spi.o
LOAD ./Drivers/STM32F4xx_HAL_Driver/Src/stm32f4xx_hal_tim.o
LOAD ./Drivers/STM32F4xx_HAL_Driver/Src/stm32f4xx_hal_tim_ex.o
LOAD ./Drivers/STM32F4xx_HAL_Driver/Src/stm32f4xx_hal_uart.o
LOAD ./Middlewares/Third_Party/FreeRTOS/Source/CMSIS_RTOS_V2/cmsis_os2.o
LOAD ./Middlewares/Third_Party/FreeRTOS/Source/croutine.o
LOAD ./Middlewares/Third_Party/FreeRTOS/Source/event_groups.o
LOAD ./Middlewares/Third_Party/FreeRTOS/Source/list.o
LOAD ./Middlewares/Third_Party/FreeRTOS/Source/queue.o
LOAD ./Middlewares/Third_Party/FreeRTOS/Source/stream_buffer.o
LOAD ./Middlewares/Third_Party/FreeRTOS/Source/tasks.o
LOAD ./Middlewares/Third_Party/FreeRTOS/Source/timers.o
LOAD ./Middlewares/Third_Party/FreeRTOS/Source/portable/GCC/ARM_CM4F/port.o
LOAD ./Middlewares/Third_Party/FreeRTOS/Source/portable/MemMang/heap_4.o
START GROUP
LOAD c:/st/stm32cubeide_1.6.1/stm32cubeide/plugins/com.st.stm32cube.ide.mcu.externaltools.gnu-tools-for-stm32.10.3-2021.10.win32_1.0.0.202111181127/tools/bin/../lib/gcc/arm-none-eabi/10.3.1/../../../../arm-none-eabi/lib/thumb/v7e-m+fp/hard\libc_nano.a
LOAD c:/st/stm32cubeide_1.6.1/stm32cubeide/plugins/com.st.stm32cube.ide.mcu.externaltools.gnu-tools-for-stm32.10.3-2021.10.win32_1.0.0.202111181127/tools/bin/../lib/gcc/arm-none-eabi/10.3.1/../../../../arm-none-eabi/lib/thumb/v7e-m+fp/hard\libm.a
END GROUP
START GROUP
LOAD c:/st/stm32cubeide_1.6.1/stm32cubeide/plugins/com.st.stm32cube.ide.mcu.externaltools.gnu-tools-for-stm32.10.3-2021.10.win32_1.0.0.202111181127/tools/bin/../lib/gcc/arm-none-eabi/10.3.1/thumb/v7e-m+fp/hard\libgcc.a
LOAD c:/st/stm32cubeide_1.6.1/stm32cubeide/plugins/com.st.stm32cube.ide.mcu.externaltools.gnu-tools-for-stm32.10.3-2021.10.win32_1.0.0.202111181127/tools/bin/../lib/gcc/arm-none-eabi/10.3.1/../../../../arm-none-eabi/lib/thumb/v7e-m+fp/hard\libc_nano.a
END GROUP
START GROUP
LOAD c:/st/stm32cubeide_1.6.1/stm32cubeide/plugins/com.st.stm32cube.ide.mcu.externaltools.gnu-tools-for-stm32.10.3-2021.10.win32_1.0.0.202111181127/tools/bin/../lib/gcc/arm-none-eabi/10.3.1/thumb/v7e-m+fp/hard\libgcc.a
LOAD c:/st/stm32cubeide_1.6.1/stm32cubeide/plugins/com.st.stm32cube.ide.mcu.externaltools.gnu-tools-for-stm32.10.3-2021.10.win32_1.0.0.202111181127/tools/bin/../lib/gcc/arm-none-eabi/10.3.1/../../../../arm-none-eabi/lib/thumb/v7e-m+fp/hard\libc_nano.a
LOAD c:/st/stm32cubeide_1.6.1/stm32cubeide/plugins/com.st.stm32cube.ide.mcu.externaltools.gnu-tools-for-stm32.10.3-2021.10.win32_1.0.0.202111181127/tools/bin/../lib/gcc/arm-none-eabi/10.3.1/../../../../arm-none-eabi/lib/thumb/v7e-m+fp/hard\libnosys.a
END GROUP
START GROUP
LOAD c:/st/stm32cubeide_1.6.1/stm32cubeide/plugins/com.st.stm32cube.ide.mcu.externaltools.gnu-tools-for-stm32.10.3-2021.10.win32_1.0.0.202111181127/tools/bin/../lib/gcc/arm-none-eabi/10.3.1/thumb/v7e-m+fp/hard\libgcc.a
LOAD c:/st/stm32cubeide_1.6.1/stm32cubeide/plugins/com.st.stm32cube.ide.mcu.externaltools.gnu-tools-for-stm32.10.3-2021.10.win32_1.0.0.202111181127/tools/bin/../lib/gcc/arm-none-eabi/10.3.1/../../../../arm-none-eabi/lib/thumb/v7e-m+fp/hard\libc_nano.a
LOAD c:/st/stm32cubeide_1.6.1/stm32cubeide/plugins/com.st.stm32cube.ide.mcu.externaltools.gnu-tools-for-stm32.10.3-2021.10.win32_1.0.0.202111181127/tools/bin/../lib/gcc/arm-none-eabi/10.3.1/../../../../arm-none-eabi/lib/thumb/v7e-m+fp/hard\libnosys.a
END GROUP
LOAD c:/st/stm32cubeide_1.6.1/stm32cubeide/plugins/com.st.stm32cube.ide.mcu.externaltools.gnu-tools-for-stm32.10.3-2021.10.win32_1.0.0.202111181127/tools/bin/../lib/gcc/arm-none-eabi/10.3.1/thumb/v7e-m+fp/hard/crtend.o
LOAD c:/st/stm32cubeide_1.6.1/stm32cubeide/plugins/com.st.stm32cube.ide.mcu.externaltools.gnu-tools-for-stm32.10.3-2021.10.win32_1.0.0.202111181127/tools/bin/../lib/gcc/arm-none-eabi/10.3.1/thumb/v7e-m+fp/hard/crtn.o
                0x0000000020020000                _estack = (ORIGIN (RAM) + LENGTH (RAM))
                0x0000000000000200                _Min_Heap_Size = 0x200
                0x0000000000000400                _Min_Stack_Size = 0x400

.isr_vector     0x0000000008000000      0x1c4
                0x0000000008000000                . = ALIGN (0x4)
 *(.isr_vector)
 .isr_vector    0x0000000008000000      0x1c4 ./Core/Startup/startup_stm32f446rctx.o
                0x0000000008000000                g_pfnVectors
                0x00000000080001c4                . = ALIGN (0x4)

.text           0x00000000080001d0     0xcdd4
                0x00000000080001d0                . = ALIGN (0x4)
 *(.text)
 .text          0x00000000080001d0       0x40 c:/st/stm32cubeide_1.6.1/stm32cubeide/plugins/com.st.stm32cube.ide.mcu.externaltools.gnu-tools-for-stm32.10.3-2021.10.win32_1.0.0.202111181127/tools/bin/../lib/gcc/arm-none-eabi/10.3.1/thumb/v7e-m+fp/hard/crtbegin.o
 .text          0x0000000008000210       0x10 c:/st/stm32cubeide_1.6.1/stm32cubeide/plugins/com.st.stm32cube.ide.mcu.externaltools.gnu-tools-for-stm32.10.3-2021.10.win32_1.0.0.202111181127/tools/bin/../lib/gcc/arm-none-eabi/10.3.1/../../../../arm-none-eabi/lib/thumb/v7e-m+fp/hard\libc_nano.a(lib_a-strlen.o)
                0x0000000008000210                strlen
 .text          0x0000000008000220       0xa0 c:/st/stm32cubeide_1.6.1/stm32cubeide/plugins/com.st.stm32cube.ide.mcu.externaltools.gnu-tools-for-stm32.10.3-2021.10.win32_1.0.0.202111181127/tools/bin/../lib/gcc/arm-none-eabi/10.3.1/../../../../arm-none-eabi/lib/thumb/v7e-m+fp/hard\libc_nano.a(lib_a-memchr.o)
                0x0000000008000220                memchr
 .text          0x00000000080002c0       0x30 c:/st/stm32cubeide_1.6.1/stm32cubeide/plugins/com.st.stm32cube.ide.mcu.externaltools.gnu-tools-for-stm32.10.3-2021.10.win32_1.0.0.202111181127/tools/bin/../lib/gcc/arm-none-eabi/10.3.1/thumb/v7e-m+fp/hard\libgcc.a(_aeabi_uldivmod.o)
                0x00000000080002c0                __aeabi_uldivmod
 .text          0x00000000080002f0      0x2d0 c:/st/stm32cubeide_1.6.1/stm32cubeide/plugins/com.st.stm32cube.ide.mcu.externaltools.gnu-tools-for-stm32.10.3-2021.10.win32_1.0.0.202111181127/tools/bin/../lib/gcc/arm-none-eabi/10.3.1/thumb/v7e-m+fp/hard\libgcc.a(_udivmoddi4.o)
                0x00000000080002f0                __udivmoddi4
 .text          0x00000000080005c0        0x4 c:/st/stm32cubeide_1.6.1/stm32cubeide/plugins/com.st.stm32cube.ide.mcu.externaltools.gnu-tools-for-stm32.10.3-2021.10.win32_1.0.0.202111181127/tools/bin/../lib/gcc/arm-none-eabi/10.3.1/thumb/v7e-m+fp/hard\libgcc.a(_dvmd_tls.o)
                0x00000000080005c0                __aeabi_idiv0
                0x00000000080005c0                __aeabi_ldiv0
 *(.text*)
 .text.usMBCRC16
                0x00000000080005c4       0x6c ./Core/Src/ModBusCRC.o
                0x00000000080005c4                usMBCRC16
 .text.main     0x0000000008000630      0x1a0 ./Core/Src/main.o
                0x0000000008000630                main
 .text.SystemClock_Config
                0x00000000080007d0       0xdc ./Core/Src/main.o
                0x00000000080007d0                SystemClock_Config
 .text.MX_I2C1_Init
                0x00000000080008ac       0x5c ./Core/Src/main.o
 .text.MX_SPI2_Init
                0x0000000008000908       0x6c ./Core/Src/main.o
 .text.MX_USART1_UART_Init
                0x0000000008000974       0x54 ./Core/Src/main.o
 .text.MX_USART2_UART_Init
                0x00000000080009c8       0x54 ./Core/Src/main.o
 .text.MX_DMA_Init
                0x0000000008000a1c       0x8c ./Core/Src/main.o
 .text.MX_GPIO_Init
                0x0000000008000aa8      0x13c ./Core/Src/main.o
 .text.HAL_UART_RxCpltCallback
                0x0000000008000be4       0x2c ./Core/Src/main.o
                0x0000000008000be4                HAL_UART_RxCpltCallback
 .text.HAL_UART_TxCpltCallback
                0x0000000008000c10       0x2c ./Core/Src/main.o
                0x0000000008000c10                HAL_UART_TxCpltCallback
 .text.SPI2_Init_Master
                0x0000000008000c3c       0x64 ./Core/Src/main.o
                0x0000000008000c3c                SPI2_Init_Master
 .text.Make_MQTT_send_string
                0x0000000008000ca0       0x94 ./Core/Src/main.o
                0x0000000008000ca0                Make_MQTT_send_string
 .text.String_in_SIM800BuffRx
                0x0000000008000d34       0x88 ./Core/Src/main.o
                0x0000000008000d34                String_in_SIM800BuffRx
 .text.String_in_String
                0x0000000008000dbc       0x8e ./Core/Src/main.o
                0x0000000008000dbc                String_in_String
 *fill*         0x0000000008000e4a        0x2 
 .text.USER_UART_IRQHandler
                0x0000000008000e4c       0xcc ./Core/Src/main.o
                0x0000000008000e4c                USER_UART_IRQHandler
 .text.SIM800_Ans
                0x0000000008000f18       0xac ./Core/Src/main.o
                0x0000000008000f18                SIM800_Ans
 .text.StartDefaultTask
                0x0000000008000fc4       0x84 ./Core/Src/main.o
                0x0000000008000fc4                StartDefaultTask
 .text.StartGetDataTask
                0x0000000008001048      0x1bc ./Core/Src/main.o
                0x0000000008001048                StartGetDataTask
 .text.StartDebugTask
                0x0000000008001204       0x20 ./Core/Src/main.o
                0x0000000008001204                StartDebugTask
 .text.StartSIM800SendTask
                0x0000000008001224      0x17c ./Core/Src/main.o
                0x0000000008001224                StartSIM800SendTask
 .text.PINGStartTask
                0x00000000080013a0      0x2a0 ./Core/Src/main.o
                0x00000000080013a0                PINGStartTask
 .text.StartSIM800Task
                0x0000000008001640      0x564 ./Core/Src/main.o
                0x0000000008001640                StartSIM800Task
 .text.StartMQTTConnectTask
                0x0000000008001ba4      0x5ac ./Core/Src/main.o
                0x0000000008001ba4                StartMQTTConnectTask
 .text.StartMessHandlerTask
                0x0000000008002150      0x17c ./Core/Src/main.o
                0x0000000008002150                StartMessHandlerTask
 .text.StartGetFirmware
                0x00000000080022cc      0x938 ./Core/Src/main.o
                0x00000000080022cc                StartGetFirmware
 .text.CallbackPingTimer
                0x0000000008002c04       0x20 ./Core/Src/main.o
                0x0000000008002c04                CallbackPingTimer
 .text.CallbackDataTimer
                0x0000000008002c24       0x20 ./Core/Src/main.o
                0x0000000008002c24                CallbackDataTimer
 .text.HAL_TIM_PeriodElapsedCallback
                0x0000000008002c44       0x24 ./Core/Src/main.o
                0x0000000008002c44                HAL_TIM_PeriodElapsedCallback
 .text.Error_Handler
                0x0000000008002c68        0xa ./Core/Src/main.o
                0x0000000008002c68                Error_Handler
 *fill*         0x0000000008002c72        0x2 
 .text.HAL_MspInit
                0x0000000008002c74       0x58 ./Core/Src/stm32f4xx_hal_msp.o
                0x0000000008002c74                HAL_MspInit
 .text.HAL_I2C_MspInit
                0x0000000008002ccc       0x90 ./Core/Src/stm32f4xx_hal_msp.o
                0x0000000008002ccc                HAL_I2C_MspInit
 .text.HAL_SPI_MspInit
                0x0000000008002d5c       0x90 ./Core/Src/stm32f4xx_hal_msp.o
                0x0000000008002d5c                HAL_SPI_MspInit
 .text.HAL_UART_MspInit
                0x0000000008002dec      0x2ac ./Core/Src/stm32f4xx_hal_msp.o
                0x0000000008002dec                HAL_UART_MspInit
 .text.HAL_InitTick
                0x0000000008003098       0xb4 ./Core/Src/stm32f4xx_hal_timebase_tim.o
                0x0000000008003098                HAL_InitTick
 .text.NMI_Handler
                0x000000000800314c        0x6 ./Core/Src/stm32f4xx_it.o
                0x000000000800314c                NMI_Handler
 .text.HardFault_Handler
                0x0000000008003152        0x6 ./Core/Src/stm32f4xx_it.o
                0x0000000008003152                HardFault_Handler
 .text.MemManage_Handler
                0x0000000008003158        0x6 ./Core/Src/stm32f4xx_it.o
                0x0000000008003158                MemManage_Handler
 .text.BusFault_Handler
                0x000000000800315e        0x6 ./Core/Src/stm32f4xx_it.o
                0x000000000800315e                BusFault_Handler
 .text.UsageFault_Handler
                0x0000000008003164        0x6 ./Core/Src/stm32f4xx_it.o
                0x0000000008003164                UsageFault_Handler
 .text.DebugMon_Handler
                0x000000000800316a        0xe ./Core/Src/stm32f4xx_it.o
                0x000000000800316a                DebugMon_Handler
 .text.DMA1_Stream5_IRQHandler
                0x0000000008003178       0x14 ./Core/Src/stm32f4xx_it.o
                0x0000000008003178                DMA1_Stream5_IRQHandler
 .text.DMA1_Stream6_IRQHandler
                0x000000000800318c       0x14 ./Core/Src/stm32f4xx_it.o
                0x000000000800318c                DMA1_Stream6_IRQHandler
 .text.TIM1_UP_TIM10_IRQHandler
                0x00000000080031a0       0x14 ./Core/Src/stm32f4xx_it.o
                0x00000000080031a0                TIM1_UP_TIM10_IRQHandler
 .text.USART1_IRQHandler
                0x00000000080031b4       0x18 ./Core/Src/stm32f4xx_it.o
                0x00000000080031b4                USART1_IRQHandler
 .text.USART2_IRQHandler
                0x00000000080031cc       0x18 ./Core/Src/stm32f4xx_it.o
                0x00000000080031cc                USART2_IRQHandler
 .text.DMA2_Stream2_IRQHandler
                0x00000000080031e4       0x14 ./Core/Src/stm32f4xx_it.o
                0x00000000080031e4                DMA2_Stream2_IRQHandler
 .text.DMA2_Stream7_IRQHandler
                0x00000000080031f8       0x14 ./Core/Src/stm32f4xx_it.o
                0x00000000080031f8                DMA2_Stream7_IRQHandler
 .text._sbrk    0x000000000800320c       0x6c ./Core/Src/sysmem.o
                0x000000000800320c                _sbrk
 .text.SystemInit
                0x0000000008003278       0x24 ./Core/Src/system_stm32f4xx.o
                0x0000000008003278                SystemInit
 .text.W25qxx_Spi
                0x000000000800329c       0x2c ./Core/Src/w25qxx.o
                0x000000000800329c                W25qxx_Spi
 .text.W25qxx_ReadID
                0x00000000080032c8       0x70 ./Core/Src/w25qxx.o
                0x00000000080032c8                W25qxx_ReadID
 .text.W25qxx_WriteEnable
                0x0000000008003338       0x30 ./Core/Src/w25qxx.o
                0x0000000008003338                W25qxx_WriteEnable
 .text.W25qxx_WaitForWriteEnd
                0x0000000008003368       0x58 ./Core/Src/w25qxx.o
                0x0000000008003368                W25qxx_WaitForWriteEnd
 .text.W25qxx_Init
                0x00000000080033c0      0x4c8 ./Core/Src/w25qxx.o
                0x00000000080033c0                W25qxx_Init
 .text.W25qxx_EraseSector
                0x0000000008003888       0xac ./Core/Src/w25qxx.o
                0x0000000008003888                W25qxx_EraseSector
 .text.W25qxx_WritePage
                0x0000000008003934      0x104 ./Core/Src/w25qxx.o
                0x0000000008003934                W25qxx_WritePage
 .text.Reset_Handler
                0x0000000008003a38       0x50 ./Core/Startup/startup_stm32f446rctx.o
                0x0000000008003a38                Reset_Handler
 .text.Default_Handler
                0x0000000008003a88        0x2 ./Core/Startup/startup_stm32f446rctx.o
                0x0000000008003a88                RTC_Alarm_IRQHandler
                0x0000000008003a88                EXTI2_IRQHandler
                0x0000000008003a88                TIM8_CC_IRQHandler
                0x0000000008003a88                FMPI2C1_EV_IRQHandler
                0x0000000008003a88                SPI4_IRQHandler
                0x0000000008003a88                TIM1_CC_IRQHandler
                0x0000000008003a88                DMA2_Stream5_IRQHandler
                0x0000000008003a88                PVD_IRQHandler
                0x0000000008003a88                SDIO_IRQHandler
                0x0000000008003a88                TAMP_STAMP_IRQHandler
                0x0000000008003a88                CAN2_RX1_IRQHandler
                0x0000000008003a88                EXTI3_IRQHandler
                0x0000000008003a88                TIM8_TRG_COM_TIM14_IRQHandler
                0x0000000008003a88                TIM8_UP_TIM13_IRQHandler
                0x0000000008003a88                I2C3_ER_IRQHandler
                0x0000000008003a88                EXTI0_IRQHandler
                0x0000000008003a88                I2C2_EV_IRQHandler
                0x0000000008003a88                DMA1_Stream2_IRQHandler
                0x0000000008003a88                CAN1_RX0_IRQHandler
                0x0000000008003a88                FPU_IRQHandler
                0x0000000008003a88                OTG_HS_WKUP_IRQHandler
                0x0000000008003a88                CAN2_SCE_IRQHandler
                0x0000000008003a88                SPI1_IRQHandler
                0x0000000008003a88                TIM6_DAC_IRQHandler
                0x0000000008003a88                TIM1_BRK_TIM9_IRQHandler
                0x0000000008003a88                DCMI_IRQHandler
                0x0000000008003a88                CAN2_RX0_IRQHandler
                0x0000000008003a88                DMA2_Stream3_IRQHandler
                0x0000000008003a88                SAI2_IRQHandler
                0x0000000008003a88                USART6_IRQHandler
                0x0000000008003a88                USART3_IRQHandler
                0x0000000008003a88                CAN1_RX1_IRQHandler
                0x0000000008003a88                UART5_IRQHandler
                0x0000000008003a88                DMA2_Stream0_IRQHandler
                0x0000000008003a88                TIM4_IRQHandler
                0x0000000008003a88                QUADSPI_IRQHandler
                0x0000000008003a88                I2C1_EV_IRQHandler
                0x0000000008003a88                DMA1_Stream1_IRQHandler
                0x0000000008003a88                UART4_IRQHandler
                0x0000000008003a88                TIM3_IRQHandler
                0x0000000008003a88                RCC_IRQHandler
                0x0000000008003a88                TIM8_BRK_TIM12_IRQHandler
                0x0000000008003a88                Default_Handler
                0x0000000008003a88                CEC_IRQHandler
                0x0000000008003a88                EXTI15_10_IRQHandler
                0x0000000008003a88                ADC_IRQHandler
                0x0000000008003a88                DMA1_Stream7_IRQHandler
                0x0000000008003a88                TIM7_IRQHandler
                0x0000000008003a88                CAN2_TX_IRQHandler
                0x0000000008003a88                TIM5_IRQHandler
                0x0000000008003a88                I2C3_EV_IRQHandler
                0x0000000008003a88                EXTI9_5_IRQHandler
                0x0000000008003a88                RTC_WKUP_IRQHandler
                0x0000000008003a88                SPDIF_RX_IRQHandler
                0x0000000008003a88                SPI2_IRQHandler
                0x0000000008003a88                OTG_HS_EP1_IN_IRQHandler
                0x0000000008003a88                DMA1_Stream0_IRQHandler
                0x0000000008003a88                CAN1_TX_IRQHandler
                0x0000000008003a88                FMPI2C1_ER_IRQHandler
                0x0000000008003a88                EXTI4_IRQHandler
                0x0000000008003a88                OTG_HS_EP1_OUT_IRQHandler
                0x0000000008003a88                WWDG_IRQHandler
                0x0000000008003a88                TIM2_IRQHandler
                0x0000000008003a88                OTG_FS_WKUP_IRQHandler
                0x0000000008003a88                TIM1_TRG_COM_TIM11_IRQHandler
                0x0000000008003a88                OTG_HS_IRQHandler
                0x0000000008003a88                EXTI1_IRQHandler
                0x0000000008003a88                I2C2_ER_IRQHandler
                0x0000000008003a88                DMA2_Stream1_IRQHandler
                0x0000000008003a88                CAN1_SCE_IRQHandler
                0x0000000008003a88                FLASH_IRQHandler
                0x0000000008003a88                DMA2_Stream4_IRQHandler
                0x0000000008003a88                OTG_FS_IRQHandler
                0x0000000008003a88                SPI3_IRQHandler
                0x0000000008003a88                DMA1_Stream4_IRQHandler
                0x0000000008003a88                I2C1_ER_IRQHandler
                0x0000000008003a88                FMC_IRQHandler
                0x0000000008003a88                DMA2_Stream6_IRQHandler
                0x0000000008003a88                SAI1_IRQHandler
                0x0000000008003a88                DMA1_Stream3_IRQHandler
 *fill*         0x0000000008003a8a        0x2 
 .text.HAL_Init
                0x0000000008003a8c       0x44 ./Drivers/STM32F4xx_HAL_Driver/Src/stm32f4xx_hal.o
                0x0000000008003a8c                HAL_Init
 .text.HAL_IncTick
                0x0000000008003ad0       0x28 ./Drivers/STM32F4xx_HAL_Driver/Src/stm32f4xx_hal.o
                0x0000000008003ad0                HAL_IncTick
 .text.HAL_GetTick
                0x0000000008003af8       0x18 ./Drivers/STM32F4xx_HAL_Driver/Src/stm32f4xx_hal.o
                0x0000000008003af8                HAL_GetTick
 .text.HAL_Delay
                0x0000000008003b10       0x48 ./Drivers/STM32F4xx_HAL_Driver/Src/stm32f4xx_hal.o
                0x0000000008003b10                HAL_Delay
 .text.__NVIC_SetPriorityGrouping
                0x0000000008003b58       0x48 ./Drivers/STM32F4xx_HAL_Driver/Src/stm32f4xx_hal_cortex.o
 .text.__NVIC_GetPriorityGrouping
                0x0000000008003ba0       0x1c ./Drivers/STM32F4xx_HAL_Driver/Src/stm32f4xx_hal_cortex.o
 .text.__NVIC_EnableIRQ
                0x0000000008003bbc       0x3c ./Drivers/STM32F4xx_HAL_Driver/Src/stm32f4xx_hal_cortex.o
 .text.__NVIC_SetPriority
                0x0000000008003bf8       0x54 ./Drivers/STM32F4xx_HAL_Driver/Src/stm32f4xx_hal_cortex.o
 .text.NVIC_EncodePriority
                0x0000000008003c4c       0x66 ./Drivers/STM32F4xx_HAL_Driver/Src/stm32f4xx_hal_cortex.o
 *fill*         0x0000000008003cb2        0x2 
 .text.__NVIC_SystemReset
                0x0000000008003cb4       0x2c ./Drivers/STM32F4xx_HAL_Driver/Src/stm32f4xx_hal_cortex.o
 .text.HAL_NVIC_SetPriorityGrouping
                0x0000000008003ce0       0x16 ./Drivers/STM32F4xx_HAL_Driver/Src/stm32f4xx_hal_cortex.o
                0x0000000008003ce0                HAL_NVIC_SetPriorityGrouping
 .text.HAL_NVIC_SetPriority
                0x0000000008003cf6       0x38 ./Drivers/STM32F4xx_HAL_Driver/Src/stm32f4xx_hal_cortex.o
                0x0000000008003cf6                HAL_NVIC_SetPriority
 .text.HAL_NVIC_EnableIRQ
                0x0000000008003d2e       0x1c ./Drivers/STM32F4xx_HAL_Driver/Src/stm32f4xx_hal_cortex.o
                0x0000000008003d2e                HAL_NVIC_EnableIRQ
 .text.HAL_NVIC_SystemReset
                0x0000000008003d4a        0x8 ./Drivers/STM32F4xx_HAL_Driver/Src/stm32f4xx_hal_cortex.o
                0x0000000008003d4a                HAL_NVIC_SystemReset
 *fill*         0x0000000008003d52        0x2 
 .text.HAL_DMA_Init
                0x0000000008003d54      0x15c ./Drivers/STM32F4xx_HAL_Driver/Src/stm32f4xx_hal_dma.o
                0x0000000008003d54                HAL_DMA_Init
 .text.HAL_DMA_Start_IT
                0x0000000008003eb0       0xb0 ./Drivers/STM32F4xx_HAL_Driver/Src/stm32f4xx_hal_dma.o
                0x0000000008003eb0                HAL_DMA_Start_IT
 .text.HAL_DMA_Abort
                0x0000000008003f60       0xe0 ./Drivers/STM32F4xx_HAL_Driver/Src/stm32f4xx_hal_dma.o
                0x0000000008003f60                HAL_DMA_Abort
 .text.HAL_DMA_Abort_IT
                0x0000000008004040       0x44 ./Drivers/STM32F4xx_HAL_Driver/Src/stm32f4xx_hal_dma.o
                0x0000000008004040                HAL_DMA_Abort_IT
 .text.HAL_DMA_IRQHandler
                0x0000000008004084      0x314 ./Drivers/STM32F4xx_HAL_Driver/Src/stm32f4xx_hal_dma.o
                0x0000000008004084                HAL_DMA_IRQHandler
 .text.DMA_SetConfig
                0x0000000008004398       0x5c ./Drivers/STM32F4xx_HAL_Driver/Src/stm32f4xx_hal_dma.o
 .text.DMA_CalcBaseAndBitshift
                0x00000000080043f4       0x6c ./Drivers/STM32F4xx_HAL_Driver/Src/stm32f4xx_hal_dma.o
 .text.DMA_CheckFifoParam
                0x0000000008004460       0xf8 ./Drivers/STM32F4xx_HAL_Driver/Src/stm32f4xx_hal_dma.o
 .text.HAL_GPIO_Init
                0x0000000008004558      0x328 ./Drivers/STM32F4xx_HAL_Driver/Src/stm32f4xx_hal_gpio.o
                0x0000000008004558                HAL_GPIO_Init
 .text.HAL_GPIO_ReadPin
                0x0000000008004880       0x30 ./Drivers/STM32F4xx_HAL_Driver/Src/stm32f4xx_hal_gpio.o
                0x0000000008004880                HAL_GPIO_ReadPin
 .text.HAL_GPIO_WritePin
                0x00000000080048b0       0x32 ./Drivers/STM32F4xx_HAL_Driver/Src/stm32f4xx_hal_gpio.o
                0x00000000080048b0                HAL_GPIO_WritePin
 .text.HAL_GPIO_TogglePin
                0x00000000080048e2       0x34 ./Drivers/STM32F4xx_HAL_Driver/Src/stm32f4xx_hal_gpio.o
                0x00000000080048e2                HAL_GPIO_TogglePin
 *fill*         0x0000000008004916        0x2 
 .text.HAL_I2C_Init
                0x0000000008004918      0x288 ./Drivers/STM32F4xx_HAL_Driver/Src/stm32f4xx_hal_i2c.o
                0x0000000008004918                HAL_I2C_Init
 .text.HAL_RCC_ClockConfig
                0x0000000008004ba0      0x1cc ./Drivers/STM32F4xx_HAL_Driver/Src/stm32f4xx_hal_rcc.o
                0x0000000008004ba0                HAL_RCC_ClockConfig
 .text.HAL_RCC_GetHCLKFreq
                0x0000000008004d6c       0x18 ./Drivers/STM32F4xx_HAL_Driver/Src/stm32f4xx_hal_rcc.o
                0x0000000008004d6c                HAL_RCC_GetHCLKFreq
 .text.HAL_RCC_GetPCLK1Freq
                0x0000000008004d84       0x28 ./Drivers/STM32F4xx_HAL_Driver/Src/stm32f4xx_hal_rcc.o
                0x0000000008004d84                HAL_RCC_GetPCLK1Freq
 .text.HAL_RCC_GetPCLK2Freq
                0x0000000008004dac       0x28 ./Drivers/STM32F4xx_HAL_Driver/Src/stm32f4xx_hal_rcc.o
                0x0000000008004dac                HAL_RCC_GetPCLK2Freq
 .text.HAL_RCC_GetClockConfig
                0x0000000008004dd4       0x64 ./Drivers/STM32F4xx_HAL_Driver/Src/stm32f4xx_hal_rcc.o
                0x0000000008004dd4                HAL_RCC_GetClockConfig
 .text.HAL_RCC_GetSysClockFreq
                0x0000000008004e38      0x354 ./Drivers/STM32F4xx_HAL_Driver/Src/stm32f4xx_hal_rcc_ex.o
                0x0000000008004e38                HAL_RCC_GetSysClockFreq
 .text.HAL_RCC_OscConfig
                0x000000000800518c      0x53c ./Drivers/STM32F4xx_HAL_Driver/Src/stm32f4xx_hal_rcc_ex.o
                0x000000000800518c                HAL_RCC_OscConfig
 .text.HAL_SPI_Init
                0x00000000080056c8      0x112 ./Drivers/STM32F4xx_HAL_Driver/Src/stm32f4xx_hal_spi.o
                0x00000000080056c8                HAL_SPI_Init
 .text.HAL_SPI_Transmit
                0x00000000080057da      0x278 ./Drivers/STM32F4xx_HAL_Driver/Src/stm32f4xx_hal_spi.o
                0x00000000080057da                HAL_SPI_Transmit
 .text.HAL_SPI_TransmitReceive
                0x0000000008005a52      0x344 ./Drivers/STM32F4xx_HAL_Driver/Src/stm32f4xx_hal_spi.o
                0x0000000008005a52                HAL_SPI_TransmitReceive
 *fill*         0x0000000008005d96        0x2 
 .text.SPI_WaitFlagStateUntilTimeout
                0x0000000008005d98      0x110 ./Drivers/STM32F4xx_HAL_Driver/Src/stm32f4xx_hal_spi.o
 .text.SPI_EndRxTxTransaction
                0x0000000008005ea8       0x84 ./Drivers/STM32F4xx_HAL_Driver/Src/stm32f4xx_hal_spi.o
 .text.HAL_TIM_Base_Init
                0x0000000008005f2c       0x9e ./Drivers/STM32F4xx_HAL_Driver/Src/stm32f4xx_hal_tim.o
                0x0000000008005f2c                HAL_TIM_Base_Init
 .text.HAL_TIM_Base_MspInit
                0x0000000008005fca       0x14 ./Drivers/STM32F4xx_HAL_Driver/Src/stm32f4xx_hal_tim.o
                0x0000000008005fca                HAL_TIM_Base_MspInit
 *fill*         0x0000000008005fde        0x2 
 .text.HAL_TIM_Base_Start_IT
                0x0000000008005fe0       0xe0 ./Drivers/STM32F4xx_HAL_Driver/Src/stm32f4xx_hal_tim.o
                0x0000000008005fe0                HAL_TIM_Base_Start_IT
 .text.HAL_TIM_IRQHandler
                0x00000000080060c0      0x210 ./Drivers/STM32F4xx_HAL_Driver/Src/stm32f4xx_hal_tim.o
                0x00000000080060c0                HAL_TIM_IRQHandler
 .text.HAL_TIM_OC_DelayElapsedCallback
                0x00000000080062d0       0x14 ./Drivers/STM32F4xx_HAL_Driver/Src/stm32f4xx_hal_tim.o
                0x00000000080062d0                HAL_TIM_OC_DelayElapsedCallback
 .text.HAL_TIM_IC_CaptureCallback
                0x00000000080062e4       0x14 ./Drivers/STM32F4xx_HAL_Driver/Src/stm32f4xx_hal_tim.o
                0x00000000080062e4                HAL_TIM_IC_CaptureCallback
 .text.HAL_TIM_PWM_PulseFinishedCallback
                0x00000000080062f8       0x14 ./Drivers/STM32F4xx_HAL_Driver/Src/stm32f4xx_hal_tim.o
                0x00000000080062f8                HAL_TIM_PWM_PulseFinishedCallback
 .text.HAL_TIM_TriggerCallback
                0x000000000800630c       0x14 ./Drivers/STM32F4xx_HAL_Driver/Src/stm32f4xx_hal_tim.o
                0x000000000800630c                HAL_TIM_TriggerCallback
 .text.TIM_Base_SetConfig
                0x0000000008006320      0x140 ./Drivers/STM32F4xx_HAL_Driver/Src/stm32f4xx_hal_tim.o
                0x0000000008006320                TIM_Base_SetConfig
 .text.HAL_TIMEx_CommutCallback
                0x0000000008006460       0x14 ./Drivers/STM32F4xx_HAL_Driver/Src/stm32f4xx_hal_tim_ex.o
                0x0000000008006460                HAL_TIMEx_CommutCallback
 .text.HAL_TIMEx_BreakCallback
                0x0000000008006474       0x14 ./Drivers/STM32F4xx_HAL_Driver/Src/stm32f4xx_hal_tim_ex.o
                0x0000000008006474                HAL_TIMEx_BreakCallback
 .text.HAL_UART_Init
                0x0000000008006488       0x9a ./Drivers/STM32F4xx_HAL_Driver/Src/stm32f4xx_hal_uart.o
                0x0000000008006488                HAL_UART_Init
 .text.HAL_UART_Transmit
                0x0000000008006522      0x124 ./Drivers/STM32F4xx_HAL_Driver/Src/stm32f4xx_hal_uart.o
                0x0000000008006522                HAL_UART_Transmit
 .text.HAL_UART_Transmit_IT
                0x0000000008006646       0x8a ./Drivers/STM32F4xx_HAL_Driver/Src/stm32f4xx_hal_uart.o
                0x0000000008006646                HAL_UART_Transmit_IT
 .text.HAL_UART_Transmit_DMA
                0x00000000080066d0       0xfc ./Drivers/STM32F4xx_HAL_Driver/Src/stm32f4xx_hal_uart.o
                0x00000000080066d0                HAL_UART_Transmit_DMA
 .text.HAL_UART_Receive_DMA
                0x00000000080067cc       0x60 ./Drivers/STM32F4xx_HAL_Driver/Src/stm32f4xx_hal_uart.o
                0x00000000080067cc                HAL_UART_Receive_DMA
 .text.HAL_UART_DMAStop
                0x000000000800682c       0xfe ./Drivers/STM32F4xx_HAL_Driver/Src/stm32f4xx_hal_uart.o
                0x000000000800682c                HAL_UART_DMAStop
 *fill*         0x000000000800692a        0x2 
 .text.HAL_UART_IRQHandler
                0x000000000800692c      0x51c ./Drivers/STM32F4xx_HAL_Driver/Src/stm32f4xx_hal_uart.o
                0x000000000800692c                HAL_UART_IRQHandler
 .text.HAL_UART_TxHalfCpltCallback
                0x0000000008006e48       0x14 ./Drivers/STM32F4xx_HAL_Driver/Src/stm32f4xx_hal_uart.o
                0x0000000008006e48                HAL_UART_TxHalfCpltCallback
 .text.HAL_UART_RxHalfCpltCallback
                0x0000000008006e5c       0x14 ./Drivers/STM32F4xx_HAL_Driver/Src/stm32f4xx_hal_uart.o
                0x0000000008006e5c                HAL_UART_RxHalfCpltCallback
 .text.HAL_UART_ErrorCallback
                0x0000000008006e70       0x14 ./Drivers/STM32F4xx_HAL_Driver/Src/stm32f4xx_hal_uart.o
                0x0000000008006e70                HAL_UART_ErrorCallback
 .text.HAL_UARTEx_RxEventCallback
                0x0000000008006e84       0x18 ./Drivers/STM32F4xx_HAL_Driver/Src/stm32f4xx_hal_uart.o
                0x0000000008006e84                HAL_UARTEx_RxEventCallback
 .text.UART_DMATransmitCplt
                0x0000000008006e9c       0x9a ./Drivers/STM32F4xx_HAL_Driver/Src/stm32f4xx_hal_uart.o
 .text.UART_DMATxHalfCplt
                0x0000000008006f36       0x1c ./Drivers/STM32F4xx_HAL_Driver/Src/stm32f4xx_hal_uart.o
 .text.UART_DMAReceiveCplt
                0x0000000008006f52      0x126 ./Drivers/STM32F4xx_HAL_Driver/Src/stm32f4xx_hal_uart.o
 .text.UART_DMARxHalfCplt
                0x0000000008007078       0x36 ./Drivers/STM32F4xx_HAL_Driver/Src/stm32f4xx_hal_uart.o
 .text.UART_DMAError
                0x00000000080070ae       0x94 ./Drivers/STM32F4xx_HAL_Driver/Src/stm32f4xx_hal_uart.o
 .text.UART_WaitOnFlagUntilTimeout
                0x0000000008007142       0xdc ./Drivers/STM32F4xx_HAL_Driver/Src/stm32f4xx_hal_uart.o
 *fill*         0x000000000800721e        0x2 
 .text.UART_Start_Receive_DMA
                0x0000000008007220      0x134 ./Drivers/STM32F4xx_HAL_Driver/Src/stm32f4xx_hal_uart.o
                0x0000000008007220                UART_Start_Receive_DMA
 .text.UART_EndTxTransfer
                0x0000000008007354       0x50 ./Drivers/STM32F4xx_HAL_Driver/Src/stm32f4xx_hal_uart.o
 .text.UART_EndRxTransfer
                0x00000000080073a4       0xc6 ./Drivers/STM32F4xx_HAL_Driver/Src/stm32f4xx_hal_uart.o
 .text.UART_DMAAbortOnError
                0x000000000800746a       0x28 ./Drivers/STM32F4xx_HAL_Driver/Src/stm32f4xx_hal_uart.o
 .text.UART_Transmit_IT
                0x0000000008007492       0xa0 ./Drivers/STM32F4xx_HAL_Driver/Src/stm32f4xx_hal_uart.o
 .text.UART_EndTransmit_IT
                0x0000000008007532       0x30 ./Drivers/STM32F4xx_HAL_Driver/Src/stm32f4xx_hal_uart.o
 .text.UART_Receive_IT
                0x0000000008007562      0x176 ./Drivers/STM32F4xx_HAL_Driver/Src/stm32f4xx_hal_uart.o
 .text.UART_SetConfig
                0x00000000080076d8      0x4e8 ./Drivers/STM32F4xx_HAL_Driver/Src/stm32f4xx_hal_uart.o
 .text.__NVIC_SetPriority
                0x0000000008007bc0       0x54 ./Middlewares/Third_Party/FreeRTOS/Source/CMSIS_RTOS_V2/cmsis_os2.o
 .text.SysTick_Handler
                0x0000000008007c14       0x20 ./Middlewares/Third_Party/FreeRTOS/Source/CMSIS_RTOS_V2/cmsis_os2.o
                0x0000000008007c14                SysTick_Handler
 .text.SVC_Setup
                0x0000000008007c34       0x12 ./Middlewares/Third_Party/FreeRTOS/Source/CMSIS_RTOS_V2/cmsis_os2.o
 *fill*         0x0000000008007c46        0x2 
 .text.osKernelInitialize
                0x0000000008007c48       0x48 ./Middlewares/Third_Party/FreeRTOS/Source/CMSIS_RTOS_V2/cmsis_os2.o
                0x0000000008007c48                osKernelInitialize
 .text.osKernelStart
                0x0000000008007c90       0x4c ./Middlewares/Third_Party/FreeRTOS/Source/CMSIS_RTOS_V2/cmsis_os2.o
                0x0000000008007c90                osKernelStart
 .text.osThreadNew
                0x0000000008007cdc      0x124 ./Middlewares/Third_Party/FreeRTOS/Source/CMSIS_RTOS_V2/cmsis_os2.o
                0x0000000008007cdc                osThreadNew
 .text.osThreadTerminate
                0x0000000008007e00       0x5a ./Middlewares/Third_Party/FreeRTOS/Source/CMSIS_RTOS_V2/cmsis_os2.o
                0x0000000008007e00                osThreadTerminate
 .text.osDelay  0x0000000008007e5a       0x36 ./Middlewares/Third_Party/FreeRTOS/Source/CMSIS_RTOS_V2/cmsis_os2.o
                0x0000000008007e5a                osDelay
 .text.TimerCallback
                0x0000000008007e90       0x2a ./Middlewares/Third_Party/FreeRTOS/Source/CMSIS_RTOS_V2/cmsis_os2.o
 *fill*         0x0000000008007eba        0x2 
 .text.osTimerNew
                0x0000000008007ebc       0xf8 ./Middlewares/Third_Party/FreeRTOS/Source/CMSIS_RTOS_V2/cmsis_os2.o
                0x0000000008007ebc                osTimerNew
 .text.osTimerStart
                0x0000000008007fb4       0x5c ./Middlewares/Third_Party/FreeRTOS/Source/CMSIS_RTOS_V2/cmsis_os2.o
                0x0000000008007fb4                osTimerStart
 .text.osMutexNew
                0x0000000008008010      0x10c ./Middlewares/Third_Party/FreeRTOS/Source/CMSIS_RTOS_V2/cmsis_os2.o
                0x0000000008008010                osMutexNew
 .text.osMutexAcquire
                0x000000000800811c       0x96 ./Middlewares/Third_Party/FreeRTOS/Source/CMSIS_RTOS_V2/cmsis_os2.o
                0x000000000800811c                osMutexAcquire
 .text.osMutexRelease
                0x00000000080081b2       0x7a ./Middlewares/Third_Party/FreeRTOS/Source/CMSIS_RTOS_V2/cmsis_os2.o
                0x00000000080081b2                osMutexRelease
 .text.osSemaphoreNew
                0x000000000800822c      0x112 ./Middlewares/Third_Party/FreeRTOS/Source/CMSIS_RTOS_V2/cmsis_os2.o
                0x000000000800822c                osSemaphoreNew
 *fill*         0x000000000800833e        0x2 
 .text.osSemaphoreAcquire
                0x0000000008008340       0xa4 ./Middlewares/Third_Party/FreeRTOS/Source/CMSIS_RTOS_V2/cmsis_os2.o
                0x0000000008008340                osSemaphoreAcquire
 .text.osSemaphoreRelease
                0x00000000080083e4       0x88 ./Middlewares/Third_Party/FreeRTOS/Source/CMSIS_RTOS_V2/cmsis_os2.o
                0x00000000080083e4                osSemaphoreRelease
 .text.osMessageQueueNew
                0x000000000800846c       0xe6 ./Middlewares/Third_Party/FreeRTOS/Source/CMSIS_RTOS_V2/cmsis_os2.o
                0x000000000800846c                osMessageQueueNew
 *fill*         0x0000000008008552        0x2 
 .text.osMessageQueuePut
                0x0000000008008554       0xc0 ./Middlewares/Third_Party/FreeRTOS/Source/CMSIS_RTOS_V2/cmsis_os2.o
                0x0000000008008554                osMessageQueuePut
 .text.osMessageQueueGet
                0x0000000008008614       0xbc ./Middlewares/Third_Party/FreeRTOS/Source/CMSIS_RTOS_V2/cmsis_os2.o
                0x0000000008008614                osMessageQueueGet
 .text.vApplicationGetIdleTaskMemory
                0x00000000080086d0       0x34 ./Middlewares/Third_Party/FreeRTOS/Source/CMSIS_RTOS_V2/cmsis_os2.o
                0x00000000080086d0                vApplicationGetIdleTaskMemory
 .text.vApplicationGetTimerTaskMemory
                0x0000000008008704       0x34 ./Middlewares/Third_Party/FreeRTOS/Source/CMSIS_RTOS_V2/cmsis_os2.o
                0x0000000008008704                vApplicationGetTimerTaskMemory
 .text.vListInitialise
                0x0000000008008738       0x40 ./Middlewares/Third_Party/FreeRTOS/Source/list.o
                0x0000000008008738                vListInitialise
 .text.vListInitialiseItem
                0x0000000008008778       0x1a ./Middlewares/Third_Party/FreeRTOS/Source/list.o
                0x0000000008008778                vListInitialiseItem
 .text.vListInsertEnd
                0x0000000008008792       0x48 ./Middlewares/Third_Party/FreeRTOS/Source/list.o
                0x0000000008008792                vListInsertEnd
 .text.vListInsert
                0x00000000080087da       0x72 ./Middlewares/Third_Party/FreeRTOS/Source/list.o
                0x00000000080087da                vListInsert
 .text.uxListRemove
                0x000000000800884c       0x54 ./Middlewares/Third_Party/FreeRTOS/Source/list.o
                0x000000000800884c                uxListRemove
 .text.xQueueGenericReset
                0x00000000080088a0       0xd0 ./Middlewares/Third_Party/FreeRTOS/Source/queue.o
                0x00000000080088a0                xQueueGenericReset
 .text.xQueueGenericCreateStatic
                0x0000000008008970       0xf0 ./Middlewares/Third_Party/FreeRTOS/Source/queue.o
                0x0000000008008970                xQueueGenericCreateStatic
 .text.xQueueGenericCreate
                0x0000000008008a60       0x74 ./Middlewares/Third_Party/FreeRTOS/Source/queue.o
                0x0000000008008a60                xQueueGenericCreate
 .text.prvInitialiseNewQueue
                0x0000000008008ad4       0x46 ./Middlewares/Third_Party/FreeRTOS/Source/queue.o
 .text.prvInitialiseMutex
                0x0000000008008b1a       0x34 ./Middlewares/Third_Party/FreeRTOS/Source/queue.o
 .text.xQueueCreateMutex
                0x0000000008008b4e       0x30 ./Middlewares/Third_Party/FreeRTOS/Source/queue.o
                0x0000000008008b4e                xQueueCreateMutex
 .text.xQueueCreateMutexStatic
                0x0000000008008b7e       0x36 ./Middlewares/Third_Party/FreeRTOS/Source/queue.o
                0x0000000008008b7e                xQueueCreateMutexStatic
 .text.xQueueGiveMutexRecursive
                0x0000000008008bb4       0x68 ./Middlewares/Third_Party/FreeRTOS/Source/queue.o
                0x0000000008008bb4                xQueueGiveMutexRecursive
 .text.xQueueTakeMutexRecursive
                0x0000000008008c1c       0x6c ./Middlewares/Third_Party/FreeRTOS/Source/queue.o
                0x0000000008008c1c                xQueueTakeMutexRecursive
 .text.xQueueCreateCountingSemaphoreStatic
                0x0000000008008c88       0x6e ./Middlewares/Third_Party/FreeRTOS/Source/queue.o
                0x0000000008008c88                xQueueCreateCountingSemaphoreStatic
 .text.xQueueCreateCountingSemaphore
                0x0000000008008cf6       0x66 ./Middlewares/Third_Party/FreeRTOS/Source/queue.o
                0x0000000008008cf6                xQueueCreateCountingSemaphore
 .text.xQueueGenericSend
                0x0000000008008d5c      0x1fc ./Middlewares/Third_Party/FreeRTOS/Source/queue.o
                0x0000000008008d5c                xQueueGenericSend
 .text.xQueueGenericSendFromISR
                0x0000000008008f58      0x136 ./Middlewares/Third_Party/FreeRTOS/Source/queue.o
                0x0000000008008f58                xQueueGenericSendFromISR
 .text.xQueueGiveFromISR
                0x000000000800908e      0x11a ./Middlewares/Third_Party/FreeRTOS/Source/queue.o
                0x000000000800908e                xQueueGiveFromISR
 .text.xQueueReceive
                0x00000000080091a8      0x1c0 ./Middlewares/Third_Party/FreeRTOS/Source/queue.o
                0x00000000080091a8                xQueueReceive
 .text.xQueueSemaphoreTake
                0x0000000008009368      0x218 ./Middlewares/Third_Party/FreeRTOS/Source/queue.o
                0x0000000008009368                xQueueSemaphoreTake
 .text.xQueueReceiveFromISR
                0x0000000008009580      0x100 ./Middlewares/Third_Party/FreeRTOS/Source/queue.o
                0x0000000008009580                xQueueReceiveFromISR
 .text.vQueueDelete
                0x0000000008009680       0x46 ./Middlewares/Third_Party/FreeRTOS/Source/queue.o
                0x0000000008009680                vQueueDelete
 .text.prvGetDisinheritPriorityAfterTimeout
                0x00000000080096c6       0x30 ./Middlewares/Third_Party/FreeRTOS/Source/queue.o
 .text.prvCopyDataToQueue
                0x00000000080096f6       0xd4 ./Middlewares/Third_Party/FreeRTOS/Source/queue.o
 .text.prvCopyDataFromQueue
                0x00000000080097ca       0x4c ./Middlewares/Third_Party/FreeRTOS/Source/queue.o
 .text.prvUnlockQueue
                0x0000000008009816       0xa4 ./Middlewares/Third_Party/FreeRTOS/Source/queue.o
 .text.prvIsQueueEmpty
                0x00000000080098ba       0x2c ./Middlewares/Third_Party/FreeRTOS/Source/queue.o
 .text.prvIsQueueFull
                0x00000000080098e6       0x30 ./Middlewares/Third_Party/FreeRTOS/Source/queue.o
 *fill*         0x0000000008009916        0x2 
 .text.vQueueAddToRegistry
                0x0000000008009918       0x54 ./Middlewares/Third_Party/FreeRTOS/Source/queue.o
                0x0000000008009918                vQueueAddToRegistry
 .text.vQueueUnregisterQueue
                0x000000000800996c       0x54 ./Middlewares/Third_Party/FreeRTOS/Source/queue.o
                0x000000000800996c                vQueueUnregisterQueue
 .text.vQueueWaitForMessageRestricted
                0x00000000080099c0       0x68 ./Middlewares/Third_Party/FreeRTOS/Source/queue.o
                0x00000000080099c0                vQueueWaitForMessageRestricted
 .text.xTaskCreateStatic
                0x0000000008009a28       0xba ./Middlewares/Third_Party/FreeRTOS/Source/tasks.o
                0x0000000008009a28                xTaskCreateStatic
 .text.xTaskCreate
                0x0000000008009ae2       0x8a ./Middlewares/Third_Party/FreeRTOS/Source/tasks.o
                0x0000000008009ae2                xTaskCreate
 .text.prvInitialiseNewTask
                0x0000000008009b6c      0x11e ./Middlewares/Third_Party/FreeRTOS/Source/tasks.o
 *fill*         0x0000000008009c8a        0x2 
 .text.prvAddNewTaskToReadyList
                0x0000000008009c8c       0xe0 ./Middlewares/Third_Party/FreeRTOS/Source/tasks.o
 .text.vTaskDelete
                0x0000000008009d6c       0xe4 ./Middlewares/Third_Party/FreeRTOS/Source/tasks.o
                0x0000000008009d6c                vTaskDelete
 .text.vTaskDelay
                0x0000000008009e50       0x68 ./Middlewares/Third_Party/FreeRTOS/Source/tasks.o
                0x0000000008009e50                vTaskDelay
 .text.eTaskGetState
                0x0000000008009eb8       0xcc ./Middlewares/Third_Party/FreeRTOS/Source/tasks.o
                0x0000000008009eb8                eTaskGetState
 .text.vTaskStartScheduler
                0x0000000008009f84       0xcc ./Middlewares/Third_Party/FreeRTOS/Source/tasks.o
                0x0000000008009f84                vTaskStartScheduler
 .text.vTaskSuspendAll
                0x000000000800a050       0x1c ./Middlewares/Third_Party/FreeRTOS/Source/tasks.o
                0x000000000800a050                vTaskSuspendAll
 .text.xTaskResumeAll
                0x000000000800a06c      0x13c ./Middlewares/Third_Party/FreeRTOS/Source/tasks.o
                0x000000000800a06c                xTaskResumeAll
 .text.xTaskGetTickCount
                0x000000000800a1a8       0x20 ./Middlewares/Third_Party/FreeRTOS/Source/tasks.o
                0x000000000800a1a8                xTaskGetTickCount
 .text.xTaskIncrementTick
                0x000000000800a1c8      0x174 ./Middlewares/Third_Party/FreeRTOS/Source/tasks.o
                0x000000000800a1c8                xTaskIncrementTick
 .text.vTaskSwitchContext
                0x000000000800a33c       0xbc ./Middlewares/Third_Party/FreeRTOS/Source/tasks.o
                0x000000000800a33c                vTaskSwitchContext
 .text.vTaskPlaceOnEventList
                0x000000000800a3f8       0x48 ./Middlewares/Third_Party/FreeRTOS/Source/tasks.o
                0x000000000800a3f8                vTaskPlaceOnEventList
 .text.vTaskPlaceOnEventListRestricted
                0x000000000800a440       0x58 ./Middlewares/Third_Party/FreeRTOS/Source/tasks.o
                0x000000000800a440                vTaskPlaceOnEventListRestricted
 .text.xTaskRemoveFromEventList
                0x000000000800a498       0xc8 ./Middlewares/Third_Party/FreeRTOS/Source/tasks.o
                0x000000000800a498                xTaskRemoveFromEventList
 .text.vTaskInternalSetTimeOutState
                0x000000000800a560       0x2c ./Middlewares/Third_Party/FreeRTOS/Source/tasks.o
                0x000000000800a560                vTaskInternalSetTimeOutState
 .text.xTaskCheckForTimeOut
                0x000000000800a58c       0xc4 ./Middlewares/Third_Party/FreeRTOS/Source/tasks.o
                0x000000000800a58c                xTaskCheckForTimeOut
 .text.vTaskMissedYield
                0x000000000800a650       0x18 ./Middlewares/Third_Party/FreeRTOS/Source/tasks.o
                0x000000000800a650                vTaskMissedYield
 .text.prvIdleTask
                0x000000000800a668       0x30 ./Middlewares/Third_Party/FreeRTOS/Source/tasks.o
 .text.prvInitialiseTaskLists
                0x000000000800a698       0x80 ./Middlewares/Third_Party/FreeRTOS/Source/tasks.o
 .text.prvCheckTasksWaitingTermination
                0x000000000800a718       0x5c ./Middlewares/Third_Party/FreeRTOS/Source/tasks.o
 .text.prvDeleteTCB
                0x000000000800a774       0x5e ./Middlewares/Third_Party/FreeRTOS/Source/tasks.o
 *fill*         0x000000000800a7d2        0x2 
 .text.prvResetNextTaskUnblockTime
                0x000000000800a7d4       0x40 ./Middlewares/Third_Party/FreeRTOS/Source/tasks.o
 .text.xTaskGetCurrentTaskHandle
                0x000000000800a814       0x20 ./Middlewares/Third_Party/FreeRTOS/Source/tasks.o
                0x000000000800a814                xTaskGetCurrentTaskHandle
 .text.xTaskGetSchedulerState
                0x000000000800a834       0x3c ./Middlewares/Third_Party/FreeRTOS/Source/tasks.o
                0x000000000800a834                xTaskGetSchedulerState
 .text.xTaskPriorityInherit
                0x000000000800a870       0xd0 ./Middlewares/Third_Party/FreeRTOS/Source/tasks.o
                0x000000000800a870                xTaskPriorityInherit
 .text.xTaskPriorityDisinherit
                0x000000000800a940       0xdc ./Middlewares/Third_Party/FreeRTOS/Source/tasks.o
                0x000000000800a940                xTaskPriorityDisinherit
 .text.vTaskPriorityDisinheritAfterTimeout
                0x000000000800aa1c      0x104 ./Middlewares/Third_Party/FreeRTOS/Source/tasks.o
                0x000000000800aa1c                vTaskPriorityDisinheritAfterTimeout
 .text.pvTaskIncrementMutexHeldCount
                0x000000000800ab20       0x28 ./Middlewares/Third_Party/FreeRTOS/Source/tasks.o
                0x000000000800ab20                pvTaskIncrementMutexHeldCount
 .text.prvAddCurrentTaskToDelayedList
                0x000000000800ab48       0xa8 ./Middlewares/Third_Party/FreeRTOS/Source/tasks.o
 .text.xTimerCreateTimerTask
                0x000000000800abf0       0x90 ./Middlewares/Third_Party/FreeRTOS/Source/timers.o
                0x000000000800abf0                xTimerCreateTimerTask
 .text.xTimerCreate
                0x000000000800ac80       0x42 ./Middlewares/Third_Party/FreeRTOS/Source/timers.o
                0x000000000800ac80                xTimerCreate
 .text.xTimerCreateStatic
                0x000000000800acc2       0x7c ./Middlewares/Third_Party/FreeRTOS/Source/timers.o
                0x000000000800acc2                xTimerCreateStatic
 .text.prvInitialiseNewTimer
                0x000000000800ad3e       0x76 ./Middlewares/Third_Party/FreeRTOS/Source/timers.o
 .text.xTimerGenericCommand
                0x000000000800adb4       0x9c ./Middlewares/Third_Party/FreeRTOS/Source/timers.o
                0x000000000800adb4                xTimerGenericCommand
 .text.prvProcessExpiredTimer
                0x000000000800ae50       0x98 ./Middlewares/Third_Party/FreeRTOS/Source/timers.o
 .text.prvTimerTask
                0x000000000800aee8       0x24 ./Middlewares/Third_Party/FreeRTOS/Source/timers.o
 .text.prvProcessTimerOrBlockTask
                0x000000000800af0c       0x9c ./Middlewares/Third_Party/FreeRTOS/Source/timers.o
 .text.prvGetNextExpireTime
                0x000000000800afa8       0x48 ./Middlewares/Third_Party/FreeRTOS/Source/timers.o
 .text.prvSampleTimeNow
                0x000000000800aff0       0x40 ./Middlewares/Third_Party/FreeRTOS/Source/timers.o
 .text.prvInsertTimerInActiveList
                0x000000000800b030       0x84 ./Middlewares/Third_Party/FreeRTOS/Source/timers.o
 .text.prvProcessReceivedCommands
                0x000000000800b0b4      0x1c4 ./Middlewares/Third_Party/FreeRTOS/Source/timers.o
 .text.prvSwitchTimerLists
                0x000000000800b278       0xc8 ./Middlewares/Third_Party/FreeRTOS/Source/timers.o
 .text.prvCheckForValidListAndQueue
                0x000000000800b340       0x80 ./Middlewares/Third_Party/FreeRTOS/Source/timers.o
 .text.pvTimerGetTimerID
                0x000000000800b3c0       0x40 ./Middlewares/Third_Party/FreeRTOS/Source/timers.o
                0x000000000800b3c0                pvTimerGetTimerID
 .text.pxPortInitialiseStack
                0x000000000800b400       0x68 ./Middlewares/Third_Party/FreeRTOS/Source/portable/GCC/ARM_CM4F/port.o
                0x000000000800b400                pxPortInitialiseStack
 .text.prvTaskExitError
                0x000000000800b468       0x58 ./Middlewares/Third_Party/FreeRTOS/Source/portable/GCC/ARM_CM4F/port.o
 .text.SVC_Handler
                0x000000000800b4c0       0x28 ./Middlewares/Third_Party/FreeRTOS/Source/portable/GCC/ARM_CM4F/port.o
                0x000000000800b4c0                SVC_Handler
 .text.prvPortStartFirstTask
                0x000000000800b4e8       0x28 ./Middlewares/Third_Party/FreeRTOS/Source/portable/GCC/ARM_CM4F/port.o
 .text.xPortStartScheduler
                0x000000000800b510      0x144 ./Middlewares/Third_Party/FreeRTOS/Source/portable/GCC/ARM_CM4F/port.o
                0x000000000800b510                xPortStartScheduler
 .text.vPortEnterCritical
                0x000000000800b654       0x60 ./Middlewares/Third_Party/FreeRTOS/Source/portable/GCC/ARM_CM4F/port.o
                0x000000000800b654                vPortEnterCritical
 .text.vPortExitCritical
                0x000000000800b6b4       0x54 ./Middlewares/Third_Party/FreeRTOS/Source/portable/GCC/ARM_CM4F/port.o
                0x000000000800b6b4                vPortExitCritical
 *fill*         0x000000000800b708        0x8 
 .text.PendSV_Handler
                0x000000000800b710       0x68 ./Middlewares/Third_Party/FreeRTOS/Source/portable/GCC/ARM_CM4F/port.o
                0x000000000800b710                PendSV_Handler
 .text.xPortSysTickHandler
                0x000000000800b778       0x44 ./Middlewares/Third_Party/FreeRTOS/Source/portable/GCC/ARM_CM4F/port.o
                0x000000000800b778                xPortSysTickHandler
 .text.vPortSetupTimerInterrupt
                0x000000000800b7bc       0x48 ./Middlewares/Third_Party/FreeRTOS/Source/portable/GCC/ARM_CM4F/port.o
                0x000000000800b7bc                vPortSetupTimerInterrupt
 .text.vPortEnableVFP
                0x000000000800b804       0x14 ./Middlewares/Third_Party/FreeRTOS/Source/portable/GCC/ARM_CM4F/port.o
 .text.vPortValidateInterruptPriority
                0x000000000800b818       0x80 ./Middlewares/Third_Party/FreeRTOS/Source/portable/GCC/ARM_CM4F/port.o
                0x000000000800b818                vPortValidateInterruptPriority
 .text.pvPortMalloc
                0x000000000800b898      0x198 ./Middlewares/Third_Party/FreeRTOS/Source/portable/MemMang/heap_4.o
                0x000000000800b898                pvPortMalloc
 .text.vPortFree
                0x000000000800ba30       0xc4 ./Middlewares/Third_Party/FreeRTOS/Source/portable/MemMang/heap_4.o
                0x000000000800ba30                vPortFree
 .text.prvHeapInit
                0x000000000800baf4       0xc4 ./Middlewares/Third_Party/FreeRTOS/Source/portable/MemMang/heap_4.o
 .text.prvInsertBlockIntoFreeList
                0x000000000800bbb8       0xb4 ./Middlewares/Third_Party/FreeRTOS/Source/portable/MemMang/heap_4.o
 .text.__errno  0x000000000800bc6c        0xc c:/st/stm32cubeide_1.6.1/stm32cubeide/plugins/com.st.stm32cube.ide.mcu.externaltools.gnu-tools-for-stm32.10.3-2021.10.win32_1.0.0.202111181127/tools/bin/../lib/gcc/arm-none-eabi/10.3.1/../../../../arm-none-eabi/lib/thumb/v7e-m+fp/hard\libc_nano.a(lib_a-errno.o)
                0x000000000800bc6c                __errno
 .text.__libc_init_array
                0x000000000800bc78       0x48 c:/st/stm32cubeide_1.6.1/stm32cubeide/plugins/com.st.stm32cube.ide.mcu.externaltools.gnu-tools-for-stm32.10.3-2021.10.win32_1.0.0.202111181127/tools/bin/../lib/gcc/arm-none-eabi/10.3.1/../../../../arm-none-eabi/lib/thumb/v7e-m+fp/hard\libc_nano.a(lib_a-init.o)
                0x000000000800bc78                __libc_init_array
 .text.memcpy   0x000000000800bcc0       0x1c c:/st/stm32cubeide_1.6.1/stm32cubeide/plugins/com.st.stm32cube.ide.mcu.externaltools.gnu-tools-for-stm32.10.3-2021.10.win32_1.0.0.202111181127/tools/bin/../lib/gcc/arm-none-eabi/10.3.1/../../../../arm-none-eabi/lib/thumb/v7e-m+fp/hard\libc_nano.a(lib_a-memcpy-stub.o)
                0x000000000800bcc0                memcpy
 .text.memset   0x000000000800bcdc       0x10 c:/st/stm32cubeide_1.6.1/stm32cubeide/plugins/com.st.stm32cube.ide.mcu.externaltools.gnu-tools-for-stm32.10.3-2021.10.win32_1.0.0.202111181127/tools/bin/../lib/gcc/arm-none-eabi/10.3.1/../../../../arm-none-eabi/lib/thumb/v7e-m+fp/hard\libc_nano.a(lib_a-memset.o)
                0x000000000800bcdc                memset
 .text.snprintf
                0x000000000800bcec       0x68 c:/st/stm32cubeide_1.6.1/stm32cubeide/plugins/com.st.stm32cube.ide.mcu.externaltools.gnu-tools-for-stm32.10.3-2021.10.win32_1.0.0.202111181127/tools/bin/../lib/gcc/arm-none-eabi/10.3.1/../../../../arm-none-eabi/lib/thumb/v7e-m+fp/hard\libc_nano.a(lib_a-snprintf.o)
                0x000000000800bcec                sniprintf
                0x000000000800bcec                snprintf
 .text.sprintf  0x000000000800bd54       0x40 c:/st/stm32cubeide_1.6.1/stm32cubeide/plugins/com.st.stm32cube.ide.mcu.externaltools.gnu-tools-for-stm32.10.3-2021.10.win32_1.0.0.202111181127/tools/bin/../lib/gcc/arm-none-eabi/10.3.1/../../../../arm-none-eabi/lib/thumb/v7e-m+fp/hard\libc_nano.a(lib_a-sprintf.o)
                0x000000000800bd54                siprintf
                0x000000000800bd54                sprintf
 .text.sscanf   0x000000000800bd94       0x58 c:/st/stm32cubeide_1.6.1/stm32cubeide/plugins/com.st.stm32cube.ide.mcu.externaltools.gnu-tools-for-stm32.10.3-2021.10.win32_1.0.0.202111181127/tools/bin/../lib/gcc/arm-none-eabi/10.3.1/../../../../arm-none-eabi/lib/thumb/v7e-m+fp/hard\libc_nano.a(lib_a-sscanf.o)
                0x000000000800bd94                siscanf
                0x000000000800bd94                sscanf
 .text.__seofread
                0x000000000800bdec        0x4 c:/st/stm32cubeide_1.6.1/stm32cubeide/plugins/com.st.stm32cube.ide.mcu.externaltools.gnu-tools-for-stm32.10.3-2021.10.win32_1.0.0.202111181127/tools/bin/../lib/gcc/arm-none-eabi/10.3.1/../../../../arm-none-eabi/lib/thumb/v7e-m+fp/hard\libc_nano.a(lib_a-stdio.o)
                0x000000000800bdec                __seofread
 .text.__ssputs_r
                0x000000000800bdf0       0xb6 c:/st/stm32cubeide_1.6.1/stm32cubeide/plugins/com.st.stm32cube.ide.mcu.externaltools.gnu-tools-for-stm32.10.3-2021.10.win32_1.0.0.202111181127/tools/bin/../lib/gcc/arm-none-eabi/10.3.1/../../../../arm-none-eabi/lib/thumb/v7e-m+fp/hard\libc_nano.a(lib_a-nano-svfprintf.o)
                0x000000000800bdf0                __ssputs_r
 *fill*         0x000000000800bea6        0x2 
 .text._svfprintf_r
                0x000000000800bea8      0x200 c:/st/stm32cubeide_1.6.1/stm32cubeide/plugins/com.st.stm32cube.ide.mcu.externaltools.gnu-tools-for-stm32.10.3-2021.10.win32_1.0.0.202111181127/tools/bin/../lib/gcc/arm-none-eabi/10.3.1/../../../../arm-none-eabi/lib/thumb/v7e-m+fp/hard\libc_nano.a(lib_a-nano-svfprintf.o)
                0x000000000800bea8                _svfiprintf_r
                0x000000000800bea8                _svfprintf_r
 .text._sungetc_r
                0x000000000800c0a8       0x7a c:/st/stm32cubeide_1.6.1/stm32cubeide/plugins/com.st.stm32cube.ide.mcu.externaltools.gnu-tools-for-stm32.10.3-2021.10.win32_1.0.0.202111181127/tools/bin/../lib/gcc/arm-none-eabi/10.3.1/../../../../arm-none-eabi/lib/thumb/v7e-m+fp/hard\libc_nano.a(lib_a-nano-svfscanf.o)
                0x000000000800c0a8                _sungetc_r
 .text.__ssrefill_r
                0x000000000800c122       0x3a c:/st/stm32cubeide_1.6.1/stm32cubeide/plugins/com.st.stm32cube.ide.mcu.externaltools.gnu-tools-for-stm32.10.3-2021.10.win32_1.0.0.202111181127/tools/bin/../lib/gcc/arm-none-eabi/10.3.1/../../../../arm-none-eabi/lib/thumb/v7e-m+fp/hard\libc_nano.a(lib_a-nano-svfscanf.o)
                0x000000000800c122                __ssrefill_r
 .text.__ssvfscanf_r
                0x000000000800c15c      0x2f0 c:/st/stm32cubeide_1.6.1/stm32cubeide/plugins/com.st.stm32cube.ide.mcu.externaltools.gnu-tools-for-stm32.10.3-2021.10.win32_1.0.0.202111181127/tools/bin/../lib/gcc/arm-none-eabi/10.3.1/../../../../arm-none-eabi/lib/thumb/v7e-m+fp/hard\libc_nano.a(lib_a-nano-svfscanf.o)
                0x000000000800c15c                __ssvfiscanf_r
                0x000000000800c15c                __ssvfscanf_r
 .text._printf_common
                0x000000000800c44c       0xda c:/st/stm32cubeide_1.6.1/stm32cubeide/plugins/com.st.stm32cube.ide.mcu.externaltools.gnu-tools-for-stm32.10.3-2021.10.win32_1.0.0.202111181127/tools/bin/../lib/gcc/arm-none-eabi/10.3.1/../../../../arm-none-eabi/lib/thumb/v7e-m+fp/hard\libc_nano.a(lib_a-nano-vfprintf_i.o)
                0x000000000800c44c                _printf_common
 *fill*         0x000000000800c526        0x2 
 .text._printf_i
                0x000000000800c528      0x24c c:/st/stm32cubeide_1.6.1/stm32cubeide/plugins/com.st.stm32cube.ide.mcu.externaltools.gnu-tools-for-stm32.10.3-2021.10.win32_1.0.0.202111181127/tools/bin/../lib/gcc/arm-none-eabi/10.3.1/../../../../arm-none-eabi/lib/thumb/v7e-m+fp/hard\libc_nano.a(lib_a-nano-vfprintf_i.o)
                0x000000000800c528                _printf_i
 .text._scanf_chars
                0x000000000800c774       0xb4 c:/st/stm32cubeide_1.6.1/stm32cubeide/plugins/com.st.stm32cube.ide.mcu.externaltools.gnu-tools-for-stm32.10.3-2021.10.win32_1.0.0.202111181127/tools/bin/../lib/gcc/arm-none-eabi/10.3.1/../../../../arm-none-eabi/lib/thumb/v7e-m+fp/hard\libc_nano.a(lib_a-nano-vfscanf_i.o)
                0x000000000800c774                _scanf_chars
 .text._scanf_i
                0x000000000800c828      0x1f0 c:/st/stm32cubeide_1.6.1/stm32cubeide/plugins/com.st.stm32cube.ide.mcu.externaltools.gnu-tools-for-stm32.10.3-2021.10.win32_1.0.0.202111181127/tools/bin/../lib/gcc/arm-none-eabi/10.3.1/../../../../arm-none-eabi/lib/thumb/v7e-m+fp/hard\libc_nano.a(lib_a-nano-vfscanf_i.o)
                0x000000000800c828                _scanf_i
 .text.__sccl   0x000000000800ca18       0x70 c:/st/stm32cubeide_1.6.1/stm32cubeide/plugins/com.st.stm32cube.ide.mcu.externaltools.gnu-tools-for-stm32.10.3-2021.10.win32_1.0.0.202111181127/tools/bin/../lib/gcc/arm-none-eabi/10.3.1/../../../../arm-none-eabi/lib/thumb/v7e-m+fp/hard\libc_nano.a(lib_a-sccl.o)
                0x000000000800ca18                __sccl
 .text._strtol_l.constprop.0
                0x000000000800ca88      0x104 c:/st/stm32cubeide_1.6.1/stm32cubeide/plugins/com.st.stm32cube.ide.mcu.externaltools.gnu-tools-for-stm32.10.3-2021.10.win32_1.0.0.202111181127/tools/bin/../lib/gcc/arm-none-eabi/10.3.1/../../../../arm-none-eabi/lib/thumb/v7e-m+fp/hard\libc_nano.a(lib_a-strtol.o)
 .text._strtol_r
                0x000000000800cb8c        0x4 c:/st/stm32cubeide_1.6.1/stm32cubeide/plugins/com.st.stm32cube.ide.mcu.externaltools.gnu-tools-for-stm32.10.3-2021.10.win32_1.0.0.202111181127/tools/bin/../lib/gcc/arm-none-eabi/10.3.1/../../../../arm-none-eabi/lib/thumb/v7e-m+fp/hard\libc_nano.a(lib_a-strtol.o)
                0x000000000800cb8c                _strtol_r
 .text._strtoul_l.constprop.0
                0x000000000800cb90       0xe4 c:/st/stm32cubeide_1.6.1/stm32cubeide/plugins/com.st.stm32cube.ide.mcu.externaltools.gnu-tools-for-stm32.10.3-2021.10.win32_1.0.0.202111181127/tools/bin/../lib/gcc/arm-none-eabi/10.3.1/../../../../arm-none-eabi/lib/thumb/v7e-m+fp/hard\libc_nano.a(lib_a-strtoul.o)
 .text._strtoul_r
                0x000000000800cc74        0x4 c:/st/stm32cubeide_1.6.1/stm32cubeide/plugins/com.st.stm32cube.ide.mcu.externaltools.gnu-tools-for-stm32.10.3-2021.10.win32_1.0.0.202111181127/tools/bin/../lib/gcc/arm-none-eabi/10.3.1/../../../../arm-none-eabi/lib/thumb/v7e-m+fp/hard\libc_nano.a(lib_a-strtoul.o)
                0x000000000800cc74                _strtoul_r
 .text.__submore
                0x000000000800cc78       0x74 c:/st/stm32cubeide_1.6.1/stm32cubeide/plugins/com.st.stm32cube.ide.mcu.externaltools.gnu-tools-for-stm32.10.3-2021.10.win32_1.0.0.202111181127/tools/bin/../lib/gcc/arm-none-eabi/10.3.1/../../../../arm-none-eabi/lib/thumb/v7e-m+fp/hard\libc_nano.a(lib_a-ungetc.o)
                0x000000000800cc78                __submore
 .text.__retarget_lock_acquire_recursive
                0x000000000800ccec        0x2 c:/st/stm32cubeide_1.6.1/stm32cubeide/plugins/com.st.stm32cube.ide.mcu.externaltools.gnu-tools-for-stm32.10.3-2021.10.win32_1.0.0.202111181127/tools/bin/../lib/gcc/arm-none-eabi/10.3.1/../../../../arm-none-eabi/lib/thumb/v7e-m+fp/hard\libc_nano.a(lib_a-lock.o)
                0x000000000800ccec                __retarget_lock_acquire_recursive
 .text.__retarget_lock_release_recursive
                0x000000000800ccee        0x2 c:/st/stm32cubeide_1.6.1/stm32cubeide/plugins/com.st.stm32cube.ide.mcu.externaltools.gnu-tools-for-stm32.10.3-2021.10.win32_1.0.0.202111181127/tools/bin/../lib/gcc/arm-none-eabi/10.3.1/../../../../arm-none-eabi/lib/thumb/v7e-m+fp/hard\libc_nano.a(lib_a-lock.o)
                0x000000000800ccee                __retarget_lock_release_recursive
 .text.memmove  0x000000000800ccf0       0x34 c:/st/stm32cubeide_1.6.1/stm32cubeide/plugins/com.st.stm32cube.ide.mcu.externaltools.gnu-tools-for-stm32.10.3-2021.10.win32_1.0.0.202111181127/tools/bin/../lib/gcc/arm-none-eabi/10.3.1/../../../../arm-none-eabi/lib/thumb/v7e-m+fp/hard\libc_nano.a(lib_a-memmove.o)
                0x000000000800ccf0                memmove
 .text._free_r  0x000000000800cd24       0x98 c:/st/stm32cubeide_1.6.1/stm32cubeide/plugins/com.st.stm32cube.ide.mcu.externaltools.gnu-tools-for-stm32.10.3-2021.10.win32_1.0.0.202111181127/tools/bin/../lib/gcc/arm-none-eabi/10.3.1/../../../../arm-none-eabi/lib/thumb/v7e-m+fp/hard\libc_nano.a(lib_a-nano-freer.o)
                0x000000000800cd24                _free_r
 .text.sbrk_aligned
                0x000000000800cdbc       0x40 c:/st/stm32cubeide_1.6.1/stm32cubeide/plugins/com.st.stm32cube.ide.mcu.externaltools.gnu-tools-for-stm32.10.3-2021.10.win32_1.0.0.202111181127/tools/bin/../lib/gcc/arm-none-eabi/10.3.1/../../../../arm-none-eabi/lib/thumb/v7e-m+fp/hard\libc_nano.a(lib_a-nano-mallocr.o)
 .text._malloc_r
                0x000000000800cdfc       0xe8 c:/st/stm32cubeide_1.6.1/stm32cubeide/plugins/com.st.stm32cube.ide.mcu.externaltools.gnu-tools-for-stm32.10.3-2021.10.win32_1.0.0.202111181127/tools/bin/../lib/gcc/arm-none-eabi/10.3.1/../../../../arm-none-eabi/lib/thumb/v7e-m+fp/hard\libc_nano.a(lib_a-nano-mallocr.o)
                0x000000000800cdfc                _malloc_r
 .text._realloc_r
                0x000000000800cee4       0x5e c:/st/stm32cubeide_1.6.1/stm32cubeide/plugins/com.st.stm32cube.ide.mcu.externaltools.gnu-tools-for-stm32.10.3-2021.10.win32_1.0.0.202111181127/tools/bin/../lib/gcc/arm-none-eabi/10.3.1/../../../../arm-none-eabi/lib/thumb/v7e-m+fp/hard\libc_nano.a(lib_a-nano-reallocr.o)
                0x000000000800cee4                _realloc_r
 *fill*         0x000000000800cf42        0x2 
 .text._sbrk_r  0x000000000800cf44       0x20 c:/st/stm32cubeide_1.6.1/stm32cubeide/plugins/com.st.stm32cube.ide.mcu.externaltools.gnu-tools-for-stm32.10.3-2021.10.win32_1.0.0.202111181127/tools/bin/../lib/gcc/arm-none-eabi/10.3.1/../../../../arm-none-eabi/lib/thumb/v7e-m+fp/hard\libc_nano.a(lib_a-sbrkr.o)
                0x000000000800cf44                _sbrk_r
 .text.__malloc_lock
                0x000000000800cf64        0xc c:/st/stm32cubeide_1.6.1/stm32cubeide/plugins/com.st.stm32cube.ide.mcu.externaltools.gnu-tools-for-stm32.10.3-2021.10.win32_1.0.0.202111181127/tools/bin/../lib/gcc/arm-none-eabi/10.3.1/../../../../arm-none-eabi/lib/thumb/v7e-m+fp/hard\libc_nano.a(lib_a-mlock.o)
                0x000000000800cf64                __malloc_lock
 .text.__malloc_unlock
                0x000000000800cf70        0xc c:/st/stm32cubeide_1.6.1/stm32cubeide/plugins/com.st.stm32cube.ide.mcu.externaltools.gnu-tools-for-stm32.10.3-2021.10.win32_1.0.0.202111181127/tools/bin/../lib/gcc/arm-none-eabi/10.3.1/../../../../arm-none-eabi/lib/thumb/v7e-m+fp/hard\libc_nano.a(lib_a-mlock.o)
                0x000000000800cf70                __malloc_unlock
 .text._malloc_usable_size_r
                0x000000000800cf7c       0x10 c:/st/stm32cubeide_1.6.1/stm32cubeide/plugins/com.st.stm32cube.ide.mcu.externaltools.gnu-tools-for-stm32.10.3-2021.10.win32_1.0.0.202111181127/tools/bin/../lib/gcc/arm-none-eabi/10.3.1/../../../../arm-none-eabi/lib/thumb/v7e-m+fp/hard\libc_nano.a(lib_a-nano-msizer.o)
                0x000000000800cf7c                _malloc_usable_size_r
 *(.glue_7)
 .glue_7        0x000000000800cf8c        0x0 linker stubs
 *(.glue_7t)
 .glue_7t       0x000000000800cf8c        0x0 linker stubs
 *(.eh_frame)
 .eh_frame      0x000000000800cf8c        0x0 c:/st/stm32cubeide_1.6.1/stm32cubeide/plugins/com.st.stm32cube.ide.mcu.externaltools.gnu-tools-for-stm32.10.3-2021.10.win32_1.0.0.202111181127/tools/bin/../lib/gcc/arm-none-eabi/10.3.1/thumb/v7e-m+fp/hard/crtbegin.o
 *(.init)
 .init          0x000000000800cf8c        0x4 c:/st/stm32cubeide_1.6.1/stm32cubeide/plugins/com.st.stm32cube.ide.mcu.externaltools.gnu-tools-for-stm32.10.3-2021.10.win32_1.0.0.202111181127/tools/bin/../lib/gcc/arm-none-eabi/10.3.1/thumb/v7e-m+fp/hard/crti.o
                0x000000000800cf8c                _init
 .init          0x000000000800cf90        0x8 c:/st/stm32cubeide_1.6.1/stm32cubeide/plugins/com.st.stm32cube.ide.mcu.externaltools.gnu-tools-for-stm32.10.3-2021.10.win32_1.0.0.202111181127/tools/bin/../lib/gcc/arm-none-eabi/10.3.1/thumb/v7e-m+fp/hard/crtn.o
 *(.fini)
 .fini          0x000000000800cf98        0x4 c:/st/stm32cubeide_1.6.1/stm32cubeide/plugins/com.st.stm32cube.ide.mcu.externaltools.gnu-tools-for-stm32.10.3-2021.10.win32_1.0.0.202111181127/tools/bin/../lib/gcc/arm-none-eabi/10.3.1/thumb/v7e-m+fp/hard/crti.o
                0x000000000800cf98                _fini
 .fini          0x000000000800cf9c        0x8 c:/st/stm32cubeide_1.6.1/stm32cubeide/plugins/com.st.stm32cube.ide.mcu.externaltools.gnu-tools-for-stm32.10.3-2021.10.win32_1.0.0.202111181127/tools/bin/../lib/gcc/arm-none-eabi/10.3.1/thumb/v7e-m+fp/hard/crtn.o
                0x000000000800cfa4                . = ALIGN (0x4)
                0x000000000800cfa4                _etext = .

.vfp11_veneer   0x000000000800cfa4        0x0
 .vfp11_veneer  0x000000000800cfa4        0x0 linker stubs

.v4_bx          0x000000000800cfa4        0x0
 .v4_bx         0x000000000800cfa4        0x0 linker stubs

.iplt           0x000000000800cfa4        0x0
 .iplt          0x000000000800cfa4        0x0 c:/st/stm32cubeide_1.6.1/stm32cubeide/plugins/com.st.stm32cube.ide.mcu.externaltools.gnu-tools-for-stm32.10.3-2021.10.win32_1.0.0.202111181127/tools/bin/../lib/gcc/arm-none-eabi/10.3.1/thumb/v7e-m+fp/hard/crtbegin.o

.rodata         0x000000000800cfa4      0xe00
                0x000000000800cfa4                . = ALIGN (0x4)
 *(.rodata)
 .rodata        0x000000000800cfa4      0x64f ./Core/Src/main.o
 *fill*         0x000000000800d5f3        0x1 
 .rodata        0x000000000800d5f4      0x1df ./Core/Src/w25qxx.o
 *fill*         0x000000000800d7d3        0x1 
 .rodata        0x000000000800d7d4        0x5 ./Middlewares/Third_Party/FreeRTOS/Source/tasks.o
 *fill*         0x000000000800d7d9        0x3 
 .rodata        0x000000000800d7dc        0xd ./Middlewares/Third_Party/FreeRTOS/Source/timers.o
 *fill*         0x000000000800d7e9        0x3 
 .rodata        0x000000000800d7ec        0xc c:/st/stm32cubeide_1.6.1/stm32cubeide/plugins/com.st.stm32cube.ide.mcu.externaltools.gnu-tools-for-stm32.10.3-2021.10.win32_1.0.0.202111181127/tools/bin/../lib/gcc/arm-none-eabi/10.3.1/../../../../arm-none-eabi/lib/thumb/v7e-m+fp/hard\libc_nano.a(lib_a-nano-vfscanf_i.o)
 *(.rodata*)
 .rodata.aucCRCHi
                0x000000000800d7f8      0x100 ./Core/Src/ModBusCRC.o
 .rodata.aucCRCLo
                0x000000000800d8f8      0x100 ./Core/Src/ModBusCRC.o
 .rodata.defaultTask_attributes
                0x000000000800d9f8       0x24 ./Core/Src/main.o
                0x000000000800d9f8                defaultTask_attributes
 .rodata.GetDataTask_attributes
                0x000000000800da1c       0x24 ./Core/Src/main.o
                0x000000000800da1c                GetDataTask_attributes
 .rodata.DebugTask_attributes
                0x000000000800da40       0x24 ./Core/Src/main.o
                0x000000000800da40                DebugTask_attributes
 .rodata.SIM800SendTask_attributes
                0x000000000800da64       0x24 ./Core/Src/main.o
                0x000000000800da64                SIM800SendTask_attributes
 .rodata.PINGTask_attributes
                0x000000000800da88       0x24 ./Core/Src/main.o
                0x000000000800da88                PINGTask_attributes
 .rodata.SIM800StartTask_attributes
                0x000000000800daac       0x24 ./Core/Src/main.o
                0x000000000800daac                SIM800StartTask_attributes
 .rodata.MQTTConnectTask_attributes
                0x000000000800dad0       0x24 ./Core/Src/main.o
                0x000000000800dad0                MQTTConnectTask_attributes
 .rodata.MessHandlerTask_attributes
                0x000000000800daf4       0x24 ./Core/Src/main.o
                0x000000000800daf4                MessHandlerTask_attributes
 .rodata.myTaskGetFirm_attributes
                0x000000000800db18       0x24 ./Core/Src/main.o
                0x000000000800db18                myTaskGetFirm_attributes
 .rodata.debugQueue_attributes
                0x000000000800db3c       0x18 ./Core/Src/main.o
                0x000000000800db3c                debugQueue_attributes
 .rodata.SIM800SendQueue_attributes
                0x000000000800db54       0x18 ./Core/Src/main.o
                0x000000000800db54                SIM800SendQueue_attributes
 .rodata.RxSIM800Queue_attributes
                0x000000000800db6c       0x18 ./Core/Src/main.o
                0x000000000800db6c                RxSIM800Queue_attributes
 .rodata.PingTimer_attributes
                0x000000000800db84       0x10 ./Core/Src/main.o
                0x000000000800db84                PingTimer_attributes
 .rodata.DataTimer_attributes
                0x000000000800db94       0x10 ./Core/Src/main.o
                0x000000000800db94                DataTimer_attributes
 .rodata.UART1Mutex_attributes
                0x000000000800dba4       0x10 ./Core/Src/main.o
                0x000000000800dba4                UART1Mutex_attributes
 .rodata.PINGSem_attributes
                0x000000000800dbb4       0x10 ./Core/Src/main.o
                0x000000000800dbb4                PINGSem_attributes
 .rodata.SemGetData_attributes
                0x000000000800dbc4       0x10 ./Core/Src/main.o
                0x000000000800dbc4                SemGetData_attributes
 .rodata.AHBPrescTable
                0x000000000800dbd4       0x10 ./Core/Src/system_stm32f4xx.o
                0x000000000800dbd4                AHBPrescTable
 .rodata.APBPrescTable
                0x000000000800dbe4        0x8 ./Core/Src/system_stm32f4xx.o
                0x000000000800dbe4                APBPrescTable
 .rodata.flagBitshiftOffset.0
                0x000000000800dbec        0x8 ./Drivers/STM32F4xx_HAL_Driver/Src/stm32f4xx_hal_dma.o
 .rodata._svfprintf_r.str1.1
                0x000000000800dbf4       0x11 c:/st/stm32cubeide_1.6.1/stm32cubeide/plugins/com.st.stm32cube.ide.mcu.externaltools.gnu-tools-for-stm32.10.3-2021.10.win32_1.0.0.202111181127/tools/bin/../lib/gcc/arm-none-eabi/10.3.1/../../../../arm-none-eabi/lib/thumb/v7e-m+fp/hard\libc_nano.a(lib_a-nano-svfprintf.o)
 .rodata.__ssvfscanf_r.str1.1
                0x000000000800dc05        0x4 c:/st/stm32cubeide_1.6.1/stm32cubeide/plugins/com.st.stm32cube.ide.mcu.externaltools.gnu-tools-for-stm32.10.3-2021.10.win32_1.0.0.202111181127/tools/bin/../lib/gcc/arm-none-eabi/10.3.1/../../../../arm-none-eabi/lib/thumb/v7e-m+fp/hard\libc_nano.a(lib_a-nano-svfscanf.o)
 .rodata._printf_i.str1.1
                0x000000000800dc05       0x22 c:/st/stm32cubeide_1.6.1/stm32cubeide/plugins/com.st.stm32cube.ide.mcu.externaltools.gnu-tools-for-stm32.10.3-2021.10.win32_1.0.0.202111181127/tools/bin/../lib/gcc/arm-none-eabi/10.3.1/../../../../arm-none-eabi/lib/thumb/v7e-m+fp/hard\libc_nano.a(lib_a-nano-vfprintf_i.o)
 .rodata.str1.1
                0x000000000800dc27        0x9 c:/st/stm32cubeide_1.6.1/stm32cubeide/plugins/com.st.stm32cube.ide.mcu.externaltools.gnu-tools-for-stm32.10.3-2021.10.win32_1.0.0.202111181127/tools/bin/../lib/gcc/arm-none-eabi/10.3.1/../../../../arm-none-eabi/lib/thumb/v7e-m+fp/hard\libc_nano.a(lib_a-nano-vfscanf_i.o)
 .rodata._scanf_i.str1.1
                0x000000000800dc30       0x12 c:/st/stm32cubeide_1.6.1/stm32cubeide/plugins/com.st.stm32cube.ide.mcu.externaltools.gnu-tools-for-stm32.10.3-2021.10.win32_1.0.0.202111181127/tools/bin/../lib/gcc/arm-none-eabi/10.3.1/../../../../arm-none-eabi/lib/thumb/v7e-m+fp/hard\libc_nano.a(lib_a-nano-vfscanf_i.o)
 .rodata._ctype_
                0x000000000800dc42      0x101 c:/st/stm32cubeide_1.6.1/stm32cubeide/plugins/com.st.stm32cube.ide.mcu.externaltools.gnu-tools-for-stm32.10.3-2021.10.win32_1.0.0.202111181127/tools/bin/../lib/gcc/arm-none-eabi/10.3.1/../../../../arm-none-eabi/lib/thumb/v7e-m+fp/hard\libc_nano.a(lib_a-ctype_.o)
                0x000000000800dc42                _ctype_
 *fill*         0x000000000800dd43        0x1 
 .rodata.__sf_fake_stderr
                0x000000000800dd44       0x20 c:/st/stm32cubeide_1.6.1/stm32cubeide/plugins/com.st.stm32cube.ide.mcu.externaltools.gnu-tools-for-stm32.10.3-2021.10.win32_1.0.0.202111181127/tools/bin/../lib/gcc/arm-none-eabi/10.3.1/../../../../arm-none-eabi/lib/thumb/v7e-m+fp/hard\libc_nano.a(lib_a-findfp.o)
                0x000000000800dd44                __sf_fake_stderr
 .rodata.__sf_fake_stdin
                0x000000000800dd64       0x20 c:/st/stm32cubeide_1.6.1/stm32cubeide/plugins/com.st.stm32cube.ide.mcu.externaltools.gnu-tools-for-stm32.10.3-2021.10.win32_1.0.0.202111181127/tools/bin/../lib/gcc/arm-none-eabi/10.3.1/../../../../arm-none-eabi/lib/thumb/v7e-m+fp/hard\libc_nano.a(lib_a-findfp.o)
                0x000000000800dd64                __sf_fake_stdin
 .rodata.__sf_fake_stdout
                0x000000000800dd84       0x20 c:/st/stm32cubeide_1.6.1/stm32cubeide/plugins/com.st.stm32cube.ide.mcu.externaltools.gnu-tools-for-stm32.10.3-2021.10.win32_1.0.0.202111181127/tools/bin/../lib/gcc/arm-none-eabi/10.3.1/../../../../arm-none-eabi/lib/thumb/v7e-m+fp/hard\libc_nano.a(lib_a-findfp.o)
                0x000000000800dd84                __sf_fake_stdout
                0x000000000800dda4                . = ALIGN (0x4)

.ARM.extab      0x000000000800dda4        0x0
                0x000000000800dda4                . = ALIGN (0x4)
 *(.ARM.extab* .gnu.linkonce.armextab.*)
                0x000000000800dda4                . = ALIGN (0x4)

.ARM            0x000000000800dda4        0x8
                0x000000000800dda4                . = ALIGN (0x4)
                0x000000000800dda4                __exidx_start = .
 *(.ARM.exidx*)
 .ARM.exidx     0x000000000800dda4        0x8 c:/st/stm32cubeide_1.6.1/stm32cubeide/plugins/com.st.stm32cube.ide.mcu.externaltools.gnu-tools-for-stm32.10.3-2021.10.win32_1.0.0.202111181127/tools/bin/../lib/gcc/arm-none-eabi/10.3.1/thumb/v7e-m+fp/hard\libgcc.a(_udivmoddi4.o)
                0x000000000800ddac                __exidx_end = .
                0x000000000800ddac                . = ALIGN (0x4)

.rel.dyn        0x000000000800ddac        0x0
 .rel.iplt      0x000000000800ddac        0x0 c:/st/stm32cubeide_1.6.1/stm32cubeide/plugins/com.st.stm32cube.ide.mcu.externaltools.gnu-tools-for-stm32.10.3-2021.10.win32_1.0.0.202111181127/tools/bin/../lib/gcc/arm-none-eabi/10.3.1/thumb/v7e-m+fp/hard/crtbegin.o

.preinit_array  0x000000000800ddac        0x0
                0x000000000800ddac                . = ALIGN (0x4)
                0x000000000800ddac                PROVIDE (__preinit_array_start = .)
 *(.preinit_array*)
                0x000000000800ddac                PROVIDE (__preinit_array_end = .)
                0x000000000800ddac                . = ALIGN (0x4)

.init_array     0x000000000800ddac        0x4
                0x000000000800ddac                . = ALIGN (0x4)
                0x000000000800ddac                PROVIDE (__init_array_start = .)
 *(SORT_BY_NAME(.init_array.*))
 *(.init_array*)
 .init_array    0x000000000800ddac        0x4 c:/st/stm32cubeide_1.6.1/stm32cubeide/plugins/com.st.stm32cube.ide.mcu.externaltools.gnu-tools-for-stm32.10.3-2021.10.win32_1.0.0.202111181127/tools/bin/../lib/gcc/arm-none-eabi/10.3.1/thumb/v7e-m+fp/hard/crtbegin.o
                0x000000000800ddb0                PROVIDE (__init_array_end = .)
                0x000000000800ddb0                . = ALIGN (0x4)

.fini_array     0x000000000800ddb0        0x4
                0x000000000800ddb0                . = ALIGN (0x4)
                [!provide]                        PROVIDE (__fini_array_start = .)
 *(SORT_BY_NAME(.fini_array.*))
 *(.fini_array*)
 .fini_array    0x000000000800ddb0        0x4 c:/st/stm32cubeide_1.6.1/stm32cubeide/plugins/com.st.stm32cube.ide.mcu.externaltools.gnu-tools-for-stm32.10.3-2021.10.win32_1.0.0.202111181127/tools/bin/../lib/gcc/arm-none-eabi/10.3.1/thumb/v7e-m+fp/hard/crtbegin.o
                [!provide]                        PROVIDE (__fini_array_end = .)
                0x000000000800ddb4                . = ALIGN (0x4)
                0x000000000800ddb4                _sidata = LOADADDR (.data)

.data           0x0000000020000000       0x9c load address 0x000000000800ddb4
                0x0000000020000000                . = ALIGN (0x4)
                0x0000000020000000                _sdata = .
 *(.data)
 *(.data*)
 .data.PING     0x0000000020000000        0x4 ./Core/Src/main.o
                0x0000000020000000                PING
 .data.PING_ASK
                0x0000000020000004        0x4 ./Core/Src/main.o
                0x0000000020000004                PING_ASK
 .data.MQTT_CONNECT_ASK
                0x0000000020000008        0x7 ./Core/Src/main.o
                0x0000000020000008                MQTT_CONNECT_ASK
 *fill*         0x000000002000000f        0x1 
 .data.TOPIC    0x0000000020000010       0x14 ./Core/Src/main.o
                0x0000000020000010                TOPIC
 .data.TOPIC_ASK
                0x0000000020000024        0x4 ./Core/Src/main.o
                0x0000000020000024                TOPIC_ASK
 .data.SystemCoreClock
                0x0000000020000028        0x4 ./Core/Src/system_stm32f4xx.o
                0x0000000020000028                SystemCoreClock
 .data.uwTickPrio
                0x000000002000002c        0x4 ./Drivers/STM32F4xx_HAL_Driver/Src/stm32f4xx_hal.o
                0x000000002000002c                uwTickPrio
 .data.uwTickFreq
                0x0000000020000030        0x1 ./Drivers/STM32F4xx_HAL_Driver/Src/stm32f4xx_hal.o
                0x0000000020000030                uwTickFreq
 *fill*         0x0000000020000031        0x3 
 .data.uxCriticalNesting
                0x0000000020000034        0x4 ./Middlewares/Third_Party/FreeRTOS/Source/portable/GCC/ARM_CM4F/port.o
 .data._impure_ptr
                0x0000000020000038        0x4 c:/st/stm32cubeide_1.6.1/stm32cubeide/plugins/com.st.stm32cube.ide.mcu.externaltools.gnu-tools-for-stm32.10.3-2021.10.win32_1.0.0.202111181127/tools/bin/../lib/gcc/arm-none-eabi/10.3.1/../../../../arm-none-eabi/lib/thumb/v7e-m+fp/hard\libc_nano.a(lib_a-impure.o)
                0x0000000020000038                _impure_ptr
 .data.impure_data
                0x000000002000003c       0x60 c:/st/stm32cubeide_1.6.1/stm32cubeide/plugins/com.st.stm32cube.ide.mcu.externaltools.gnu-tools-for-stm32.10.3-2021.10.win32_1.0.0.202111181127/tools/bin/../lib/gcc/arm-none-eabi/10.3.1/../../../../arm-none-eabi/lib/thumb/v7e-m+fp/hard\libc_nano.a(lib_a-impure.o)
 *(.RamFunc)
 *(.RamFunc*)
                0x000000002000009c                . = ALIGN (0x4)
                0x000000002000009c                _edata = .

.igot.plt       0x000000002000009c        0x0 load address 0x000000000800de50
 .igot.plt      0x000000002000009c        0x0 c:/st/stm32cubeide_1.6.1/stm32cubeide/plugins/com.st.stm32cube.ide.mcu.externaltools.gnu-tools-for-stm32.10.3-2021.10.win32_1.0.0.202111181127/tools/bin/../lib/gcc/arm-none-eabi/10.3.1/thumb/v7e-m+fp/hard/crtbegin.o
                0x000000002000009c                . = ALIGN (0x4)

.bss            0x000000002000009c     0x4fd0 load address 0x000000000800de50
                0x000000002000009c                _sbss = .
                0x000000002000009c                __bss_start__ = _sbss
 *(.bss)
 .bss           0x000000002000009c       0x1c c:/st/stm32cubeide_1.6.1/stm32cubeide/plugins/com.st.stm32cube.ide.mcu.externaltools.gnu-tools-for-stm32.10.3-2021.10.win32_1.0.0.202111181127/tools/bin/../lib/gcc/arm-none-eabi/10.3.1/thumb/v7e-m+fp/hard/crtbegin.o
 *(.bss*)
 .bss.hi2c1     0x00000000200000b8       0x54 ./Core/Src/main.o
                0x00000000200000b8                hi2c1
 .bss.hspi2     0x000000002000010c       0x58 ./Core/Src/main.o
                0x000000002000010c                hspi2
 .bss.huart1    0x0000000020000164       0x44 ./Core/Src/main.o
                0x0000000020000164                huart1
 .bss.huart2    0x00000000200001a8       0x44 ./Core/Src/main.o
                0x00000000200001a8                huart2
 .bss.hdma_usart1_rx
                0x00000000200001ec       0x60 ./Core/Src/main.o
                0x00000000200001ec                hdma_usart1_rx
 .bss.hdma_usart1_tx
                0x000000002000024c       0x60 ./Core/Src/main.o
                0x000000002000024c                hdma_usart1_tx
 .bss.hdma_usart2_rx
                0x00000000200002ac       0x60 ./Core/Src/main.o
                0x00000000200002ac                hdma_usart2_rx
 .bss.hdma_usart2_tx
                0x000000002000030c       0x60 ./Core/Src/main.o
                0x000000002000030c                hdma_usart2_tx
 .bss.defaultTaskHandle
                0x000000002000036c        0x4 ./Core/Src/main.o
                0x000000002000036c                defaultTaskHandle
 .bss.GetDataTaskHandle
                0x0000000020000370        0x4 ./Core/Src/main.o
                0x0000000020000370                GetDataTaskHandle
 .bss.DebugTaskHandle
                0x0000000020000374        0x4 ./Core/Src/main.o
                0x0000000020000374                DebugTaskHandle
 .bss.SIM800SendTaskHandle
                0x0000000020000378        0x4 ./Core/Src/main.o
                0x0000000020000378                SIM800SendTaskHandle
 .bss.PINGTaskHandle
                0x000000002000037c        0x4 ./Core/Src/main.o
                0x000000002000037c                PINGTaskHandle
 .bss.SIM800StartTaskHandle
                0x0000000020000380        0x4 ./Core/Src/main.o
                0x0000000020000380                SIM800StartTaskHandle
 .bss.MQTTConnectTaskHandle
                0x0000000020000384        0x4 ./Core/Src/main.o
                0x0000000020000384                MQTTConnectTaskHandle
 .bss.MessHandlerTaskHandle
                0x0000000020000388        0x4 ./Core/Src/main.o
                0x0000000020000388                MessHandlerTaskHandle
 .bss.myTaskGetFirmHandle
                0x000000002000038c        0x4 ./Core/Src/main.o
                0x000000002000038c                myTaskGetFirmHandle
 .bss.debugQueueHandle
                0x0000000020000390        0x4 ./Core/Src/main.o
                0x0000000020000390                debugQueueHandle
 .bss.SIM800SendQueueHandle
                0x0000000020000394        0x4 ./Core/Src/main.o
                0x0000000020000394                SIM800SendQueueHandle
 .bss.RxSIM800QueueHandle
                0x0000000020000398        0x4 ./Core/Src/main.o
                0x0000000020000398                RxSIM800QueueHandle
 .bss.PingTimerHandle
                0x000000002000039c        0x4 ./Core/Src/main.o
                0x000000002000039c                PingTimerHandle
 .bss.DataTimerHandle
                0x00000000200003a0        0x4 ./Core/Src/main.o
                0x00000000200003a0                DataTimerHandle
 .bss.UART1MutexHandle
                0x00000000200003a4        0x4 ./Core/Src/main.o
                0x00000000200003a4                UART1MutexHandle
 .bss.PINGSemHandle
                0x00000000200003a8        0x4 ./Core/Src/main.o
                0x00000000200003a8                PINGSemHandle
 .bss.SemGetDataHandle
                0x00000000200003ac        0x4 ./Core/Src/main.o
                0x00000000200003ac                SemGetDataHandle
 .bss.Error_init
                0x00000000200003b0        0x1 ./Core/Src/main.o
                0x00000000200003b0                Error_init
 .bss.Error_ping
                0x00000000200003b1        0x1 ./Core/Src/main.o
                0x00000000200003b1                Error_ping
 .bss.Start_SIM800
                0x00000000200003b2        0x1 ./Core/Src/main.o
                0x00000000200003b2                Start_SIM800
 .bss.RX        0x00000000200003b3        0x1 ./Core/Src/main.o
                0x00000000200003b3                RX
 .bss.Broker_connect
                0x00000000200003b4        0x1 ./Core/Src/main.o
                0x00000000200003b4                Broker_connect
 .bss.Tech_ans_wait
                0x00000000200003b5        0x1 ./Core/Src/main.o
                0x00000000200003b5                Tech_ans_wait
 .bss.Get_data  0x00000000200003b6        0x1 ./Core/Src/main.o
                0x00000000200003b6                Get_data
 .bss.UART2_TX_finish
                0x00000000200003b7        0x1 ./Core/Src/main.o
                0x00000000200003b7                UART2_TX_finish
 .bss.UART2_RX_finish
                0x00000000200003b8        0x1 ./Core/Src/main.o
                0x00000000200003b8                UART2_RX_finish
 *fill*         0x00000000200003b9        0x3 
 .bss.RS485_buf
                0x00000000200003bc       0x14 ./Core/Src/main.o
                0x00000000200003bc                RS485_buf
 .bss.str_SIM800
                0x00000000200003d0       0x4c ./Core/Src/main.o
                0x00000000200003d0                str_SIM800
 .bss.SIM800BuffRx
                0x000000002000041c       0x4c ./Core/Src/main.o
                0x000000002000041c                SIM800BuffRx
 .bss.firmware_buf
                0x0000000020000468      0x190 ./Core/Src/main.o
                0x0000000020000468                firmware_buf
 .bss.Data_Queue
                0x00000000200005f8       0x46 ./Core/Src/main.o
                0x00000000200005f8                Data_Queue
 *fill*         0x000000002000063e        0x2 
 .bss.tmp4      0x0000000020000640        0x4 ./Core/Src/main.o
                0x0000000020000640                tmp4
 .bss.tmp5      0x0000000020000644        0x4 ./Core/Src/main.o
                0x0000000020000644                tmp5
 .bss.tmp6      0x0000000020000648        0x4 ./Core/Src/main.o
                0x0000000020000648                tmp6
 .bss.Size_of_firmwware
                0x000000002000064c        0x5 ./Core/Src/main.o
                0x000000002000064c                Size_of_firmwware
 *fill*         0x0000000020000651        0x3 
 .bss.htim1     0x0000000020000654       0x48 ./Core/Src/stm32f4xx_hal_timebase_tim.o
                0x0000000020000654                htim1
 .bss.__sbrk_heap_end
                0x000000002000069c        0x4 ./Core/Src/sysmem.o
 .bss.buf       0x00000000200006a0       0x40 ./Core/Src/w25qxx.o
                0x00000000200006a0                buf
 .bss.w25qxx    0x00000000200006e0       0x28 ./Core/Src/w25qxx.o