../Core/Src/main.c:243:5:main	8	static
../Core/Src/main.c:380:6:SystemClock_Config	88	static
../Core/Src/main.c:426:13:MX_I2C1_Init	8	static
../Core/Src/main.c:460:13:MX_SPI2_Init	8	static
../Core/Src/main.c:498:13:MX_USART2_UART_Init	8	static
../Core/Src/main.c:531:13:MX_USART6_UART_Init	8	static
../Core/Src/main.c:562:13:MX_DMA_Init	16	static
../Core/Src/main.c:590:13:MX_GPIO_Init	40	static
../Core/Src/main.c:651:6:HAL_UART_RxCpltCallback	16	static
../Core/Src/main.c:659:6:HAL_UART_TxCpltCallback	16	static
../Core/Src/main.c:667:6:SPI2_Init_Master	32	static
../Core/Src/main.c:692:6:Make_MQTT_send_string	24	static
../Core/Src/main.c:708:9:String_in_SIM800BuffRx	24	static
../Core/Src/main.c:731:9:String_in_String	32	static
../Core/Src/main.c:754:6:USER_UART_IRQHandler	24	static
../Core/Src/main.c:797:9:SIM800_Ans	24	static
../Core/Src/main.c:829:6:StartDefaultTask	16	static
../Core/Src/main.c:862:6:StartGetDataTask	144	static
../Core/Src/main.c:968:6:StartDebugTask	88	static
../Core/Src/main.c:990:6:StartSIM800SendTask	272	static
../Core/Src/main.c:1049:6:PINGStartTask	200	static
../Core/Src/main.c:1129:6:StartSIM800Task	96	static
../Core/Src/main.c:1296:6:StartMQTTConnectTask	248	static
../Core/Src/main.c:1473:6:StartMessHandlerTask	160	static
../Core/Src/main.c:1526:6:StartGetFirmware	312	static
../Core/Src/main.c:1829:6:CallbackPingTimer	16	static
../Core/Src/main.c:1837:6:CallbackDataTimer	16	static
../Core/Src/main.c:1852:6:HAL_TIM_PeriodElapsedCallback	16	static
../Core/Src/main.c:1869:6:Error_Handler	4	static,ignoring_inline_asm
