../Core/Src/main.c:241:5:main	8	static
../Core/Src/main.c:377:6:SystemClock_Config	88	static
../Core/Src/main.c:423:13:MX_I2C1_Init	8	static
../Core/Src/main.c:457:13:MX_SPI2_Init	8	static
../Core/Src/main.c:495:13:MX_USART1_UART_Init	8	static
../Core/Src/main.c:528:13:MX_USART2_UART_Init	8	static
../Core/Src/main.c:559:13:MX_DMA_Init	16	static
../Core/Src/main.c:587:13:MX_GPIO_Init	40	static
../Core/Src/main.c:648:6:HAL_UART_RxCpltCallback	16	static
../Core/Src/main.c:656:6:HAL_UART_TxCpltCallback	16	static
../Core/Src/main.c:664:6:SPI2_Init_Master	32	static
../Core/Src/main.c:689:6:Make_MQTT_send_string	24	static
../Core/Src/main.c:705:9:String_in_SIM800BuffRx	24	static
../Core/Src/main.c:728:9:String_in_String	32	static
../Core/Src/main.c:751:6:USER_UART_IRQHandler	24	static
../Core/Src/main.c:794:9:SIM800_Ans	24	static
../Core/Src/main.c:826:6:StartDefaultTask	16	static
../Core/Src/main.c:859:6:StartGetDataTask	112	static
../Core/Src/main.c:955:6:StartDebugTask	88	static
../Core/Src/main.c:977:6:StartSIM800SendTask	248	static
../Core/Src/main.c:1036:6:PINGStartTask	176	static
../Core/Src/main.c:1116:6:StartSIM800Task	96	static
../Core/Src/main.c:1283:6:StartMQTTConnectTask	224	static
../Core/Src/main.c:1460:6:StartMessHandlerTask	160	static
../Core/Src/main.c:1513:6:StartGetFirmware	288	static
../Core/Src/main.c:1816:6:CallbackPingTimer	16	static
../Core/Src/main.c:1824:6:CallbackDataTimer	16	static
../Core/Src/main.c:1839:6:HAL_TIM_PeriodElapsedCallback	16	static
../Core/Src/main.c:1856:6:Error_Handler	4	static,ignoring_inline_asm
