../Core/Src/main.c:245:5:main	8	static
../Core/Src/main.c:382:6:SystemClock_Config	88	static
../Core/Src/main.c:428:13:MX_I2C2_Init	8	static
../Core/Src/main.c:462:13:MX_SPI2_Init	8	static
../Core/Src/main.c:500:13:MX_USART1_UART_Init	8	static
../Core/Src/main.c:533:13:MX_USART2_UART_Init	8	static
../Core/Src/main.c:564:13:MX_DMA_Init	16	static
../Core/Src/main.c:598:13:MX_GPIO_Init	40	static
../Core/Src/main.c:643:6:HAL_UART_RxCpltCallback	16	static
../Core/Src/main.c:651:6:HAL_UART_TxCpltCallback	16	static
../Core/Src/main.c:659:6:SPI2_Init_Master	32	static
../Core/Src/main.c:684:6:Make_MQTT_send_string	24	static
../Core/Src/main.c:700:9:String_in_SIM800BuffRx	24	static
../Core/Src/main.c:723:9:String_in_String	32	static
../Core/Src/main.c:746:6:USER_UART_IRQHandler	24	static
../Core/Src/main.c:789:9:SIM800_Ans	24	static
../Core/Src/main.c:821:6:StartDefaultTask	16	static
../Core/Src/main.c:854:6:StartGetDataTask	144	static
../Core/Src/main.c:960:6:StartDebugTask	88	static
../Core/Src/main.c:982:6:StartSIM800SendTask	272	static
../Core/Src/main.c:1041:6:PINGStartTask	200	static
../Core/Src/main.c:1121:6:StartSIM800Task	96	static
../Core/Src/main.c:1288:6:StartMQTTConnectTask	248	static
../Core/Src/main.c:1465:6:StartMessHandlerTask	160	static
../Core/Src/main.c:1518:6:StartGetFirmware	312	static
../Core/Src/main.c:1821:6:CallbackPingTimer	16	static
../Core/Src/main.c:1829:6:CallbackDataTimer	16	static
../Core/Src/main.c:1844:6:HAL_TIM_PeriodElapsedCallback	16	static
../Core/Src/main.c:1861:6:Error_Handler	4	static,ignoring_inline_asm
