../Core/Src/main.c:228:5:main	8	static
../Core/Src/main.c:361:6:SystemClock_Config	88	static
../Core/Src/main.c:407:13:MX_I2C1_Init	8	static
../Core/Src/main.c:441:13:MX_SPI2_Init	8	static
../Core/Src/main.c:479:13:MX_USART1_UART_Init	8	static
../Core/Src/main.c:512:13:MX_USART2_UART_Init	8	static
../Core/Src/main.c:543:13:MX_DMA_Init	16	static
../Core/Src/main.c:571:13:MX_GPIO_Init	40	static
../Core/Src/main.c:628:6:SPI2_Init_Master	32	static
../Core/Src/main.c:653:6:Make_MQTT_send_string	24	static
../Core/Src/main.c:669:9:String_in_SIM800BuffRx	24	static
../Core/Src/main.c:692:9:String_in_String	32	static
../Core/Src/main.c:715:6:USER_UART_IRQHandler	24	static
../Core/Src/main.c:758:9:SIM800_Ans	24	static
../Core/Src/main.c:790:6:StartDefaultTask	16	static
../Core/Src/main.c:823:6:StartGetTempTask	96	static
../Core/Src/main.c:870:6:StartDebugTask	88	static
../Core/Src/main.c:892:6:StartSIM800SendTask	248	static
../Core/Src/main.c:951:6:PINGStartTask	176	static
../Core/Src/main.c:1031:6:StartSIM800Task	96	static
../Core/Src/main.c:1198:6:StartMQTTConnectTask	224	static
../Core/Src/main.c:1374:6:StartMessHandlerTask	160	static
../Core/Src/main.c:1432:6:StartGetFirmware	288	static
../Core/Src/main.c:1735:6:CallbackPingTimer	16	static
../Core/Src/main.c:1750:6:HAL_TIM_PeriodElapsedCallback	16	static
../Core/Src/main.c:1767:6:Error_Handler	4	static,ignoring_inline_asm
