../Core/Src/main.c:235:5:main	8	static
../Core/Src/main.c:371:6:SystemClock_Config	88	static
../Core/Src/main.c:417:13:MX_I2C1_Init	8	static
../Core/Src/main.c:451:13:MX_SPI2_Init	8	static
../Core/Src/main.c:489:13:MX_USART1_UART_Init	8	static
../Core/Src/main.c:522:13:MX_USART2_UART_Init	8	static
../Core/Src/main.c:553:13:MX_DMA_Init	16	static
../Core/Src/main.c:581:13:MX_GPIO_Init	40	static
../Core/Src/main.c:642:6:SPI2_Init_Master	32	static
../Core/Src/main.c:667:6:Make_MQTT_send_string	24	static
../Core/Src/main.c:683:9:String_in_SIM800BuffRx	24	static
../Core/Src/main.c:706:9:String_in_String	32	static
../Core/Src/main.c:729:6:USER_UART_IRQHandler	24	static
../Core/Src/main.c:772:9:SIM800_Ans	24	static
../Core/Src/main.c:804:6:StartDefaultTask	16	static
../Core/Src/main.c:837:6:StartGetDataTask	104	static
../Core/Src/main.c:876:6:StartDebugTask	88	static
../Core/Src/main.c:898:6:StartSIM800SendTask	248	static
../Core/Src/main.c:957:6:PINGStartTask	176	static
../Core/Src/main.c:1037:6:StartSIM800Task	96	static
../Core/Src/main.c:1204:6:StartMQTTConnectTask	224	static
../Core/Src/main.c:1381:6:StartMessHandlerTask	160	static
../Core/Src/main.c:1434:6:StartGetFirmware	288	static
../Core/Src/main.c:1737:6:CallbackPingTimer	16	static
../Core/Src/main.c:1745:6:CallbackDataTimer	16	static
../Core/Src/main.c:1760:6:HAL_TIM_PeriodElapsedCallback	16	static
../Core/Src/main.c:1777:6:Error_Handler	4	static,ignoring_inline_asm
